<html>
<body>
<pre>
<h1>µVision Build Log</h1>
<h2>Tool Versions:</h2>
IDE-Version: µVision V5.24.2.0
Copyright (C) 2017 ARM Ltd and ARM Germany GmbH. All rights reserved.
License Information: Lucas Kaminski, UTFPR, LIC=X1ERA-1JA8P-YBIE9-4Z9Q2-9TM5L-L63C2
 
Tool Versions:
Toolchain:       MDK-ARM Professional  Version: 5.24.1
Toolchain Path:  C:\Keil_v5\ARM\ARMCC\Bin
C Compiler:      Armcc.exe V5.06 update 5 (build 528)
Assembler:       Armasm.exe V5.06 update 5 (build 528)
Linker/Locator:  ArmLink.exe V5.06 update 5 (build 528)
Library Manager: ArmAr.exe V5.06 update 5 (build 528)
Hex Converter:   FromElf.exe V5.06 update 5 (build 528)
CPU DLL:         SARMCM3.DLL V5.24.1
Dialog DLL:      DCM.DLL V1.16.0.0
Target DLL:      lmidk-agdi.dll V???
Dialog DLL:      TCM.DLL V1.32.0.0
 
<h2>Project:</h2>
D:\Main\git\Sistemas_embarcados\Lab4\ProjectFiles\base_project.uvprojx
Project File Date:  05/22/2018

<h2>Output:</h2>
*** Using Compiler 'V5.06 update 5 (build 528)', folder: 'C:\Keil_v5\ARM\ARMCC\Bin'
*** Note: Rebuilding project, since 'Options->Output->Create Batch File' is selected.
Rebuild Project 'base_project' - Target 'TM4C129 Flash'
compiling uart_functions.c...
D:\Main\git\Sistemas_embarcados\Lab4\ProjectFiles\uart_functions.h(75): warning:  #1295-D: Deprecated declaration initUART - give arg types
  void initUART();
D:\Main\git\Sistemas_embarcados\Lab4\ProjectFiles\uart_functions.h(81): warning:  #1295-D: Deprecated declaration readUART - give arg types
  uint8_t readUART();
D:\Main\git\Sistemas_embarcados\Lab4\ProjectFiles\uart_functions.h(84): warning:  #1295-D: Deprecated declaration UART0_Handler - give arg types
  void UART0_Handler();
D:\Main\git\Sistemas_embarcados\Lab4\ProjectFiles\uart_functions.h(89): warning:  #1-D: last line of file ends without a newline
  #endif
D:\Main\git\Sistemas_embarcados\Lab4\ProjectFiles\uart_functions.c(57): warning:  #1-D: last line of file ends without a newline
  }
uart_functions.c: 5 warnings, 0 errors
compiling Lab4.c...
D:\Main\git\Sistemas_embarcados\Lab4\ProjectFiles\uart_functions.h(75): warning:  #1295-D: Deprecated declaration initUART - give arg types
  void initUART();
D:\Main\git\Sistemas_embarcados\Lab4\ProjectFiles\uart_functions.h(81): warning:  #1295-D: Deprecated declaration readUART - give arg types
  uint8_t readUART();
D:\Main\git\Sistemas_embarcados\Lab4\ProjectFiles\uart_functions.h(84): warning:  #1295-D: Deprecated declaration UART0_Handler - give arg types
  void UART0_Handler();
D:\Main\git\Sistemas_embarcados\Lab4\ProjectFiles\uart_functions.h(89): warning:  #1-D: last line of file ends without a newline
  #endif
D:\Main\git\Sistemas_embarcados\Lab4\ProjectFiles\rgb.h(66): warning:  #1-D: last line of file ends without a newline
  #endif //__RGB_H__
D:\Main\git\Sistemas_embarcados\Lab4\ProjectFiles\opt.h(20): warning:  #1295-D: Deprecated declaration opt_init - give arg types
  extern void  opt_init();
D:\Main\git\Sistemas_embarcados\Lab4\ProjectFiles\opt.h(21): warning:  #1295-D: Deprecated declaration opt_read - give arg types
  extern uint16_t opt_read();
D:\Main\git\Sistemas_embarcados\Lab4\ProjectFiles\opt.h(22): warning:  #1295-D: Deprecated declaration opt_read_lux - give arg types
  extern uint32_t opt_read_lux();
D:\Main\git\Sistemas_embarcados\Lab4\ProjectFiles\opt.h(24): warning:  #1-D: last line of file ends without a newline
  #endif //__OPT_H__
D:\Main\git\Sistemas_embarcados\Lab4\ProjectFiles\buttons.h(5): warning:  #1295-D: Deprecated declaration button_init - give arg types
  extern void button_init();
D:\Main\git\Sistemas_embarcados\Lab4\ProjectFiles\buttons.h(6): warning:  #1295-D: Deprecated declaration button_read_s1 - give arg types
  extern 
ool button_read_s1();
D:\Main\git\Sistemas_embarcados\Lab4\ProjectFiles\buttons.h(7): warning:  #1295-D: Deprecated declaration button_read_s2 - give arg types
  extern 
ool button_read_s2();
D:\Main\git\Sistemas_embarcados\Lab4\ProjectFiles\buttons.h(9): warning:  #1-D: last line of file ends without a newline
  #endif //__BUTTONS_H
D:\Main\git\Sistemas_embarcados\Lab4\ProjectFiles\joy.h(20): warning:  #1295-D: Deprecated declaration joy_read_center - give arg types
  extern 
ool joy_read_center();
D:\Main\git\Sistemas_embarcados\Lab4\ProjectFiles\Lab4.c(84): warning:  #550-D: variable "value_red_led"  was set but never used
        uint8_t value_red_led, value_green_led, value_blue_led;
D:\Main\git\Sistemas_embarcados\Lab4\ProjectFiles\Lab4.c(84): warning:  #550-D: variable "value_green_led"  was set but never used
        uint8_t value_red_led, value_green_led, value_blue_led;
D:\Main\git\Sistemas_embarcados\Lab4\ProjectFiles\Lab4.c(84): warning:  #177-D: variable "value_blue_led"  was declared but never referenced
        uint8_t value_red_led, value_green_led, value_blue_led;
D:\Main\git\Sistemas_embarcados\Lab4\ProjectFiles\Lab4.c(184): warning:  #1-D: last line of file ends without a newline
  }
Lab4.c: 18 warnings, 0 errors
compiling buzzer.c...
D:\Main\git\Sistemas_embarcados\Lab4\ProjectFiles\buzzer.h(18): warning:  #1295-D: Deprecated declaration buzzer_init - give arg types
  extern void buzzer_init();
D:\Main\git\Sistemas_embarcados\Lab4\ProjectFiles\buzzer.h(23): warning:  #1-D: last line of file ends without a newline
  #endif //__BUZZER_H
D:\Main\git\Sistemas_embarcados\Lab4\ProjectFiles\buzzer.c(162): warning:  #1-D: last line of file ends without a newline
  }
D:\Main\git\Sistemas_embarcados\Lab4\ProjectFiles\buzzer.c(31): warning:  #550-D: variable "g_ui32SysClock"  was set but never used
  static uint32_t g_ui32SysClock;
D:\Main\git\Sistemas_embarcados\Lab4\ProjectFiles\buzzer.c(33): warning:  #550-D: variable "g_current_per"  was set but never used
  static uint16_t g_current_per;
buzzer.c: 5 warnings, 0 errors
compiling accel.c...
D:\Main\git\Sistemas_embarcados\Lab4\ProjectFiles\accel.c(89): warning:  #1-D: last line of file ends without a newline
  }
accel.c: 1 warning, 0 errors
compiling buttons.c...
D:\Main\git\Sistemas_embarcados\Lab4\ProjectFiles\buttons.h(5): warning:  #1295-D: Deprecated declaration button_init - give arg types
  extern void button_init();
D:\Main\git\Sistemas_embarcados\Lab4\ProjectFiles\buttons.h(6): warning:  #1295-D: Deprecated declaration button_read_s1 - give arg types
  extern 
ool button_read_s1();
D:\Main\git\Sistemas_embarcados\Lab4\ProjectFiles\buttons.h(7): warning:  #1295-D: Deprecated declaration button_read_s2 - give arg types
  extern 
ool button_read_s2();
D:\Main\git\Sistemas_embarcados\Lab4\ProjectFiles\buttons.h(9): warning:  #1-D: last line of file ends without a newline
  #endif //__BUTTONS_H
buttons.c: 4 warnings, 0 errors
compiling cfaf128x128x16.c...
D:\Main\git\Sistemas_embarcados\Lab4\ProjectFiles\cfaf128x128x16.c(880): warning:  #1-D: last line of file ends without a newline
  //*****************************************************************************
D:\Main\git\Sistemas_embarcados\Lab4\ProjectFiles\cfaf128x128x16.c(770): warning:  #177-D: function "ssiSetDataMode"  was declared but never referenced
  ssiSetDataMode(uint8_t mode) {
D:\Main\git\Sistemas_embarcados\Lab4\ProjectFiles\cfaf128x128x16.c(777): warning:  #177-D: function "ssiSetClockDivider"  was declared but never referenced
  ssiSetClockDivider(uint8_t divider){
cfaf128x128x16.c: 3 warnings, 0 errors
compiling led.c...
compiling mic.c...
D:\Main\git\Sistemas_embarcados\Lab4\ProjectFiles\mic.h(23): warning:  #1-D: last line of file ends without a newline
  #endif //__MIC_H__
D:\Main\git\Sistemas_embarcados\Lab4\ProjectFiles\mic.c(91): warning:  #1-D: last line of file ends without a newline
  }
mic.c: 2 warnings, 0 errors
compiling opt.c...
D:\Main\git\Sistemas_embarcados\Lab4\ProjectFiles\opt.h(20): warning:  #1295-D: Deprecated declaration opt_init - give arg types
  extern void  opt_init();
D:\Main\git\Sistemas_embarcados\Lab4\ProjectFiles\opt.h(21): warning:  #1295-D: Deprecated declaration opt_read - give arg types
  extern uint16_t opt_read();
D:\Main\git\Sistemas_embarcados\Lab4\ProjectFiles\opt.h(22): warning:  #1295-D: Deprecated declaration opt_read_lux - give arg types
  extern uint32_t opt_read_lux();
D:\Main\git\Sistemas_embarcados\Lab4\ProjectFiles\opt.h(24): warning:  #1-D: last line of file ends without a newline
  #endif //__OPT_H__
D:\Main\git\Sistemas_embarcados\Lab4\ProjectFiles\opt.c(149): warning:  #128-D: loop is not reachable
                while(i < n){
D:\Main\git\Sistemas_embarcados\Lab4\ProjectFiles\opt.c(195): warning:  #128-D: loop is not reachable
                while(i < n-1){
D:\Main\git\Sistemas_embarcados\Lab4\ProjectFiles\opt.c(330): warning:  #177-D: variable "temp"  was declared but never referenced
                uint64_t temp = 0;
D:\Main\git\Sistemas_embarcados\Lab4\ProjectFiles\opt.c(60): warning:  #550-D: variable "mid"  was set but never used
  static uint16_t mid, did;
D:\Main\git\Sistemas_embarcados\Lab4\ProjectFiles\opt.c(60): warning:  #550-D: variable "did"  was set but never used
  static uint16_t mid, did;
D:\Main\git\Sistemas_embarcados\Lab4\ProjectFiles\opt.c(86): warning:  #177-D: variable "g_mid"  was declared but never referenced
  static uint16_t g_mid, g_did, g_timeout_count;
D:\Main\git\Sistemas_embarcados\Lab4\ProjectFiles\opt.c(86): warning:  #177-D: variable "g_did"  was declared but never referenced
  static uint16_t g_mid, g_did, g_timeout_count;
opt.c: 11 warnings, 0 errors
compiling rgb.c...
D:\Main\git\Sistemas_embarcados\Lab4\ProjectFiles\rgb.h(66): warning:  #1-D: last line of file ends without a newline
  #endif //__RGB_H__
D:\Main\git\Sistemas_embarcados\Lab4\ProjectFiles\rgb.c(290): warning:  #1-D: last line of file ends without a newline
  }
rgb.c: 2 warnings, 0 errors
compiling servo.c...
D:\Main\git\Sistemas_embarcados\Lab4\ProjectFiles\servo.h(27): warning:  #1295-D: Deprecated declaration servo_init - give arg types
  extern void servo_init();
D:\Main\git\Sistemas_embarcados\Lab4\ProjectFiles\servo.c(59): warning:  #550-D: variable "g_ui32SysClock"  was set but never used
  static uint32_t g_ui32SysClock;
servo.c: 2 warnings, 0 errors
compiling joy.c...
D:\Main\git\Sistemas_embarcados\Lab4\ProjectFiles\joy.h(20): warning:  #1295-D: Deprecated declaration joy_read_center - give arg types
  extern 
ool joy_read_center();
D:\Main\git\Sistemas_embarcados\Lab4\ProjectFiles\joy.c(102): warning:  #1-D: last line of file ends without a newline
  }
joy.c: 2 warnings, 0 errors
compiling temp.c...
D:\Main\git\Sistemas_embarcados\Lab4\ProjectFiles\temp.h(23): warning:  #1-D: last line of file ends without a newline
  #endif //__TEMP_H__
D:\Main\git\Sistemas_embarcados\Lab4\ProjectFiles\temp.c(158): warning:  #128-D: loop is not reachable
                while(i < n){
D:\Main\git\Sistemas_embarcados\Lab4\ProjectFiles\temp.c(207): warning:  #128-D: loop is not reachable
                while(i < n-1){
D:\Main\git\Sistemas_embarcados\Lab4\ProjectFiles\temp.c(303): warning:  #177-D: variable "temp"  was declared but never referenced
        uint64_t temp = 0;
D:\Main\git\Sistemas_embarcados\Lab4\ProjectFiles\temp.c(94): warning:  #550-D: variable "g_mid"  was set but never used
  static uint16_t g_mid, g_did, g_timeout_count;
D:\Main\git\Sistemas_embarcados\Lab4\ProjectFiles\temp.c(94): warning:  #550-D: variable "g_did"  was set but never used
  static uint16_t g_mid, g_did, g_timeout_count;
temp.c: 6 warnings, 0 errors
compiling RTX_Conf_CM.c...
assembling startup_TM4C129.s...
compiling system_TM4C129.c...
linking...
Program Size: Code=9044 RO-data=2176 RW-data=108 ZI-data=10236  
".\Flash\base_project.axf" - 0 Error(s), 61 Warning(s).

<h2>Software Packages used:</h2>

Package Vendor: ARM
                http://www.keil.com/pack/ARM.CMSIS.5.0.1.pack
                ARM.CMSIS.5.0.1
                CMSIS (Cortex Microcontroller Software Interface Standard)
   * Component: Keil RTX Version: 4.81.0
   * Component: CORE Version: 5.0.1
   * Component: RTOS Version: 1.0.0

Package Vendor: Keil
                http://www.keil.com/pack/Keil.TM4C_DFP.1.1.0.pack
                Keil.TM4C_DFP.1.1.0
                Texas Instruments Tiva C Series Device Support and Examples
   * Component: Startup Version: 1.0.0

<h2>Collection of Component include folders:</h2>
  .\RTE\_TM4C129_Flash
  C:\Keil_v5\ARM\PACK\ARM\CMSIS\5.0.1\CMSIS\Include
  C:\Keil_v5\ARM\PACK\ARM\CMSIS\5.0.1\CMSIS\RTOS\RTX\INC
  C:\Keil_v5\ARM\PACK\Keil\TM4C_DFP\1.1.0\Device\Include\TM4C129

<h2>Collection of Component Files used:</h2>

   * Component: Keil::Device:Startup:1.0.0
      Include file:  Device\Include\TM4C129\TM4C129.h
      Source file:   Device\Source\system_TM4C129.c
      Source file:   Device\Source\ARM\startup_TM4C129.s

   * Component: ARM::CMSIS:RTOS:Keil RTX:4.81.0
      Source file:   CMSIS\RTOS\RTX\UserCodeTemplates\MsgQueue.c
      Source file:   CMSIS\RTOS\RTX\UserCodeTemplates\main.c
      Source file:   CMSIS\RTOS\RTX\UserCodeTemplates\Semaphore.c
      Source file:   CMSIS\RTOS\RTX\UserCodeTemplates\Timer.c
      Source file:   CMSIS\RTOS\RTX\SRC\ARM\SVC_Table.s
      Include file:  CMSIS\RTOS\RTX\INC\cmsis_os.h
      Source file:   CMSIS\RTOS\RTX\Templates\RTX_Conf_CM.c
      Include file:  CMSIS\RTOS\RTX\UserCodeTemplates\osObjects.h
      Source file:   CMSIS\RTOS\RTX\UserCodeTemplates\Thread.c
      Source file:   CMSIS\RTOS\RTX\UserCodeTemplates\MailQueue.c
      Source file:   CMSIS\RTOS\RTX\UserCodeTemplates\Mutex.c
      Source file:   CMSIS\RTOS\RTX\UserCodeTemplates\MemPool.c
      Library file:  CMSIS\RTOS\RTX\LIB\ARM\RTX_CM4.lib

   * Component: ARM::CMSIS:CORE:5.0.1

   * Component: ::CMSIS:RTOS:1.0.0 (API)
Build Time Elapsed:  00:00:04
</pre>
</body>
</html>
