Component: ARM Compiler 5.06 update 5 (build 528) Tool: armlink [4d35e2]

==============================================================================

Section Cross References

    enduro.o(.text) refers to rt_cmsis.o(i.osSignalSet) for osSignalSet
    enduro.o(.text) refers to rt_cmsis.o(i.osTimerStart) for osTimerStart
    enduro.o(.text) refers to rt_cmsis.o(i.osSignalWait) for osSignalWait
    enduro.o(.text) refers to joy.o(.text) for joy_read_x
    enduro.o(.text) refers to buttons.o(.text) for button_read_s1
    enduro.o(.text) refers to rt_cmsis.o(i.osKernelSysTick) for osKernelSysTick
    enduro.o(.text) refers to rand.o(.text) for srand
    enduro.o(.text) refers to rand.o(.emb_text) for rand
    enduro.o(.text) refers to rt_cmsis.o(i.osMutexWait) for osMutexWait
    enduro.o(.text) refers to rt_cmsis.o(i.osMutexRelease) for osMutexRelease
    enduro.o(.text) refers to graphic_functions.o(.text) for clear_image
    enduro.o(.text) refers to h1_free_mt.o(.text) for free
    enduro.o(.text) refers to h1_alloc_mt.o(.text) for malloc
    enduro.o(.text) refers to mountain.o(.text) for new_mountain
    enduro.o(.text) refers to buzzer.o(.text) for buzzer_write
    enduro.o(.text) refers to enduro.o(.data) for .data
    enduro.o(.text) refers to rt_memcpy_w.o(.text) for __aeabi_memcpy4
    enduro.o(.text) refers to dflt_clz.o(x$fpl$dflt) for __aeabi_i2d
    enduro.o(.text) refers to ddiv.o(x$fpl$ddiv) for __aeabi_ddiv
    enduro.o(.text) refers to dleqf.o(x$fpl$dleqf) for __aeabi_cdcmple
    enduro.o(.text) refers to utils.o(.text) for difference
    enduro.o(.text) refers to car.o(.text) for new_car
    enduro.o(.text) refers to image.o(.text) for switch_image
    enduro.o(.text) refers to console.o(.text) for new_console
    enduro.o(.text) refers to enduro.o(.bss) for .bss
    enduro.o(.text) refers to car.o(.constdata) for CAR_BIG_ARRAY
    enduro.o(.text) refers to datatypes.o(.text) for new_matrix_image
    enduro.o(.text) refers to cfaf128x128x16.o(.text) for cfaf128x128x16Init
    enduro.o(.text) refers to context.o(i.GrContextInit) for GrContextInit
    enduro.o(.text) refers to rt_cmsis.o(i.osKernelInitialize) for osKernelInitialize
    enduro.o(.text) refers to rt_cmsis.o(i.osMutexCreate) for osMutexCreate
    enduro.o(.text) refers to rt_cmsis.o(i.osThreadCreate) for osThreadCreate
    enduro.o(.text) refers to rt_cmsis.o(i.osTimerCreate) for osTimerCreate
    enduro.o(.text) refers to rt_cmsis.o(i.osKernelStart) for osKernelStart
    enduro.o(.text) refers to rt_cmsis.o(i.osDelay) for osDelay
    enduro.o(.text) refers to cfaf128x128x16.o(.constdata) for g_sCfaf128x128x16
    enduro.o(.text) refers to enduro.o(.constdata) for .constdata
    enduro.o(.constdata) refers to enduro.o(.bss) for os_mutex_cb_MutexConsole
    enduro.o(.constdata) refers to enduro.o(.bss) for os_mutex_cb_GameMutex
    enduro.o(.constdata) refers to enduro.o(.text) for timer_game_frames
    enduro.o(.constdata) refers to enduro.o(.bss) for os_timer_cb_timer_game
    image.o(.text) refers to h1_alloc_mt.o(.text) for malloc
    image.o(.text) refers to h1_free_mt.o(.text) for free
    datatypes.o(.text) refers to h1_alloc_mt.o(.text) for malloc
    datatypes.o(.text) refers to h1_free_mt.o(.text) for free
    graphic_functions.o(.text) refers to f2d.o(x$fpl$f2d) for __aeabi_f2d
    graphic_functions.o(.text) refers to daddsub_clz.o(x$fpl$dadd) for __aeabi_dadd
    graphic_functions.o(.text) refers to d2f.o(x$fpl$d2f) for __aeabi_d2f
    graphic_functions.o(.text) refers to string.o(i.GrContextFontSet) for GrContextFontSet
    graphic_functions.o(.text) refers to string.o(i.GrStringDraw) for GrStringDraw
    graphic_functions.o(.text) refers to utils.o(.text) for intToString
    graphic_functions.o(.text) refers to datatypes.o(.text) for invert_image_axis_y
    graphic_functions.o(.text) refers to fontfixed6x8.o(.constdata) for g_sFontFixed6x8
    car.o(.text) refers to h1_alloc_mt.o(.text) for malloc
    car.o(.text) refers to image.o(.text) for new_image
    car.o(.text) refers to h1_free_mt.o(.text) for free
    car.o(.text) refers to car.o(.constdata) for .constdata
    console.o(.text) refers to h1_alloc_mt.o(.text) for malloc
    console.o(.text) refers to image.o(.text) for new_image
    console.o(.text) refers to console.o(.constdata) for .constdata
    mountain.o(.text) refers to h1_alloc_mt.o(.text) for malloc
    mountain.o(.text) refers to image.o(.text) for new_image
    mountain.o(.text) refers to mountain.o(.constdata) for .constdata
    utils.o(.text) refers to llsdiv.o(.text) for __aeabi_ldivmod
    utils.o(.text) refers to utils.o(.data) for .data
    utils.o(.data) refers to utils.o(.conststring) for .conststring
    buzzer.o(.text) refers to pwm.o(i.PWMClockSet) for PWMClockSet
    buzzer.o(.text) refers to pwm.o(i.PWMOutputState) for PWMOutputState
    buzzer.o(.text) refers to pwm.o(i.PWMGenPeriodGet) for PWMGenPeriodGet
[...]
    __rt_entry_postli_1                      0x00000297   Thumb Code     0  __rtentry2.o(.ARM.Collect$$rtentry$$0000000B)
    __rt_entry_main                          0x0000029f   Thumb Code     0  __rtentry2.o(.ARM.Collect$$rtentry$$0000000D)
    __rt_exit                                0x000002a7   Thumb Code     0  rtexit.o(.ARM.Collect$$rtexit$$00000000)
    __rt_exit_ls                             0x000002a9   Thumb Code     0  rtexit2.o(.ARM.Collect$$rtexit$$00000003)
    __rt_exit_prels_1                        0x000002a9   Thumb Code     0  rtexit2.o(.ARM.Collect$$rtexit$$00000002)
    __rt_exit_exit                           0x000002ad   Thumb Code     0  rtexit2.o(.ARM.Collect$$rtexit$$00000004)
    _platform_post_lib_init                  0x000002b5   Thumb Code    24  rtx_conf_cm.o(.emb_text)
    rt_set_PSP                               0x000002d1   Thumb Code     6  hal_cm4.o(.emb_text)
    rt_get_PSP                               0x000002d7   Thumb Code     6  hal_cm4.o(.emb_text)
    os_set_env                               0x000002dd   Thumb Code    24  hal_cm4.o(.emb_text)
    _alloc_box                               0x000002f9   Thumb Code    28  hal_cm4.o(.emb_text)
    _free_box                                0x00000319   Thumb Code    28  hal_cm4.o(.emb_text)
    SVC_Handler                              0x00000339   Thumb Code   168  hal_cm4.o(.emb_text)
    PendSV_Handler                           0x000003f1   Thumb Code    96  hal_cm4.o(.emb_text)
    SysTick_Handler                          0x00000455   Thumb Code     8  hal_cm4.o(.emb_text)
    OS_Tick_Handler                          0x0000045d   Thumb Code    12  hal_cm4.o(.emb_text)
    rand                                     0x00000469   Thumb Code    48  rand.o(.emb_text)
    __RL_RTX_VER                             0x00000482   Number         0  rt_system.o ABSOLUTE
    _maybe_terminate_alloc                   0x0000049d   Thumb Code     0  maybetermalloc1.o(.emb_text)
    timer_game_frames                        0x0000049d   Thumb Code    10  enduro.o(.text)
    fputc                                    0x000004a7   Thumb Code    36  enduro.o(.text)
    start_game_clock_timer                   0x000004cb   Thumb Code    10  enduro.o(.text)
    user_input                               0x000004d5   Thumb Code   132  enduro.o(.text)
    set_current_weather                      0x00000559   Thumb Code    70  enduro.o(.text)
    weather_manager                          0x0000059f   Thumb Code    46  enduro.o(.text)
    runway_manager                           0x000005cd   Thumb Code    84  enduro.o(.text)
    car_handle_colision                      0x00000621   Thumb Code    78  enduro.o(.text)
    car_manager                              0x0000066f   Thumb Code   196  enduro.o(.text)
    game_time_manager                        0x00000733   Thumb Code    74  enduro.o(.text)
    delete_enemy_car                         0x0000077d   Thumb Code    66  enduro.o(.text)
    game_manager                             0x000007bf   Thumb Code   342  enduro.o(.text)
    menu                                     0x00000915   Thumb Code    70  enduro.o(.text)
    enemy_vehicles                           0x0000095b   Thumb Code   674  enduro.o(.text)
    player_vehicle                           0x00000bfd   Thumb Code   122  enduro.o(.text)
    trajectory_manager                       0x00000c77   Thumb Code    96  enduro.o(.text)
    game_stats                               0x00000cd7   Thumb Code   152  enduro.o(.text)
    collision_detection_runway               0x00000d6f   Thumb Code    54  enduro.o(.text)
    collision_detection_enemies              0x00000da5   Thumb Code   116  enduro.o(.text)
    collision_detection                      0x00000e19   Thumb Code    56  enduro.o(.text)
    graphics                                 0x00000e51   Thumb Code   154  enduro.o(.text)
    user_output                              0x00000eeb   Thumb Code   154  enduro.o(.text)
    main                                     0x00000f85   Thumb Code   224  enduro.o(.text)
    new_image                                0x00001075   Thumb Code    22  image.o(.text)
    switch_image                             0x0000108b   Thumb Code    26  image.o(.text)
    swap                                     0x000010a5   Thumb Code    10  datatypes.o(.text)
    new_matrix_image                         0x000010af   Thumb Code    84  datatypes.o(.text)
    delete_matrix_image                      0x00001103   Thumb Code    54  datatypes.o(.text)
    invert_image_axis_x                      0x00001139   Thumb Code    58  datatypes.o(.text)
    invert_image_axis_y                      0x00001173   Thumb Code    54  datatypes.o(.text)
    clear_image                              0x000011a9   Thumb Code    40  graphic_functions.o(.text)
    set_weather                              0x000011d1   Thumb Code   108  graphic_functions.o(.text)
    draw_background                          0x0000123d   Thumb Code   116  graphic_functions.o(.text)
    draw_image                               0x000012b1   Thumb Code   230  graphic_functions.o(.text)
    draw_mountain                            0x00001397   Thumb Code    28  graphic_functions.o(.text)
    _getPt                                   0x000013b3   Thumb Code    10  graphic_functions.o(.text)
    draw_bezier_curve                        0x000013bd   Thumb Code   228  graphic_functions.o(.text)
    bezier_curve_car                         0x000014a1   Thumb Code   218  graphic_functions.o(.text)
    draw_car                                 0x0000157b   Thumb Code   218  graphic_functions.o(.text)
    draw_console                             0x00001655   Thumb Code    26  graphic_functions.o(.text)
    draw_menu                                0x0000166f   Thumb Code   324  graphic_functions.o(.text)
    draw_line                                0x000017b3   Thumb Code   154  graphic_functions.o(.text)
    draw_runway                              0x0000184d   Thumb Code   224  graphic_functions.o(.text)
    update_display                           0x0000192d   Thumb Code   128  graphic_functions.o(.text)
    update_console                           0x000019ad   Thumb Code   270  graphic_functions.o(.text)
    new_car                                  0x00001abd   Thumb Code   142  car.o(.text)
    delete_car                               0x00001b4b   Thumb Code     4  car.o(.text)
    new_console                              0x00001b5d   Thumb Code    42  console.o(.text)
    new_mountain                             0x00001b8d   Thumb Code    42  mountain.o(.text)
    intToString                              0x00001bbd   Thumb Code   202  utils.o(.text)
    difference                               0x00001c87   Thumb Code    12  utils.o(.text)
    buzzer_write                             0x00001ce5   Thumb Code    14  buzzer.o(.text)
    buzzer_vol_set                           0x00001cf3   Thumb Code    54  buzzer.o(.text)
    buzzer_per_set                           0x00001d29   Thumb Code    48  buzzer.o(.text)
    buzzer_init                              0x00001d59   Thumb Code   120  buzzer.o(.text)
    button_init                              0x00001ded   Thumb Code    42  buttons.o(.text)
    button_read_s1                           0x00001e17   Thumb Code    20  buttons.o(.text)
    button_read_s2                           0x00001e2b   Thumb Code    20  buttons.o(.text)
    cfaf128x128x16Rect                       0x00001fd9   Thumb Code   100  cfaf128x128x16.o(.text)
    cfaf128x128x16LineVer                    0x0000203d   Thumb Code    22  cfaf128x128x16.o(.text)
    cfaf128x128x16LineHor                    0x00002053   Thumb Code    16  cfaf128x128x16.o(.text)
    cfaf128x128x16Dot                        0x00002063   Thumb Code    22  cfaf128x128x16.o(.text)
    cfaf128x128x16SetOrientation             0x000022bd   Thumb Code    70  cfaf128x128x16.o(.text)
    cfaf128x128x16ClearColor                 0x00002303   Thumb Code    36  cfaf128x128x16.o(.text)
    cfaf128x128x16Clear                      0x00002327   Thumb Code     4  cfaf128x128x16.o(.text)
    InitSSICom                               0x0000232b   Thumb Code   138  cfaf128x128x16.o(.text)
    cfaf128x128x16Init                       0x000023b5   Thumb Code   322  cfaf128x128x16.o(.text)
    joy_init                                 0x00002545   Thumb Code    46  joy.o(.text)
    joy_read_center                          0x000025db   Thumb Code    20  joy.o(.text)
    joy_read_x                               0x000025ef   Thumb Code     8  joy.o(.text)
    joy_read_y                               0x000025f7   Thumb Code     8  joy.o(.text)
    os_idle_demon                            0x00002615   Thumb Code     2  rtx_conf_cm.o(.text)
    os_error                                 0x00002617   Thumb Code     2  rtx_conf_cm.o(.text)
    __user_perthread_libspace                0x00002619   Thumb Code    32  rtx_conf_cm.o(.text)
    _mutex_initialize                        0x00002639   Thumb Code    34  rtx_conf_cm.o(.text)
    _mutex_acquire                           0x0000265b   Thumb Code    22  rtx_conf_cm.o(.text)
    _mutex_release                           0x00002671   Thumb Code    18  rtx_conf_cm.o(.text)
    Reset_Handler                            0x000026a1   Thumb Code     8  startup_tm4c129.o(.text)
    NMI_Handler                              0x000026a9   Thumb Code     2  startup_tm4c129.o(.text)
    HardFault_Handler                        0x000026ab   Thumb Code     2  startup_tm4c129.o(.text)
    MemManage_Handler                        0x000026ad   Thumb Code     2  startup_tm4c129.o(.text)
    BusFault_Handler                         0x000026af   Thumb Code     2  startup_tm4c129.o(.text)
    UsageFault_Handler                       0x000026b1   Thumb Code     2  startup_tm4c129.o(.text)
    DebugMon_Handler                         0x000026b5   Thumb Code     2  startup_tm4c129.o(.text)
    GPIOA_Handler                            0x000026bb   Thumb Code     2  startup_tm4c129.o(.text)
    GPIOB_Handler                            0x000026bd   Thumb Code     2  startup_tm4c129.o(.text)
    GPIOC_Handler                            0x000026bf   Thumb Code     2  startup_tm4c129.o(.text)
    GPIOD_Handler                            0x000026c1   Thumb Code     2  startup_tm4c129.o(.text)
    GPIOE_Handler                            0x000026c3   Thumb Code     2  startup_tm4c129.o(.text)
    UART0_Handler                            0x000026c5   Thumb Code     2  startup_tm4c129.o(.text)
    UART1_Handler                            0x000026c7   Thumb Code     2  startup_tm4c129.o(.text)
    SSI0_Handler                             0x000026c9   Thumb Code     2  startup_tm4c129.o(.text)
    I2C0_Handler                             0x000026cb   Thumb Code     2  startup_tm4c129.o(.text)
    PMW0_FAULT_Handler                       0x000026cd   Thumb Code     2  startup_tm4c129.o(.text)
    PWM0_0_Handler                           0x000026cf   Thumb Code     2  startup_tm4c129.o(.text)
    PWM0_1_Handler                           0x000026d1   Thumb Code     2  startup_tm4c129.o(.text)
    PWM0_2_Handler                           0x000026d3   Thumb Code     2  startup_tm4c129.o(.text)
    QEI0_Handler                             0x000026d5   Thumb Code     2  startup_tm4c129.o(.text)
    ADC0SS0_Handler                          0x000026d7   Thumb Code     2  startup_tm4c129.o(.text)
    ADC0SS1_Handler                          0x000026d9   Thumb Code     2  startup_tm4c129.o(.text)
    ADC0SS2_Handler                          0x000026db   Thumb Code     2  startup_tm4c129.o(.text)
    ADC0SS3_Handler                          0x000026dd   Thumb Code     2  startup_tm4c129.o(.text)
    WDT0_Handler                             0x000026df   Thumb Code     2  startup_tm4c129.o(.text)
    TIMER0A_Handler                          0x000026e1   Thumb Code     2  startup_tm4c129.o(.text)
    TIMER0B_Handler                          0x000026e3   Thumb Code     2  startup_tm4c129.o(.text)
    TIMER1A_Handler                          0x000026e5   Thumb Code     2  startup_tm4c129.o(.text)
    TIMER1B_Handler                          0x000026e7   Thumb Code     2  startup_tm4c129.o(.text)
    TIMER2A_Handler                          0x000026e9   Thumb Code     2  startup_tm4c129.o(.text)
    TIMER2B_Handler                          0x000026eb   Thumb Code     2  startup_tm4c129.o(.text)
    COMP0_Handler                            0x000026ed   Thumb Code     2  startup_tm4c129.o(.text)
    COMP1_Handler                            0x000026ef   Thumb Code     2  startup_tm4c129.o(.text)
    COMP2_Handler                            0x000026f1   Thumb Code     2  startup_tm4c129.o(.text)
    SYSCTL_Handler                           0x000026f3   Thumb Code     2  startup_tm4c129.o(.text)
    FLASH_Handler                            0x000026f5   Thumb Code     2  startup_tm4c129.o(.text)
    GPIOF_Handler                            0x000026f7   Thumb Code     2  startup_tm4c129.o(.text)
    GPIOG_Handler                            0x000026f9   Thumb Code     2  startup_tm4c129.o(.text)
    GPIOH_Handler                            0x000026fb   Thumb Code     2  startup_tm4c129.o(.text)
    UART2_Handler                            0x000026fd   Thumb Code     2  startup_tm4c129.o(.text)
    SSI1_Handler                             0x000026ff   Thumb Code     2  startup_tm4c129.o(.text)
    TIMER3A_Handler                          0x00002701   Thumb Code     2  startup_tm4c129.o(.text)
    TIMER3B_Handler                          0x00002703   Thumb Code     2  startup_tm4c129.o(.text)
    I2C1_Handler                             0x00002705   Thumb Code     2  startup_tm4c129.o(.text)
    CAN0_Handler                             0x00002707   Thumb Code     2  startup_tm4c129.o(.text)
    CAN1_Handler                             0x00002709   Thumb Code     2  startup_tm4c129.o(.text)
    ETH_Handler                              0x0000270b   Thumb Code     2  startup_tm4c129.o(.text)
    HIB_Handler                              0x0000270d   Thumb Code     2  startup_tm4c129.o(.text)
    USB0_Handler                             0x0000270f   Thumb Code     2  startup_tm4c129.o(.text)
    PWM0_3_Handler                           0x00002711   Thumb Code     2  startup_tm4c129.o(.text)
    UDMA_Handler                             0x00002713   Thumb Code     2  startup_tm4c129.o(.text)
    UDMAERR_Handler                          0x00002715   Thumb Code     2  startup_tm4c129.o(.text)
    ADC1SS0_Handler                          0x00002717   Thumb Code     2  startup_tm4c129.o(.text)
    ADC1SS1_Handler                          0x00002719   Thumb Code     2  startup_tm4c129.o(.text)
    ADC1SS2_Handler                          0x0000271b   Thumb Code     2  startup_tm4c129.o(.text)
    ADC1SS3_Handler                          0x0000271d   Thumb Code     2  startup_tm4c129.o(.text)
    EBI0_Handler                             0x0000271f   Thumb Code     2  startup_tm4c129.o(.text)
    GPIOJ_Handler                            0x00002721   Thumb Code     2  startup_tm4c129.o(.text)
    GPIOK_Handler                            0x00002723   Thumb Code     2  startup_tm4c129.o(.text)
    GPIOL_Handler                            0x00002725   Thumb Code     2  startup_tm4c129.o(.text)
    SSI2_Handler                             0x00002727   Thumb Code     2  startup_tm4c129.o(.text)
    SSI3_Handler                             0x00002729   Thumb Code     2  startup_tm4c129.o(.text)
    UART3_Handler                            0x0000272b   Thumb Code     2  startup_tm4c129.o(.text)
    UART4_Handler                            0x0000272d   Thumb Code     2  startup_tm4c129.o(.text)
    UART5_Handler                            0x0000272f   Thumb Code     2  startup_tm4c129.o(.text)
    UART6_Handler                            0x00002731   Thumb Code     2  startup_tm4c129.o(.text)
    UART7_Handler                            0x00002733   Thumb Code     2  startup_tm4c129.o(.text)
    I2C2_Handler                             0x00002735   Thumb Code     2  startup_tm4c129.o(.text)
    I2C3_Handler                             0x00002737   Thumb Code     2  startup_tm4c129.o(.text)
    TIMER4A_Handler                          0x00002739   Thumb Code     2  startup_tm4c129.o(.text)
    TIMER4B_Handler                          0x0000273b   Thumb Code     2  startup_tm4c129.o(.text)
    TIMER5A_Handler                          0x0000273d   Thumb Code     2  startup_tm4c129.o(.text)
    TIMER5B_Handler                          0x0000273f   Thumb Code     2  startup_tm4c129.o(.text)
    WTIMER0A_Handler                         0x00002741   Thumb Code     2  startup_tm4c129.o(.text)
    WTIMER0B_Handler                         0x00002743   Thumb Code     2  startup_tm4c129.o(.text)
    WTIMER1A_Handler                         0x00002745   Thumb Code     2  startup_tm4c129.o(.text)
    WTIMER1B_Handler                         0x00002747   Thumb Code     2  startup_tm4c129.o(.text)
    WTIMER2A_Handler                         0x00002749   Thumb Code     2  startup_tm4c129.o(.text)
    WTIMER2B_Handler                         0x0000274b   Thumb Code     2  startup_tm4c129.o(.text)
    WTIMER3A_Handler                         0x0000274d   Thumb Code     2  startup_tm4c129.o(.text)
    WTIMER3B_Handler                         0x0000274f   Thumb Code     2  startup_tm4c129.o(.text)
    WTIMER4A_Handler                         0x00002751   Thumb Code     2  startup_tm4c129.o(.text)
    WTIMER4B_Handler                         0x00002753   Thumb Code     2  startup_tm4c129.o(.text)
    WTIMER5A_Handler                         0x00002755   Thumb Code     2  startup_tm4c129.o(.text)
    WTIMER5B_Handler                         0x00002757   Thumb Code     2  startup_tm4c129.o(.text)
    FPU_Handler                              0x00002759   Thumb Code     2  startup_tm4c129.o(.text)
    I2C4_Handler                             0x0000275b   Thumb Code     2  startup_tm4c129.o(.text)
    I2C5_Handler                             0x0000275d   Thumb Code     2  startup_tm4c129.o(.text)
    GPIOM_Handler                            0x0000275f   Thumb Code     2  startup_tm4c129.o(.text)
    GPION_Handler                            0x00002761   Thumb Code     2  startup_tm4c129.o(.text)
    TAMPER_Handler                           0x00002763   Thumb Code     2  startup_tm4c129.o(.text)
    GPIOP0_Handler                           0x00002765   Thumb Code     2  startup_tm4c129.o(.text)
    GPIOP1_Handler                           0x00002767   Thumb Code     2  startup_tm4c129.o(.text)
    GPIOP2_Handler                           0x00002769   Thumb Code     2  startup_tm4c129.o(.text)
    GPIOP3_Handler                           0x0000276b   Thumb Code     2  startup_tm4c129.o(.text)
    GPIOP4_Handler                           0x0000276d   Thumb Code     2  startup_tm4c129.o(.text)
    GPIOP5_Handler                           0x0000276f   Thumb Code     2  startup_tm4c129.o(.text)
    GPIOP6_Handler                           0x00002771   Thumb Code     2  startup_tm4c129.o(.text)
    GPIOP7_Handler                           0x00002773   Thumb Code     2  startup_tm4c129.o(.text)
    GPIOQ0_Handler                           0x00002775   Thumb Code     2  startup_tm4c129.o(.text)
    GPIOQ1_Handler                           0x00002777   Thumb Code     2  startup_tm4c129.o(.text)
    GPIOQ2_Handler                           0x00002779   Thumb Code     2  startup_tm4c129.o(.text)
    GPIOQ3_Handler                           0x0000277b   Thumb Code     2  startup_tm4c129.o(.text)
    GPIOQ4_Handler                           0x0000277d   Thumb Code     2  startup_tm4c129.o(.text)
    GPIOQ5_Handler                           0x0000277f   Thumb Code     2  startup_tm4c129.o(.text)
    GPIOQ6_Handler                           0x00002781   Thumb Code     2  startup_tm4c129.o(.text)
    GPIOQ7_Handler                           0x00002783   Thumb Code     2  startup_tm4c129.o(.text)
    GPIOR_Handler                            0x00002785   Thumb Code     2  startup_tm4c129.o(.text)
    GPIOS_Handler                            0x00002787   Thumb Code     2  startup_tm4c129.o(.text)
    SHAMD5_Handler                           0x00002789   Thumb Code     2  startup_tm4c129.o(.text)
    AES_Handler                              0x0000278b   Thumb Code     2  startup_tm4c129.o(.text)
    DES3DES_Handler                          0x0000278d   Thumb Code     2  startup_tm4c129.o(.text)
    LCDCONTROLLER_Handler                    0x0000278f   Thumb Code     2  startup_tm4c129.o(.text)
    TIMER6A_Handler                          0x00002791   Thumb Code     2  startup_tm4c129.o(.text)
    TIMER6B_Handler                          0x00002793   Thumb Code     2  startup_tm4c129.o(.text)
    TIMER7A_Handler                          0x00002795   Thumb Code     2  startup_tm4c129.o(.text)
    TIMER7B_Handler                          0x00002797   Thumb Code     2  startup_tm4c129.o(.text)
    I2C6_Handler                             0x00002799   Thumb Code     2  startup_tm4c129.o(.text)
    I2C7_Handler                             0x0000279b   Thumb Code     2  startup_tm4c129.o(.text)
    HIMSCANKEYBOARD_Handler                  0x0000279d   Thumb Code     2  startup_tm4c129.o(.text)
    ONEWIRE_Handler                          0x0000279f   Thumb Code     2  startup_tm4c129.o(.text)
    HIMPS2_Handler                           0x000027a1   Thumb Code     2  startup_tm4c129.o(.text)
    HIMLEDSEQUENCER_Handler                  0x000027a3   Thumb Code     2  startup_tm4c129.o(.text)
    HIMCONSUMERIR_Handler                    0x000027a5   Thumb Code     2  startup_tm4c129.o(.text)
    I2C8_Handler                             0x000027a7   Thumb Code     2  startup_tm4c129.o(.text)
    I2C9_Handler                             0x000027a9   Thumb Code     2  startup_tm4c129.o(.text)
    GPIOT_Handler                            0x000027ab   Thumb Code     2  startup_tm4c129.o(.text)
    __user_initial_stackheap                 0x000027ad   Thumb Code     0  startup_tm4c129.o(.text)
    SystemCoreClockUpdate                    0x000027d1   Thumb Code     8  system_tm4c129.o(.text)
    SystemInit                               0x000027d9   Thumb Code    18  system_tm4c129.o(.text)
    __user_libspace                          0x000027f9   Thumb Code     8  libspace.o(.text)
    __user_perproc_libspace                  0x000027f9   Thumb Code     0  libspace.o(.text)
    _malloc_internal                         0x00002809   Thumb Code   130  h1_alloc_mt.o(.text)
    malloc                                   0x0000288b   Thumb Code    20  h1_alloc_mt.o(.text)
    _free_internal                           0x0000289f   Thumb Code    98  h1_free_mt.o(.text)
    free                                     0x00002901   Thumb Code    20  h1_free_mt.o(.text)
    __aeabi_uldivmod                         0x00002915   Thumb Code     0  lludivv7m.o(.text)
    _ll_udiv                                 0x00002915   Thumb Code   238  lludivv7m.o(.text)
    __aeabi_ldivmod                          0x00002a03   Thumb Code     0  llsdiv.o(.text)
    _ll_sdiv                                 0x00002a03   Thumb Code    72  llsdiv.o(.text)
    srand                                    0x00002a4d   Thumb Code    42  rand.o(.text)
    _rand_init                               0x00002a77   Thumb Code     4  rand.o(.text)
    exit                                     0x00002a89   Thumb Code    18  exit.o(.text)
    __aeabi_memcpy4                          0x00002a9b   Thumb Code     0  rt_memcpy_w.o(.text)
    __aeabi_memcpy8                          0x00002a9b   Thumb Code     0  rt_memcpy_w.o(.text)
    __rt_memcpy_w                            0x00002a9b   Thumb Code   100  rt_memcpy_w.o(.text)
    _memcpy_lastbytes_aligned                0x00002ae3   Thumb Code     0  rt_memcpy_w.o(.text)
    __use_two_region_memory                  0x00002aff   Thumb Code     2  heapauxi.o(.text)
    __rt_heap_escrow                         0x00002b01   Thumb Code     2  heapauxi.o(.text)
    __rt_heap_expand                         0x00002b03   Thumb Code     2  heapauxi.o(.text)
    __rt_heap_descriptor                     0x00002b05   Thumb Code    10  rt_heap_descriptor_twolibspace.o(.text)
    __use_no_heap                            0x00002b0f   Thumb Code     2  hguard.o(.text)
    __heap$guard                             0x00002b11   Thumb Code     2  hguard.o(.text)
    _terminate_user_alloc                    0x00002b13   Thumb Code     2  init_alloc.o(.text)
    _init_user_alloc                         0x00002b15   Thumb Code     2  init_alloc.o(.text)
    __Heap_Full                              0x00002b17   Thumb Code    34  init_alloc.o(.text)
    __Heap_Broken                            0x00002b39   Thumb Code     6  init_alloc.o(.text)
    _init_alloc                              0x00002b3f   Thumb Code    94  init_alloc.o(.text)
    __Heap_Initialize                        0x00002b9d   Thumb Code    14  h1_init_mt.o(.text)
    __Heap_DescSize                          0x00002bab   Thumb Code     4  h1_init_mt.o(.text)
    __Heap_ProvideMemory                     0x00002baf   Thumb Code    62  h1_extend_mt.o(.text)
    __rt_SIGRTMEM                            0x00002bed   Thumb Code    14  defsig_rtmem_outer.o(.text)
    _sys_exit                                0x00002bfd   Thumb Code     8  sys_exit.o(.text)
    __I$use$semihosting                      0x00002c09   Thumb Code     0  use_no_semi.o(.text)
    __use_no_semihosting_swi                 0x00002c09   Thumb Code     2  use_no_semi.o(.text)
    __semihosting_library_function           0x00002c0b   Thumb Code     0  indicate_semi.o(.text)
    __user_setup_stackheap                   0x00002c0b   Thumb Code    74  sys_stackheap_outer.o(.text)
    __sig_exit                               0x00002c55   Thumb Code    10  defsig_exit.o(.text)
    __rt_SIGRTMEM_inner                      0x00002c61   Thumb Code    22  defsig_rtmem_inner.o(.text)
    __default_signal_display                 0x00002cb1   Thumb Code    50  defsig_general.o(.text)
    _ttywrch                                 0x00002ce3   Thumb Code    14  sys_wrch.o(.text)
    SVC_Count                                0x00002cf0   Data           4  svc_table.o(SVC_TABLE)
    ADCIntClear                              0x00002cf5   Thumb Code    10  adc.o(i.ADCIntClear)
    SVC_Table                                0x00002cf4   Data           0  svc_table.o(SVC_TABLE)
    ADCIntStatus                             0x00002cff   Thumb Code    52  adc.o(i.ADCIntStatus)
    ADCProcessorTrigger                      0x00002d33   Thumb Code    26  adc.o(i.ADCProcessorTrigger)
    ADCSequenceConfigure                     0x00002d4d   Thumb Code    96  adc.o(i.ADCSequenceConfigure)
    ADCSequenceDataGet                       0x00002dad   Thumb Code    36  adc.o(i.ADCSequenceDataGet)
    ADCSequenceEnable                        0x00002dd1   Thumb Code    14  adc.o(i.ADCSequenceEnable)
    ADCSequenceStepConfigure                 0x00002ddf   Thumb Code   154  adc.o(i.ADCSequenceStepConfigure)
    GPIODirModeSet                           0x00002e79   Thumb Code    40  gpio.o(i.GPIODirModeSet)
    GPIOPadConfigSet                         0x00002ea1   Thumb Code   312  gpio.o(i.GPIOPadConfigSet)
    GPIOPinConfigure                         0x00002fd9   Thumb Code    60  gpio.o(i.GPIOPinConfigure)
    GPIOPinRead                              0x0000301d   Thumb Code     6  gpio.o(i.GPIOPinRead)
    GPIOPinTypeADC                           0x00003023   Thumb Code    28  gpio.o(i.GPIOPinTypeADC)
    GPIOPinTypeGPIOInput                     0x0000303f   Thumb Code    28  gpio.o(i.GPIOPinTypeGPIOInput)
    GPIOPinTypePWM                           0x0000305b   Thumb Code    28  gpio.o(i.GPIOPinTypePWM)
    GrContextFontSet                         0x00003077   Thumb Code     6  string.o(i.GrContextFontSet)
    GrContextInit                            0x0000307d   Thumb Code    88  context.o(i.GrContextInit)
    GrDefaultStringRenderer                  0x000030e1   Thumb Code   280  string.o(i.GrDefaultStringRenderer)
    GrFontGlyphDataGet                       0x000031f9   Thumb Code   166  string.o(i.GrFontGlyphDataGet)
    GrFontGlyphRender                        0x0000329f   Thumb Code   648  string.o(i.GrFontGlyphRender)
    GrMapISO8859_1_Unicode                   0x00003527   Thumb Code     8  charmap.o(i.GrMapISO8859_1_Unicode)
    GrStringDraw                             0x0000352f   Thumb Code    32  string.o(i.GrStringDraw)
    PWMClockSet                              0x0000354f   Thumb Code    20  pwm.o(i.PWMClockSet)
    PWMGenConfigure                          0x00003563   Thumb Code    38  pwm.o(i.PWMGenConfigure)
    PWMGenEnable                             0x00003589   Thumb Code    10  pwm.o(i.PWMGenEnable)
    PWMGenPeriodGet                          0x00003593   Thumb Code    18  pwm.o(i.PWMGenPeriodGet)
    PWMGenPeriodSet                          0x000035a5   Thumb Code    18  pwm.o(i.PWMGenPeriodSet)
    PWMOutputInvert                          0x000035b7   Thumb Code    16  pwm.o(i.PWMOutputInvert)
    PWMOutputState                           0x000035c7   Thumb Code    16  pwm.o(i.PWMOutputState)
    PWMPulseWidthSet                         0x000035d7   Thumb Code    32  pwm.o(i.PWMPulseWidthSet)
    SysCtlClockFreqSet                       0x000035f9   Thumb Code   706  sysctl.o(i.SysCtlClockFreqSet)
    SysCtlPeripheralEnable                   0x000038e5   Thumb Code    36  sysctl.o(i.SysCtlPeripheralEnable)
    SysCtlPeripheralReady                    0x0000390d   Thumb Code    40  sysctl.o(i.SysCtlPeripheralReady)
    _init_box                                0x000039a5   Thumb Code    70  rt_membox.o(i._init_box)
    dbg_init                                 0x000039ed   Thumb Code    34  hal_cm.o(i.dbg_init)
    dbg_task_notify                          0x00003a1d   Thumb Code    32  hal_cm.o(i.dbg_task_notify)
    dbg_task_switch                          0x00003a3d   Thumb Code    16  hal_cm.o(i.dbg_task_switch)
    isrMessageGet                            0x00003a4d   Thumb Code    42  rt_cmsis.o(i.isrMessageGet)
    isrMessagePut                            0x00003a77   Thumb Code    44  rt_cmsis.o(i.isrMessagePut)
    isrSignalSet                             0x00003aa3   Thumb Code    36  rt_cmsis.o(i.isrSignalSet)
    isr_evt_set                              0x00003ac9   Thumb Code    34  rt_event.o(i.isr_evt_set)
    isr_mbx_receive                          0x00003af1   Thumb Code    86  rt_mailbox.o(i.isr_mbx_receive)
    isr_mbx_send                             0x00003b47   Thumb Code    14  rt_mailbox.o(i.isr_mbx_send)
    osDelay                                  0x00003b55   Thumb Code    18  rt_cmsis.o(i.osDelay)
    osKernelInitialize                       0x00003b6d   Thumb Code    30  rt_cmsis.o(i.osKernelInitialize)
    osKernelStart                            0x00003b91   Thumb Code    98  rt_cmsis.o(i.osKernelStart)
    osKernelSysTick                          0x00003bfd   Thumb Code    18  rt_cmsis.o(i.osKernelSysTick)
    osMessageGet                             0x00003c15   Thumb Code    18  rt_cmsis.o(i.osMessageGet)
    osMutexCreate                            0x00003c2d   Thumb Code    36  rt_cmsis.o(i.osMutexCreate)
    osMutexRelease                           0x00003c59   Thumb Code    18  rt_cmsis.o(i.osMutexRelease)
    osMutexWait                              0x00003c71   Thumb Code    18  rt_cmsis.o(i.osMutexWait)
    osSignalSet                              0x00003c89   Thumb Code    18  rt_cmsis.o(i.osSignalSet)
    osSignalWait                             0x00003ca1   Thumb Code    18  rt_cmsis.o(i.osSignalWait)
    osThreadCreate                           0x00003cb9   Thumb Code    36  rt_cmsis.o(i.osThreadCreate)
    osThreadExit                             0x00003ce5   Thumb Code    14  rt_cmsis.o(i.osThreadExit)
    osTimerCall                              0x00003cfd   Thumb Code     8  rt_cmsis.o(i.osTimerCall)
    osTimerCreate                            0x00003d09   Thumb Code    36  rt_cmsis.o(i.osTimerCreate)
    osTimerStart                             0x00003d35   Thumb Code    18  rt_cmsis.o(i.osTimerStart)
    osTimerThread                            0x00003d4d   Thumb Code    38  rt_cmsis.o(i.osTimerThread)
    os_tick_init                             0x00003d79   Thumb Code    32  rt_system.o(i.os_tick_init)
    os_tick_irqack                           0x00003da1   Thumb Code     2  rt_system.o(i.os_tick_irqack)
    os_tick_ovf                              0x00003da5   Thumb Code    10  rt_system.o(i.os_tick_ovf)
    os_tick_val                              0x00003db5   Thumb Code    14  rt_system.o(i.os_tick_val)
    rt_alloc_box                             0x00003dc9   Thumb Code    26  rt_membox.o(i.rt_alloc_box)
    rt_alloc_mem                             0x00003de3   Thumb Code    62  rt_memory.o(i.rt_alloc_mem)
    rt_block                                 0x00003e21   Thumb Code    48  rt_task.o(i.rt_block)
    rt_chk_robin                             0x00003e59   Thumb Code    60  rt_robin.o(i.rt_chk_robin)
    rt_dec_dly                               0x00003ea1   Thumb Code   102  rt_list.o(i.rt_dec_dly)
    rt_dispatch                              0x00003f11   Thumb Code    60  rt_task.o(i.rt_dispatch)
    rt_dly_wait                              0x00003f55   Thumb Code     6  rt_time.o(i.rt_dly_wait)
    rt_evt_psh                               0x00003f5d   Thumb Code    76  rt_event.o(i.rt_evt_psh)
    rt_evt_set                               0x00003fad   Thumb Code    88  rt_event.o(i.rt_evt_set)
    rt_evt_wait                              0x00004009   Thumb Code    56  rt_event.o(i.rt_evt_wait)
    rt_free_box                              0x00004045   Thumb Code    44  rt_membox.o(i.rt_free_box)
    rt_free_mem                              0x00004071   Thumb Code    40  rt_memory.o(i.rt_free_mem)
    rt_get_first                             0x00004099   Thumb Code    40  rt_list.o(i.rt_get_first)
    rt_init_mem                              0x00004111   Thumb Code    26  rt_memory.o(i.rt_init_mem)
    rt_init_robin                            0x0000412d   Thumb Code    14  rt_robin.o(i.rt_init_robin)
    rt_init_stack                            0x00004145   Thumb Code   118  hal_cm.o(i.rt_init_stack)
    rt_mbx_check                             0x000041c5   Thumb Code     8  rt_mailbox.o(i.rt_mbx_check)
    rt_mbx_init                              0x000041cd   Thumb Code    26  rt_mailbox.o(i.rt_mbx_init)
    rt_mbx_psh                               0x000041e9   Thumb Code   236  rt_mailbox.o(i.rt_mbx_psh)
    rt_mbx_wait                              0x000042d9   Thumb Code   174  rt_mailbox.o(i.rt_mbx_wait)
    rt_mut_init                              0x000043d1   Thumb Code    16  rt_mutex.o(i.rt_mut_init)
    rt_mut_release                           0x000043e1   Thumb Code   208  rt_mutex.o(i.rt_mut_release)
    rt_mut_wait                              0x000044b9   Thumb Code   114  rt_mutex.o(i.rt_mut_wait)
    rt_pop_req                               0x00004531   Thumb Code   112  rt_system.o(i.rt_pop_req)
    rt_psh_req                               0x000045ad   Thumb Code    22  rt_system.o(i.rt_psh_req)
    rt_psq_enq                               0x000045cd   Thumb Code    88  rt_list.o(i.rt_psq_enq)
    rt_put_dly                               0x00004629   Thumb Code    68  rt_list.o(i.rt_put_dly)
    rt_put_prio                              0x00004671   Thumb Code    54  rt_list.o(i.rt_put_prio)
    rt_put_rdy_first                         0x000046a9   Thumb Code    14  rt_list.o(i.rt_put_rdy_first)
    rt_resort_prio                           0x000046bd   Thumb Code    46  rt_list.o(i.rt_resort_prio)
    rt_ret_val                               0x00004701   Thumb Code    12  hal_cm.o(i.rt_ret_val)
    rt_ret_val2                              0x0000470d   Thumb Code    16  hal_cm.o(i.rt_ret_val2)
    rt_rmv_dly                               0x0000471d   Thumb Code    40  rt_list.o(i.rt_rmv_dly)
    rt_rmv_list                              0x00004745   Thumb Code    44  rt_list.o(i.rt_rmv_list)
    rt_sem_psh                               0x00004775   Thumb Code    48  rt_semaphore.o(i.rt_sem_psh)
    rt_stk_check                             0x000047a9   Thumb Code    28  rt_system.o(i.rt_stk_check)
    rt_switch_req                            0x000047cd   Thumb Code    30  rt_task.o(i.rt_switch_req)
    rt_sys_init                              0x000047f5   Thumb Code   138  rt_task.o(i.rt_sys_init)
    rt_sys_start                             0x000048c1   Thumb Code   110  rt_task.o(i.rt_sys_start)
    rt_systick                               0x00004939   Thumb Code    50  rt_system.o(i.rt_systick)
    rt_tsk_create                            0x000049fd   Thumb Code   118  rt_task.o(i.rt_tsk_create)
    rt_tsk_delete                            0x00004a85   Thumb Code   352  rt_task.o(i.rt_tsk_delete)
    rt_tsk_prio                              0x00004c01   Thumb Code   108  rt_task.o(i.rt_tsk_prio)
    rt_tsk_self                              0x00004c7d   Thumb Code    12  rt_task.o(i.rt_tsk_self)
    svcDelay                                 0x00004c8d   Thumb Code    18  rt_cmsis.o(i.svcDelay)
    svcKernelInitialize                      0x00004ca1   Thumb Code    80  rt_cmsis.o(i.svcKernelInitialize)
    svcKernelStart                           0x00004d11   Thumb Code    62  rt_cmsis.o(i.svcKernelStart)
    svcKernelSysTick                         0x00004d59   Thumb Code    46  rt_cmsis.o(i.svcKernelSysTick)
    svcMessageCreate                         0x00004d91   Thumb Code    36  rt_cmsis.o(i.svcMessageCreate)
    svcMessageGet                            0x00004db5   Thumb Code    58  rt_cmsis.o(i.svcMessageGet)
    svcMutexCreate                           0x00004def   Thumb Code    28  rt_cmsis.o(i.svcMutexCreate)
    svcMutexRelease                          0x00004e0b   Thumb Code    34  rt_cmsis.o(i.svcMutexRelease)
    svcMutexWait                             0x00004e2d   Thumb Code    58  rt_cmsis.o(i.svcMutexWait)
    svcSignalSet                             0x00004e67   Thumb Code    36  rt_cmsis.o(i.svcSignalSet)
    svcSignalWait                            0x00004e8d   Thumb Code    80  rt_cmsis.o(i.svcSignalWait)
    svcThreadCreate                          0x00004ee1   Thumb Code    96  rt_cmsis.o(i.svcThreadCreate)
    svcThreadGetId                           0x00004f4d   Thumb Code    22  rt_cmsis.o(i.svcThreadGetId)
    svcThreadTerminate                       0x00004f69   Thumb Code    50  rt_cmsis.o(i.svcThreadTerminate)
    svcTimerCall                             0x00004fa1   Thumb Code    24  rt_cmsis.o(i.svcTimerCall)
    svcTimerCreate                           0x00004fb9   Thumb Code    52  rt_cmsis.o(i.svcTimerCreate)
    svcTimerStart                            0x00004ff1   Thumb Code    96  rt_cmsis.o(i.svcTimerStart)
    sysTimerTick                             0x00005055   Thumb Code    84  rt_cmsis.o(i.sysTimerTick)
    __aeabi_d2f                              0x000050b1   Thumb Code     0  d2f.o(x$fpl$d2f)
    _d2f                                     0x000050b1   Thumb Code    98  d2f.o(x$fpl$d2f)
    __aeabi_dadd                             0x00005115   Thumb Code     0  daddsub_clz.o(x$fpl$dadd)
    _dadd                                    0x00005115   Thumb Code   332  daddsub_clz.o(x$fpl$dadd)
    __fpl_dcmp_Inf                           0x00005265   Thumb Code    24  dcmpi.o(x$fpl$dcmpinf)
    __aeabi_ddiv                             0x0000527d   Thumb Code     0  ddiv.o(x$fpl$ddiv)
    _ddiv                                    0x0000527d   Thumb Code   552  ddiv.o(x$fpl$ddiv)
    __aeabi_i2d                              0x0000552d   Thumb Code     0  dflt_clz.o(x$fpl$dflt)
    _dflt                                    0x0000552d   Thumb Code    46  dflt_clz.o(x$fpl$dflt)
    __aeabi_cdcmple                          0x0000555d   Thumb Code     0  dleqf.o(x$fpl$dleqf)
    _dcmple                                  0x0000555d   Thumb Code   120  dleqf.o(x$fpl$dleqf)
    __fpl_dcmple_InfNaN                      0x000055bf   Thumb Code     0  dleqf.o(x$fpl$dleqf)
    __fpl_dnaninf                            0x000055d5   Thumb Code   156  dnaninf.o(x$fpl$dnaninf)
    __fpl_dretinf                            0x00005671   Thumb Code    12  dretinf.o(x$fpl$dretinf)
    __aeabi_dsub                             0x0000567d   Thumb Code     0  daddsub_clz.o(x$fpl$dsub)
    _dsub                                    0x0000567d   Thumb Code   464  daddsub_clz.o(x$fpl$dsub)
    __aeabi_f2d                              0x00005851   Thumb Code     0  f2d.o(x$fpl$f2d)
    _f2d                                     0x00005851   Thumb Code    86  f2d.o(x$fpl$f2d)
    __fpl_fnaninf                            0x000058a7   Thumb Code   140  fnaninf.o(x$fpl$fnaninf)
    _fp_init                                 0x00005933   Thumb Code    10  fpinit.o(x$fpl$fpinit)
    __fplib_config_fpu_vfp                   0x0000593b   Thumb Code     0  fpinit.o(x$fpl$fpinit)
    __fplib_config_pureend_doubles           0x0000593b   Thumb Code     0  fpinit.o(x$fpl$fpinit)
    __fpl_fretinf                            0x0000593d   Thumb Code    10  fretinf.o(x$fpl$fretinf)
    __I$use$fp                               0x00005946   Number         0  usenofp.o(x$fpl$usenofp)
    os_mutex_def_MutexConsole                0x00005948   Data           4  enduro.o(.constdata)
    os_mutex_def_GameMutex                   0x0000594c   Data           4  enduro.o(.constdata)
    os_timer_def_timer_game                  0x00005950   Data           8  enduro.o(.constdata)
    os_thread_def_user_input                 0x00005958   Data          16  enduro.o(.constdata)
    os_thread_def_menu                       0x00005968   Data          16  enduro.o(.constdata)
    os_thread_def_game_manager               0x00005978   Data          16  enduro.o(.constdata)
    os_thread_def_enemy_vehicles             0x00005988   Data          16  enduro.o(.constdata)
    os_thread_def_player_vehicle             0x00005998   Data          16  enduro.o(.constdata)
    os_thread_def_trajectory_manager         0x000059a8   Data          16  enduro.o(.constdata)
    os_thread_def_game_stats                 0x000059b8   Data          16  enduro.o(.constdata)
    os_thread_def_collision_detection        0x000059c8   Data          16  enduro.o(.constdata)
    os_thread_def_graphics                   0x000059d8   Data          16  enduro.o(.constdata)
    os_thread_def_user_output                0x000059e8   Data          16  enduro.o(.constdata)
    CAR_VERY_SMALL_ARRAY                     0x000059f8   Data          40  car.o(.constdata)
    CAR_SMALL_ARRAY                          0x00005a20   Data         240  car.o(.constdata)
    CAR_MEDIUM_ARRAY                         0x00005b10   Data         480  car.o(.constdata)
    CAR_BIG_ARRAY                            0x00005cf0   Data         800  car.o(.constdata)
    CONSOLE_ARRAY                            0x00006010   Data       10240  console.o(.constdata)
    MOUNTAIN_1_ARRAY                         0x00008810   Data        1760  mountain.o(.constdata)
    g_sCfaf128x128x16                        0x00008ef0   Data          40  cfaf128x128x16.o(.constdata)
    os_maxtaskrun                            0x00008f18   Data           2  rtx_conf_cm.o(.constdata)
    os_stackinfo                             0x00008f1c   Data           4  rtx_conf_cm.o(.constdata)
    os_rrobin                                0x00008f20   Data           4  rtx_conf_cm.o(.constdata)
    os_trv                                   0x00008f24   Data           4  rtx_conf_cm.o(.constdata)
    os_flags                                 0x00008f28   Data           1  rtx_conf_cm.o(.constdata)
    CMSIS_RTOS_API_Version                   0x00008f2c   Data           4  rtx_conf_cm.o(.constdata)
    CMSIS_RTOS_RTX_Version                   0x00008f30   Data           4  rtx_conf_cm.o(.constdata)
    os_clockrate                             0x00008f34   Data           4  rtx_conf_cm.o(.constdata)
    os_timernum                              0x00008f38   Data           4  rtx_conf_cm.o(.constdata)
    mp_tcb_size                              0x00008f3c   Data           2  rtx_conf_cm.o(.constdata)
    mp_stk_size                              0x00008f40   Data           4  rtx_conf_cm.o(.constdata)
    os_stack_sz                              0x00008f44   Data           4  rtx_conf_cm.o(.constdata)
    os_fifo_size                             0x00008f48   Data           1  rtx_conf_cm.o(.constdata)
    os_thread_def_osTimerThread              0x00008f4c   Data          16  rtx_conf_cm.o(.constdata)
    os_messageQ_def_osTimerMessageQ          0x00008f5c   Data           8  rtx_conf_cm.o(.constdata)
    mp_tmr_size                              0x00008f64   Data           2  rtx_conf_cm.o(.constdata)
    os_thread_def_main                       0x00008f68   Data          16  rtx_conf_cm.o(.constdata)
    g_psDefaultCodePointMapTable             0x000093f4   Data          16  context.o(.constdata)
    g_sFontFixed6x8                          0x000096fc   Data         200  fontfixed6x8.o(.constdata)
    Region$$Table$$Base                      0x000097ec   Number         0  anon$$obj.o(Region$$Table)
    Region$$Table$$Limit                     0x0000980c   Number         0  anon$$obj.o(Region$$Table)
    user_input_direction                     0x20000000   Data           1  enduro.o(.data)
    user_input_accel                         0x20000001   Data           1  enduro.o(.data)
    user_input_break                         0x20000002   Data           1  enduro.o(.data)
    user_start_button_pressed                0x20000003   Data           1  enduro.o(.data)
    user_end_button_pressed                  0x20000004   Data           1  enduro.o(.data)
    game                                     0x20000008   Data           4  enduro.o(.data)
    image_memory                             0x2000000c   Data           4  enduro.o(.data)
    x_distance                               0x20000010   Data           4  enduro.o(.data)
    user_input_id                            0x20000014   Data           4  enduro.o(.data)
    menu_id                                  0x20000018   Data           4  enduro.o(.data)
    game_manager_id                          0x2000001c   Data           4  enduro.o(.data)
    enemy_vehicles_id                        0x20000020   Data           4  enduro.o(.data)
    player_vehicles_id                       0x20000024   Data           4  enduro.o(.data)
    trajectory_manager_id                    0x20000028   Data           4  enduro.o(.data)
    game_stats_id                            0x2000002c   Data           4  enduro.o(.data)
    collision_detection_id                   0x20000030   Data           4  enduro.o(.data)
    graphics_id                              0x20000034   Data           4  enduro.o(.data)
    user_output_id                           0x20000038   Data           4  enduro.o(.data)
    timer_game_id                            0x2000003c   Data           4  enduro.o(.data)
    MutexConsole_id                          0x20000040   Data           4  enduro.o(.data)
    GameMutex_id                             0x20000044   Data           4  enduro.o(.data)
    m_tmr                                    0x20000060   Data           4  rtx_conf_cm.o(.data)
    osThreadId_osTimerThread                 0x20000064   Data           4  rtx_conf_cm.o(.data)
    osMessageQId_osTimerMessageQ             0x20000068   Data           4  rtx_conf_cm.o(.data)
    SystemCoreClock                          0x20000070   Data           4  system_tm4c129.o(.data)
    os_initialized                           0x20000078   Data           1  rt_cmsis.o(.data)
    os_running                               0x20000079   Data           1  rt_cmsis.o(.data)
    os_timer_head                            0x2000007c   Data           4  rt_cmsis.o(.data)
    os_tsk                                   0x20000080   Data           8  rt_task.o(.data)
    os_tick_irqn                             0x2000008c   Data           4  rt_system.o(.data)
    os_time                                  0x20000090   Data           4  rt_time.o(.data)
    os_robin                                 0x20000094   Data           8  rt_robin.o(.data)
    dbg_msg                                  0x2000009c   Data           1  hal_cm.o(.data)
    os_mutex_cb_MutexConsole                 0x200000a0   Data          16  enduro.o(.bss)
    os_mutex_cb_GameMutex                    0x200000b0   Data          16  enduro.o(.bss)
    sContext                                 0x200000c0   Data          44  enduro.o(.bss)
    os_timer_cb_timer_game                   0x200000ec   Data          24  enduro.o(.bss)
    os_messageQ_q_osTimerMessageQ            0x20000104   Data          32  rtx_conf_cm.o(.bss)
    mp_tcb                                   0x20000124   Data         896  rtx_conf_cm.o(.bss)
    mp_stk                                   0x200004a8   Data       12816  rtx_conf_cm.o(.bss)
    os_stack_mem                             0x200036b8   Data        1032  rtx_conf_cm.o(.bss)
    os_fifo                                  0x20003ac0   Data         132  rtx_conf_cm.o(.bss)
    os_active_TCB                            0x20003b44   Data          68  rtx_conf_cm.o(.bss)
    os_idle_TCB                              0x20004268   Data          52  rt_task.o(.bss)
    os_rdy                                   0x2000429c   Data          24  rt_list.o(.bss)
    os_dly                                   0x200042b4   Data          24  rt_list.o(.bss)
    __libspace_start                         0x200042cc   Data          96  libspace.o(.bss)
    __temporary_stack_top$libspace           0x2000432c   Data           0  libspace.o(.bss)
    _random_number_data                      0x2000432c   Data         228  rand.o(.bss)



==============================================================================

Memory Map of the image

  Image Entry point : 0x00000201

  Load Region LR_IROM1 (Base: 0x00000000, Size: 0x000098ac, Max: 0x00100000, ABSOLUTE)

    Execution Region ER_IROM1 (Exec base: 0x00000000, Load base: 0x00000000, Size: 0x0000980c, Max: 0x00100000, ABSOLUTE)

    Exec Addr    Load Addr    Size         Type   Attr      Idx    E Section Name        Object

    0x00000000   0x00000000   0x00000200   Data   RO          545    RESET               startup_tm4c129.o
    0x00000200   0x00000200   0x00000008   Code   RO         4081  * !!!main             c_w.l(__main.o)
    0x00000208   0x00000208   0x00000034   Code   RO         4319    !!!scatter          c_w.l(__scatter.o)
    0x0000023c   0x0000023c   0x0000001a   Code   RO         4321    !!handler_copy      c_w.l(__scatter_copy.o)
    0x00000256   0x00000256   0x00000002   PAD
    0x00000258   0x00000258   0x0000001c   Code   RO         4323    !!handler_zi        c_w.l(__scatter_zi.o)
    0x00000274   0x00000274   0x00000002   Code   RO         4271    .ARM.Collect$$libinit$$00000000  c_w.l(libinit.o)
    0x00000276   0x00000276   0x00000004   Code   RO         4141    .ARM.Collect$$libinit$$00000001  c_w.l(libinit2.o)
    0x0000027a   0x0000027a   0x00000000   Code   RO         4144    .ARM.Collect$$libinit$$00000004  c_w.l(libinit2.o)
    0x0000027a   0x0000027a   0x00000008   Code   RO         4145    .ARM.Collect$$libinit$$00000005  c_w.l(libinit2.o)
    0x00000282   0x00000282   0x00000000   Code   RO         4147    .ARM.Collect$$libinit$$0000000A  c_w.l(libinit2.o)
    0x00000282   0x00000282   0x00000000   Code   RO         4149    .ARM.Collect$$libinit$$0000000C  c_w.l(libinit2.o)
    0x00000282   0x00000282   0x00000004   Code   RO         4150    .ARM.Collect$$libinit$$0000000D  c_w.l(libinit2.o)
    0x00000286   0x00000286   0x00000000   Code   RO         4151    .ARM.Collect$$libinit$$0000000E  c_w.l(libinit2.o)
    0x00000286   0x00000286   0x00000000   Code   RO         4154    .ARM.Collect$$libinit$$00000011  c_w.l(libinit2.o)
    0x00000286   0x00000286   0x00000000   Code   RO         4156    .ARM.Collect$$libinit$$00000013  c_w.l(libinit2.o)
    0x00000286   0x00000286   0x00000000   Code   RO         4158    .ARM.Collect$$libinit$$00000015  c_w.l(libinit2.o)
    0x00000286   0x00000286   0x00000000   Code   RO         4160    .ARM.Collect$$libinit$$00000017  c_w.l(libinit2.o)
    0x00000286   0x00000286   0x00000000   Code   RO         4162    .ARM.Collect$$libinit$$00000019  c_w.l(libinit2.o)
    0x00000286   0x00000286   0x00000000   Code   RO         4164    .ARM.Collect$$libinit$$0000001B  c_w.l(libinit2.o)
    0x00000286   0x00000286   0x00000000   Code   RO         4166    .ARM.Collect$$libinit$$0000001D  c_w.l(libinit2.o)
    0x00000286   0x00000286   0x00000000   Code   RO         4168    .ARM.Collect$$libinit$$0000001F  c_w.l(libinit2.o)
    0x00000286   0x00000286   0x00000000   Code   RO         4170    .ARM.Collect$$libinit$$00000021  c_w.l(libinit2.o)
    0x00000286   0x00000286   0x00000000   Code   RO         4172    .ARM.Collect$$libinit$$00000023  c_w.l(libinit2.o)
    0x00000286   0x00000286   0x00000000   Code   RO         4174    .ARM.Collect$$libinit$$00000025  c_w.l(libinit2.o)
    0x00000286   0x00000286   0x00000000   Code   RO         4178    .ARM.Collect$$libinit$$0000002C  c_w.l(libinit2.o)
    0x00000286   0x00000286   0x00000000   Code   RO         4180    .ARM.Collect$$libinit$$0000002E  c_w.l(libinit2.o)
    0x00000286   0x00000286   0x00000000   Code   RO         4182    .ARM.Collect$$libinit$$00000030  c_w.l(libinit2.o)
    0x00000286   0x00000286   0x00000000   Code   RO         4184    .ARM.Collect$$libinit$$00000032  c_w.l(libinit2.o)
    0x00000286   0x00000286   0x00000002   Code   RO         4185    .ARM.Collect$$libinit$$00000033  c_w.l(libinit2.o)
    0x00000288   0x00000288   0x00000002   Code   RO         4272    .ARM.Collect$$libshutdown$$00000000  c_w.l(libshutdown.o)
    0x0000028a   0x0000028a   0x00000000   Code   RO         4284    .ARM.Collect$$libshutdown$$00000002  c_w.l(libshutdown2.o)
    0x0000028a   0x0000028a   0x00000000   Code   RO         4286    .ARM.Collect$$libshutdown$$00000004  c_w.l(libshutdown2.o)
    0x0000028a   0x0000028a   0x00000000   Code   RO         4289    .ARM.Collect$$libshutdown$$00000007  c_w.l(libshutdown2.o)
    0x0000028a   0x0000028a   0x00000000   Code   RO         4292    .ARM.Collect$$libshutdown$$0000000A  c_w.l(libshutdown2.o)
    0x0000028a   0x0000028a   0x00000000   Code   RO         4294    .ARM.Collect$$libshutdown$$0000000C  c_w.l(libshutdown2.o)
    0x0000028a   0x0000028a   0x00000000   Code   RO         4297    .ARM.Collect$$libshutdown$$0000000F  c_w.l(libshutdown2.o)
    0x0000028a   0x0000028a   0x00000002   Code   RO         4298    .ARM.Collect$$libshutdown$$00000010  c_w.l(libshutdown2.o)
    0x0000028c   0x0000028c   0x00000000   Code   RO         4105    .ARM.Collect$$rtentry$$00000000  c_w.l(__rtentry.o)
    0x0000028c   0x0000028c   0x00000000   Code   RO         4200    .ARM.Collect$$rtentry$$00000002  c_w.l(__rtentry2.o)
    0x0000028c   0x0000028c   0x00000006   Code   RO         4212    .ARM.Collect$$rtentry$$00000004  c_w.l(__rtentry4.o)
    0x00000292   0x00000292   0x00000000   Code   RO         4202    .ARM.Collect$$rtentry$$00000009  c_w.l(__rtentry2.o)
    0x00000292   0x00000292   0x00000004   Code   RO         4203    .ARM.Collect$$rtentry$$0000000A  c_w.l(__rtentry2.o)
    0x00000296   0x00000296   0x00000008   Code   RO         4204    .ARM.Collect$$rtentry$$0000000B  c_w.l(__rtentry2.o)
    0x0000029e   0x0000029e   0x00000008   Code   RO         4206    .ARM.Collect$$rtentry$$0000000D  c_w.l(__rtentry2.o)
    0x000002a6   0x000002a6   0x00000002   Code   RO         4106    .ARM.Collect$$rtexit$$00000000  c_w.l(rtexit.o)
    0x000002a8   0x000002a8   0x00000000   Code   RO         4215    .ARM.Collect$$rtexit$$00000002  c_w.l(rtexit2.o)
    0x000002a8   0x000002a8   0x00000004   Code   RO         4216    .ARM.Collect$$rtexit$$00000003  c_w.l(rtexit2.o)
    0x000002ac   0x000002ac   0x00000006   Code   RO         4217    .ARM.Collect$$rtexit$$00000004  c_w.l(rtexit2.o)
    0x000002b2   0x000002b2   0x00000002   PAD
    0x000002b4   0x000002b4   0x0000001c   Code   RO          489    .emb_text           rtx_conf_cm.o
    0x000002d0   0x000002d0   0x00000198   Code   RO         3986    .emb_text           RTX_CM4.lib(hal_cm4.o)
    0x00000468   0x00000468   0x00000034   Code   RO         4070    .emb_text           c_w.l(rand.o)
    0x0000049c   0x0000049c   0x00000000   Code   RO         4225    .emb_text           c_w.l(maybetermalloc1.o)
    0x0000049c   0x0000049c   0x00000bd8   Code   RO            4    .text               enduro.o
    0x00001074   0x00001074   0x00000030   Code   RO          124    .text               image.o
    0x000010a4   0x000010a4   0x00000104   Code   RO          136    .text               datatypes.o
    0x000011a8   0x000011a8   0x00000912   Code   RO          148    .text               graphic_functions.o
    0x00001aba   0x00001aba   0x00000002   PAD
    0x00001abc   0x00001abc   0x000000a0   Code   RO          160    .text               car.o
    0x00001b5c   0x00001b5c   0x00000030   Code   RO          178    .text               console.o
    0x00001b8c   0x00001b8c   0x00000030   Code   RO          196    .text               mountain.o
    0x00001bbc   0x00001bbc   0x000000dc   Code   RO          214    .text               utils.o
    0x00001c98   0x00001c98   0x00000154   Code   RO          228    .text               buzzer.o
    0x00001dec   0x00001dec   0x0000005c   Code   RO          290    .text               buttons.o
    0x00001e48   0x00001e48   0x000006fc   Code   RO          305    .text               cfaf128x128x16.o
    0x00002544   0x00002544   0x000000d0   Code   RO          460    .text               joy.o
    0x00002614   0x00002614   0x0000008c   Code   RO          490    .text               rtx_conf_cm.o
    0x000026a0   0x000026a0   0x00000130   Code   RO          546    .text               startup_tm4c129.o
    0x000027d0   0x000027d0   0x00000028   Code   RO          553    .text               system_tm4c129.o
    0x000027f8   0x000027f8   0x00000008   Code   RO         4001    .text               c_w.l(libspace.o)
    0x00002800   0x00002800   0x0000009e   Code   RO         4012    .text               c_w.l(h1_alloc_mt.o)
    0x0000289e   0x0000289e   0x00000076   Code   RO         4014    .text               c_w.l(h1_free_mt.o)
    0x00002914   0x00002914   0x000000ee   Code   RO         4066    .text               c_w.l(lludivv7m.o)
    0x00002a02   0x00002a02   0x00000048   Code   RO         4068    .text               c_w.l(llsdiv.o)
    0x00002a4a   0x00002a4a   0x00000002   PAD
    0x00002a4c   0x00002a4c   0x0000003c   Code   RO         4071    .text               c_w.l(rand.o)
    0x00002a88   0x00002a88   0x00000012   Code   RO         4075    .text               c_w.l(exit.o)
    0x00002a9a   0x00002a9a   0x00000064   Code   RO         4077    .text               c_w.l(rt_memcpy_w.o)
    0x00002afe   0x00002afe   0x00000006   Code   RO         4079    .text               c_w.l(heapauxi.o)
    0x00002b04   0x00002b04   0x0000000a   Code   RO         4117    .text               c_w.l(rt_heap_descriptor_twolibspace.o)
    0x00002b0e   0x00002b0e   0x00000004   Code   RO         4119    .text               c_w.l(hguard.o)
    0x00002b12   0x00002b12   0x0000008a   Code   RO         4121    .text               c_w.l(init_alloc.o)
    0x00002b9c   0x00002b9c   0x00000012   Code   RO         4127    .text               c_w.l(h1_init_mt.o)
    0x00002bae   0x00002bae   0x0000003e   Code   RO         4229    .text               c_w.l(h1_extend_mt.o)
    0x00002bec   0x00002bec   0x0000000e   Code   RO         4231    .text               c_w.l(defsig_rtmem_outer.o)
    0x00002bfa   0x00002bfa   0x00000002   PAD
    0x00002bfc   0x00002bfc   0x0000000c   Code   RO         4242    .text               c_w.l(sys_exit.o)
    0x00002c08   0x00002c08   0x00000002   Code   RO         4244    .text               c_w.l(use_no_semi.o)
    0x00002c0a   0x00002c0a   0x00000000   Code   RO         4246    .text               c_w.l(indicate_semi.o)
    0x00002c0a   0x00002c0a   0x0000004a   Code   RO         4247    .text               c_w.l(sys_stackheap_outer.o)
    0x00002c54   0x00002c54   0x0000000a   Code   RO         4253    .text               c_w.l(defsig_exit.o)
    0x00002c5e   0x00002c5e   0x00000002   PAD
    0x00002c60   0x00002c60   0x00000050   Code   RO         4259    .text               c_w.l(defsig_rtmem_inner.o)
    0x00002cb0   0x00002cb0   0x00000032   Code   RO         4279    .text               c_w.l(defsig_general.o)
    0x00002ce2   0x00002ce2   0x0000000e   Code   RO         4299    .text               c_w.l(sys_wrch.o)
    0x00002cf0   0x00002cf0   0x00000004   Code   RO         3996    SVC_TABLE           RTX_CM4.lib(svc_table.o)
    0x00002cf4   0x00002cf4   0x0000000a   Code   RO          591    i.ADCIntClear       driverlib.lib(adc.o)
    0x00002cfe   0x00002cfe   0x00000034   Code   RO          598    i.ADCIntStatus      driverlib.lib(adc.o)
    0x00002d32   0x00002d32   0x0000001a   Code   RO          603    i.ADCProcessorTrigger  driverlib.lib(adc.o)
    0x00002d4c   0x00002d4c   0x00000060   Code   RO          606    i.ADCSequenceConfigure  driverlib.lib(adc.o)
    0x00002dac   0x00002dac   0x00000024   Code   RO          609    i.ADCSequenceDataGet  driverlib.lib(adc.o)
    0x00002dd0   0x00002dd0   0x0000000e   Code   RO          611    i.ADCSequenceEnable  driverlib.lib(adc.o)
    0x00002dde   0x00002dde   0x0000009a   Code   RO          614    i.ADCSequenceStepConfigure  driverlib.lib(adc.o)
    0x00002e78   0x00002e78   0x00000028   Code   RO          863    i.GPIODirModeSet    driverlib.lib(gpio.o)
    0x00002ea0   0x00002ea0   0x00000138   Code   RO          875    i.GPIOPadConfigSet  driverlib.lib(gpio.o)
    0x00002fd8   0x00002fd8   0x00000044   Code   RO          876    i.GPIOPinConfigure  driverlib.lib(gpio.o)
    0x0000301c   0x0000301c   0x00000006   Code   RO          877    i.GPIOPinRead       driverlib.lib(gpio.o)
    0x00003022   0x00003022   0x0000001c   Code   RO          878    i.GPIOPinTypeADC    driverlib.lib(gpio.o)
    0x0000303e   0x0000303e   0x0000001c   Code   RO          886    i.GPIOPinTypeGPIOInput  driverlib.lib(gpio.o)
    0x0000305a   0x0000305a   0x0000001c   Code   RO          894    i.GPIOPinTypePWM    driverlib.lib(gpio.o)
    0x00003076   0x00003076   0x00000006   Code   RO         2491    i.GrContextFontSet  grlib.lib(string.o)
    0x0000307c   0x0000307c   0x00000064   Code   RO         2442    i.GrContextInit     grlib.lib(context.o)
    0x000030e0   0x000030e0   0x00000118   Code   RO         2492    i.GrDefaultStringRenderer  grlib.lib(string.o)
    0x000031f8   0x000031f8   0x000000a6   Code   RO         2496    i.GrFontGlyphDataGet  grlib.lib(string.o)
    0x0000329e   0x0000329e   0x00000288   Code   RO         2497    i.GrFontGlyphRender  grlib.lib(string.o)
    0x00003526   0x00003526   0x00000008   Code   RO         3374    i.GrMapISO8859_1_Unicode  grlib.lib(charmap.o)
    0x0000352e   0x0000352e   0x00000020   Code   RO         2503    i.GrStringDraw      grlib.lib(string.o)
    0x0000354e   0x0000354e   0x00000014   Code   RO         1619    i.PWMClockSet       driverlib.lib(pwm.o)
    0x00003562   0x00003562   0x00000026   Code   RO         1626    i.PWMGenConfigure   driverlib.lib(pwm.o)
    0x00003588   0x00003588   0x0000000a   Code   RO         1628    i.PWMGenEnable      driverlib.lib(pwm.o)
    0x00003592   0x00003592   0x00000012   Code   RO         1640    i.PWMGenPeriodGet   driverlib.lib(pwm.o)
    0x000035a4   0x000035a4   0x00000012   Code   RO         1641    i.PWMGenPeriodSet   driverlib.lib(pwm.o)
    0x000035b6   0x000035b6   0x00000010   Code   RO         1647    i.PWMOutputInvert   driverlib.lib(pwm.o)
    0x000035c6   0x000035c6   0x00000010   Code   RO         1648    i.PWMOutputState    driverlib.lib(pwm.o)
    0x000035d6   0x000035d6   0x00000020   Code   RO         1651    i.PWMPulseWidthSet  driverlib.lib(pwm.o)
    0x000035f6   0x000035f6   0x00000002   PAD
    0x000035f8   0x000035f8   0x000002ec   Code   RO         1853    i.SysCtlClockFreqSet  driverlib.lib(sysctl.o)
    0x000038e4   0x000038e4   0x00000028   Code   RO         1885    i.SysCtlPeripheralEnable  driverlib.lib(sysctl.o)
    0x0000390c   0x0000390c   0x0000002c   Code   RO         1889    i.SysCtlPeripheralReady  driverlib.lib(sysctl.o)
    0x00003938   0x00003938   0x0000006c   Code   RO         2509    i.UpdateContextCharMapping  grlib.lib(string.o)
    0x000039a4   0x000039a4   0x00000046   Code   RO         3880    i._init_box         RTX_CM4.lib(rt_membox.o)
    0x000039ea   0x000039ea   0x00000002   PAD
    0x000039ec   0x000039ec   0x00000030   Code   RO         3933    i.dbg_init          RTX_CM4.lib(hal_cm.o)
    0x00003a1c   0x00003a1c   0x00000020   Code   RO         3934    i.dbg_task_notify   RTX_CM4.lib(hal_cm.o)
    0x00003a3c   0x00003a3c   0x00000010   Code   RO         3935    i.dbg_task_switch   RTX_CM4.lib(hal_cm.o)
    0x00003a4c   0x00003a4c   0x0000002a   Code   RO         2621    i.isrMessageGet     RTX_CM4.lib(rt_cmsis.o)
    0x00003a76   0x00003a76   0x0000002c   Code   RO         2622    i.isrMessagePut     RTX_CM4.lib(rt_cmsis.o)
    0x00003aa2   0x00003aa2   0x00000024   Code   RO         2624    i.isrSignalSet      RTX_CM4.lib(rt_cmsis.o)
    0x00003ac6   0x00003ac6   0x00000002   PAD
    0x00003ac8   0x00003ac8   0x00000028   Code   RO         3617    i.isr_evt_set       RTX_CM4.lib(rt_event.o)
    0x00003af0   0x00003af0   0x00000056   Code   RO         3735    i.isr_mbx_receive   RTX_CM4.lib(rt_mailbox.o)
    0x00003b46   0x00003b46   0x0000000e   Code   RO         3736    i.isr_mbx_send      RTX_CM4.lib(rt_mailbox.o)
    0x00003b54   0x00003b54   0x00000018   Code   RO         2625    i.osDelay           RTX_CM4.lib(rt_cmsis.o)
    0x00003b6c   0x00003b6c   0x00000024   Code   RO         2626    i.osKernelInitialize  RTX_CM4.lib(rt_cmsis.o)
    0x00003b90   0x00003b90   0x0000006c   Code   RO         2628    i.osKernelStart     RTX_CM4.lib(rt_cmsis.o)
    0x00003bfc   0x00003bfc   0x00000018   Code   RO         2629    i.osKernelSysTick   RTX_CM4.lib(rt_cmsis.o)
    0x00003c14   0x00003c14   0x00000018   Code   RO         2637    i.osMessageGet      RTX_CM4.lib(rt_cmsis.o)
    0x00003c2c   0x00003c2c   0x0000002c   Code   RO         2639    i.osMutexCreate     RTX_CM4.lib(rt_cmsis.o)
    0x00003c58   0x00003c58   0x00000018   Code   RO         2641    i.osMutexRelease    RTX_CM4.lib(rt_cmsis.o)
    0x00003c70   0x00003c70   0x00000018   Code   RO         2642    i.osMutexWait       RTX_CM4.lib(rt_cmsis.o)
    0x00003c88   0x00003c88   0x00000018   Code   RO         2652    i.osSignalSet       RTX_CM4.lib(rt_cmsis.o)
    0x00003ca0   0x00003ca0   0x00000018   Code   RO         2653    i.osSignalWait      RTX_CM4.lib(rt_cmsis.o)
    0x00003cb8   0x00003cb8   0x0000002c   Code   RO         2654    i.osThreadCreate    RTX_CM4.lib(rt_cmsis.o)
    0x00003ce4   0x00003ce4   0x00000018   Code   RO         2655    i.osThreadExit      RTX_CM4.lib(rt_cmsis.o)
    0x00003cfc   0x00003cfc   0x0000000c   Code   RO         2661    i.osTimerCall       RTX_CM4.lib(rt_cmsis.o)
    0x00003d08   0x00003d08   0x0000002c   Code   RO         2662    i.osTimerCreate     RTX_CM4.lib(rt_cmsis.o)
    0x00003d34   0x00003d34   0x00000018   Code   RO         2664    i.osTimerStart      RTX_CM4.lib(rt_cmsis.o)
    0x00003d4c   0x00003d4c   0x0000002c   Code   RO         2666    i.osTimerThread     RTX_CM4.lib(rt_cmsis.o)
    0x00003d78   0x00003d78   0x00000028   Code   RO         3527    i.os_tick_init      RTX_CM4.lib(rt_system.o)
    0x00003da0   0x00003da0   0x00000002   Code   RO         3528    i.os_tick_irqack    RTX_CM4.lib(rt_system.o)
    0x00003da2   0x00003da2   0x00000002   PAD
    0x00003da4   0x00003da4   0x00000010   Code   RO         3529    i.os_tick_ovf       RTX_CM4.lib(rt_system.o)
    0x00003db4   0x00003db4   0x00000014   Code   RO         3530    i.os_tick_val       RTX_CM4.lib(rt_system.o)
    0x00003dc8   0x00003dc8   0x0000001a   Code   RO         3881    i.rt_alloc_box      RTX_CM4.lib(rt_membox.o)
    0x00003de2   0x00003de2   0x0000003e   Code   RO         3909    i.rt_alloc_mem      RTX_CM4.lib(rt_memory.o)
    0x00003e20   0x00003e20   0x00000038   Code   RO         3240    i.rt_block          RTX_CM4.lib(rt_task.o)
    0x00003e58   0x00003e58   0x00000048   Code   RO         3858    i.rt_chk_robin      RTX_CM4.lib(rt_robin.o)
    0x00003ea0   0x00003ea0   0x00000070   Code   RO         3659    i.rt_dec_dly        RTX_CM4.lib(rt_list.o)
    0x00003f10   0x00003f10   0x00000044   Code   RO         3241    i.rt_dispatch       RTX_CM4.lib(rt_task.o)
    0x00003f54   0x00003f54   0x00000006   Code   RO         3825    i.rt_dly_wait       RTX_CM4.lib(rt_time.o)
    0x00003f5a   0x00003f5a   0x00000002   PAD
    0x00003f5c   0x00003f5c   0x00000050   Code   RO         3620    i.rt_evt_psh        RTX_CM4.lib(rt_event.o)
    0x00003fac   0x00003fac   0x0000005c   Code   RO         3621    i.rt_evt_set        RTX_CM4.lib(rt_event.o)
    0x00004008   0x00004008   0x0000003c   Code   RO         3622    i.rt_evt_wait       RTX_CM4.lib(rt_event.o)
    0x00004044   0x00004044   0x0000002c   Code   RO         3882    i.rt_free_box       RTX_CM4.lib(rt_membox.o)
    0x00004070   0x00004070   0x00000028   Code   RO         3910    i.rt_free_mem       RTX_CM4.lib(rt_memory.o)
    0x00004098   0x00004098   0x00000028   Code   RO         3660    i.rt_get_first      RTX_CM4.lib(rt_list.o)
    0x000040c0   0x000040c0   0x00000008   Code   RO         2671    i.rt_id2obj         RTX_CM4.lib(rt_cmsis.o)
    0x000040c8   0x000040c8   0x00000048   Code   RO         3242    i.rt_init_context   RTX_CM4.lib(rt_task.o)
    0x00004110   0x00004110   0x0000001a   Code   RO         3911    i.rt_init_mem       RTX_CM4.lib(rt_memory.o)
    0x0000412a   0x0000412a   0x00000002   PAD
    0x0000412c   0x0000412c   0x00000018   Code   RO         3859    i.rt_init_robin     RTX_CM4.lib(rt_robin.o)
    0x00004144   0x00004144   0x00000080   Code   RO         3936    i.rt_init_stack     RTX_CM4.lib(hal_cm.o)
    0x000041c4   0x000041c4   0x00000008   Code   RO         3737    i.rt_mbx_check      RTX_CM4.lib(rt_mailbox.o)
    0x000041cc   0x000041cc   0x0000001a   Code   RO         3738    i.rt_mbx_init       RTX_CM4.lib(rt_mailbox.o)
    0x000041e6   0x000041e6   0x00000002   PAD
    0x000041e8   0x000041e8   0x000000f0   Code   RO         3739    i.rt_mbx_psh        RTX_CM4.lib(rt_mailbox.o)
    0x000042d8   0x000042d8   0x000000b4   Code   RO         3741    i.rt_mbx_wait       RTX_CM4.lib(rt_mailbox.o)
    0x0000438c   0x0000438c   0x00000044   Code   RO         2672    i.rt_ms2tick        RTX_CM4.lib(rt_cmsis.o)
    0x000043d0   0x000043d0   0x00000010   Code   RO         3325    i.rt_mut_init       RTX_CM4.lib(rt_mutex.o)
    0x000043e0   0x000043e0   0x000000d8   Code   RO         3326    i.rt_mut_release    RTX_CM4.lib(rt_mutex.o)
    0x000044b8   0x000044b8   0x00000078   Code   RO         3327    i.rt_mut_wait       RTX_CM4.lib(rt_mutex.o)
    0x00004530   0x00004530   0x0000007c   Code   RO         3531    i.rt_pop_req        RTX_CM4.lib(rt_system.o)
    0x000045ac   0x000045ac   0x00000020   Code   RO         3532    i.rt_psh_req        RTX_CM4.lib(rt_system.o)
    0x000045cc   0x000045cc   0x0000005c   Code   RO         3662    i.rt_psq_enq        RTX_CM4.lib(rt_list.o)
    0x00004628   0x00004628   0x00000048   Code   RO         3663    i.rt_put_dly        RTX_CM4.lib(rt_list.o)
    0x00004670   0x00004670   0x00000036   Code   RO         3664    i.rt_put_prio       RTX_CM4.lib(rt_list.o)
    0x000046a6   0x000046a6   0x00000002   PAD
    0x000046a8   0x000046a8   0x00000014   Code   RO         3665    i.rt_put_rdy_first  RTX_CM4.lib(rt_list.o)
    0x000046bc   0x000046bc   0x00000034   Code   RO         3666    i.rt_resort_prio    RTX_CM4.lib(rt_list.o)
    0x000046f0   0x000046f0   0x00000010   Code   RO         3937    i.rt_ret_regs       RTX_CM4.lib(hal_cm.o)
    0x00004700   0x00004700   0x0000000c   Code   RO         3938    i.rt_ret_val        RTX_CM4.lib(hal_cm.o)
    0x0000470c   0x0000470c   0x00000010   Code   RO         3939    i.rt_ret_val2       RTX_CM4.lib(hal_cm.o)
    0x0000471c   0x0000471c   0x00000028   Code   RO         3667    i.rt_rmv_dly        RTX_CM4.lib(rt_list.o)
    0x00004744   0x00004744   0x00000030   Code   RO         3668    i.rt_rmv_list       RTX_CM4.lib(rt_list.o)
    0x00004774   0x00004774   0x00000034   Code   RO         3786    i.rt_sem_psh        RTX_CM4.lib(rt_semaphore.o)
    0x000047a8   0x000047a8   0x00000024   Code   RO         3534    i.rt_stk_check      RTX_CM4.lib(rt_system.o)
    0x000047cc   0x000047cc   0x00000028   Code   RO         3243    i.rt_switch_req     RTX_CM4.lib(rt_task.o)
    0x000047f4   0x000047f4   0x000000cc   Code   RO         3244    i.rt_sys_init       RTX_CM4.lib(rt_task.o)
    0x000048c0   0x000048c0   0x00000078   Code   RO         3245    i.rt_sys_start      RTX_CM4.lib(rt_task.o)
    0x00004938   0x00004938   0x00000040   Code   RO         3536    i.rt_systick        RTX_CM4.lib(rt_system.o)
    0x00004978   0x00004978   0x00000012   Code   RO         2673    i.rt_tid2ptcb       RTX_CM4.lib(rt_cmsis.o)
    0x0000498a   0x0000498a   0x00000002   PAD
    0x0000498c   0x0000498c   0x00000034   Code   RO         2674    i.rt_timer_insert   RTX_CM4.lib(rt_cmsis.o)
    0x000049c0   0x000049c0   0x0000003c   Code   RO         2675    i.rt_timer_remove   RTX_CM4.lib(rt_cmsis.o)
    0x000049fc   0x000049fc   0x00000088   Code   RO         3246    i.rt_tsk_create     RTX_CM4.lib(rt_task.o)
    0x00004a84   0x00004a84   0x0000017c   Code   RO         3247    i.rt_tsk_delete     RTX_CM4.lib(rt_task.o)
    0x00004c00   0x00004c00   0x0000007c   Code   RO         3249    i.rt_tsk_prio       RTX_CM4.lib(rt_task.o)
    0x00004c7c   0x00004c7c   0x00000010   Code   RO         3250    i.rt_tsk_self       RTX_CM4.lib(rt_task.o)
    0x00004c8c   0x00004c8c   0x00000012   Code   RO         2676    i.svcDelay          RTX_CM4.lib(rt_cmsis.o)
    0x00004c9e   0x00004c9e   0x00000002   PAD
    0x00004ca0   0x00004ca0   0x00000070   Code   RO         2677    i.svcKernelInitialize  RTX_CM4.lib(rt_cmsis.o)
    0x00004d10   0x00004d10   0x00000048   Code   RO         2679    i.svcKernelStart    RTX_CM4.lib(rt_cmsis.o)
    0x00004d58   0x00004d58   0x00000038   Code   RO         2680    i.svcKernelSysTick  RTX_CM4.lib(rt_cmsis.o)
    0x00004d90   0x00004d90   0x00000024   Code   RO         2682    i.svcMessageCreate  RTX_CM4.lib(rt_cmsis.o)
    0x00004db4   0x00004db4   0x0000003a   Code   RO         2683    i.svcMessageGet     RTX_CM4.lib(rt_cmsis.o)
    0x00004dee   0x00004dee   0x0000001c   Code   RO         2685    i.svcMutexCreate    RTX_CM4.lib(rt_cmsis.o)
    0x00004e0a   0x00004e0a   0x00000022   Code   RO         2687    i.svcMutexRelease   RTX_CM4.lib(rt_cmsis.o)
    0x00004e2c   0x00004e2c   0x0000003a   Code   RO         2688    i.svcMutexWait      RTX_CM4.lib(rt_cmsis.o)
    0x00004e66   0x00004e66   0x00000024   Code   RO         2695    i.svcSignalSet      RTX_CM4.lib(rt_cmsis.o)
    0x00004e8a   0x00004e8a   0x00000002   PAD
    0x00004e8c   0x00004e8c   0x00000054   Code   RO         2696    i.svcSignalWait     RTX_CM4.lib(rt_cmsis.o)
    0x00004ee0   0x00004ee0   0x0000006c   Code   RO         2697    i.svcThreadCreate   RTX_CM4.lib(rt_cmsis.o)
    0x00004f4c   0x00004f4c   0x0000001c   Code   RO         2698    i.svcThreadGetId    RTX_CM4.lib(rt_cmsis.o)
    0x00004f68   0x00004f68   0x00000038   Code   RO         2701    i.svcThreadTerminate  RTX_CM4.lib(rt_cmsis.o)
    0x00004fa0   0x00004fa0   0x00000018   Code   RO         2703    i.svcTimerCall      RTX_CM4.lib(rt_cmsis.o)
    0x00004fb8   0x00004fb8   0x00000038   Code   RO         2704    i.svcTimerCreate    RTX_CM4.lib(rt_cmsis.o)
    0x00004ff0   0x00004ff0   0x00000064   Code   RO         2706    i.svcTimerStart     RTX_CM4.lib(rt_cmsis.o)
    0x00005054   0x00005054   0x0000005c   Code   RO         2712    i.sysTimerTick      RTX_CM4.lib(rt_cmsis.o)
    0x000050b0   0x000050b0   0x00000062   Code   RO         4083    x$fpl$d2f           fz_wm.l(d2f.o)
    0x00005112   0x00005112   0x00000002   PAD
    0x00005114   0x00005114   0x00000150   Code   RO         4085    x$fpl$dadd          fz_wm.l(daddsub_clz.o)
    0x00005264   0x00005264   0x00000018   Code   RO         4186    x$fpl$dcmpinf       fz_wm.l(dcmpi.o)
    0x0000527c   0x0000527c   0x000002b0   Code   RO         4092    x$fpl$ddiv          fz_wm.l(ddiv.o)
    0x0000552c   0x0000552c   0x0000002e   Code   RO         4096    x$fpl$dflt          fz_wm.l(dflt_clz.o)
    0x0000555a   0x0000555a   0x00000002   PAD
    0x0000555c   0x0000555c   0x00000078   Code   RO         4101    x$fpl$dleqf         fz_wm.l(dleqf.o)
    0x000055d4   0x000055d4   0x0000009c   Code   RO         4188    x$fpl$dnaninf       fz_wm.l(dnaninf.o)
    0x00005670   0x00005670   0x0000000c   Code   RO         4190    x$fpl$dretinf       fz_wm.l(dretinf.o)
    0x0000567c   0x0000567c   0x000001d4   Code   RO         4087    x$fpl$dsub          fz_wm.l(daddsub_clz.o)
    0x00005850   0x00005850   0x00000056   Code   RO         4103    x$fpl$f2d           fz_wm.l(f2d.o)
    0x000058a6   0x000058a6   0x0000008c   Code   RO         4192    x$fpl$fnaninf       fz_wm.l(fnaninf.o)
    0x00005932   0x00005932   0x0000000a   Code   RO         4240    x$fpl$fpinit        fz_wm.l(fpinit.o)
    0x0000593c   0x0000593c   0x0000000a   Code   RO         4194    x$fpl$fretinf       fz_wm.l(fretinf.o)
    0x00005946   0x00005946   0x00000000   Code   RO         4196    x$fpl$usenofp       fz_wm.l(usenofp.o)
    0x00005946   0x00005946   0x00000002   PAD
    0x00005948   0x00005948   0x000000b0   Data   RO            9    .constdata          enduro.o
    0x000059f8   0x000059f8   0x00000618   Data   RO          161    .constdata          car.o
    0x00006010   0x00006010   0x00002800   Data   RO          179    .constdata          console.o
    0x00008810   0x00008810   0x000006e0   Data   RO          197    .constdata          mountain.o
    0x00008ef0   0x00008ef0   0x00000028   Data   RO          318    .constdata          cfaf128x128x16.o
    0x00008f18   0x00008f18   0x00000002   Data   RO          498    .constdata          rtx_conf_cm.o
    0x00008f1a   0x00008f1a   0x00000002   PAD
    0x00008f1c   0x00008f1c   0x00000004   Data   RO          499    .constdata          rtx_conf_cm.o
    0x00008f20   0x00008f20   0x00000004   Data   RO          500    .constdata          rtx_conf_cm.o
    0x00008f24   0x00008f24   0x00000004   Data   RO          504    .constdata          rtx_conf_cm.o
    0x00008f28   0x00008f28   0x00000001   Data   RO          505    .constdata          rtx_conf_cm.o
    0x00008f29   0x00008f29   0x00000003   PAD
    0x00008f2c   0x00008f2c   0x00000010   Data   RO          506    .constdata          rtx_conf_cm.o
    0x00008f3c   0x00008f3c   0x00000002   Data   RO          507    .constdata          rtx_conf_cm.o
    0x00008f3e   0x00008f3e   0x00000002   PAD
    0x00008f40   0x00008f40   0x00000004   Data   RO          508    .constdata          rtx_conf_cm.o
    0x00008f44   0x00008f44   0x00000004   Data   RO          509    .constdata          rtx_conf_cm.o
    0x00008f48   0x00008f48   0x00000001   Data   RO          510    .constdata          rtx_conf_cm.o
    0x00008f49   0x00008f49   0x00000003   PAD
    0x00008f4c   0x00008f4c   0x00000010   Data   RO          511    .constdata          rtx_conf_cm.o
    0x00008f5c   0x00008f5c   0x00000008   Data   RO          512    .constdata          rtx_conf_cm.o
    0x00008f64   0x00008f64   0x00000002   Data   RO          513    .constdata          rtx_conf_cm.o
    0x00008f66   0x00008f66   0x00000002   PAD
    0x00008f68   0x00008f68   0x00000010   Data   RO          514    .constdata          rtx_conf_cm.o
    0x00008f78   0x00008f78   0x00000228   Data   RO          907    .constdata          driverlib.lib(gpio.o)
    0x000091a0   0x000091a0   0x00000254   Data   RO         1907    .constdata          driverlib.lib(sysctl.o)
    0x000093f4   0x000093f4   0x00000010   Data   RO         2444    .constdata          grlib.lib(context.o)
    0x00009404   0x00009404   0x000002f8   Data   RO         2476    .constdata          grlib.lib(fontfixed6x8.o)
    0x000096fc   0x000096fc   0x000000c8   Data   RO         2477    .constdata          grlib.lib(fontfixed6x8.o)
    0x000097c4   0x000097c4   0x00000025   Data   RO          215    .conststring        utils.o
    0x000097e9   0x000097e9   0x00000003   PAD
    0x000097ec   0x000097ec   0x00000020   Data   RO         4317    Region$$Table       anon$$obj.o


    Execution Region RW_IRAM1 (Exec base: 0x20000000, Load base: 0x0000980c, Size: 0x0003a410, Max: 0x00040000, ABSOLUTE)

    Exec Addr    Load Addr    Size         Type   Attr      Idx    E Section Name        Object

    0x20000000   0x0000980c   0x00000048   Data   RW           10    .data               enduro.o
    0x20000048   0x00009854   0x00000004   Data   RW          216    .data               utils.o
    0x2000004c   0x00009858   0x0000000c   Data   RW          229    .data               buzzer.o
    0x20000058   0x00009864   0x00000008   Data   RW          319    .data               cfaf128x128x16.o
    0x20000060   0x0000986c   0x00000004   Data   RW          516    .data               rtx_conf_cm.o
    0x20000064   0x00009870   0x00000004   Data   RW          517    .data               rtx_conf_cm.o
    0x20000068   0x00009874   0x00000004   Data   RW          518    .data               rtx_conf_cm.o
    0x2000006c   0x00009878   0x00000004   Data   RW          519    .data               rtx_conf_cm.o
    0x20000070   0x0000987c   0x00000004   Data   RW          554    .data               system_tm4c129.o
    0x20000074   0x00009880   0x00000004   Data   RW         2445    .data               grlib.lib(context.o)
    0x20000078   0x00009884   0x00000008   Data   RW         2715    .data               RTX_CM4.lib(rt_cmsis.o)
    0x20000080   0x0000988c   0x00000008   Data   RW         3252    .data               RTX_CM4.lib(rt_task.o)
    0x20000088   0x00009894   0x00000008   Data   RW         3539    .data               RTX_CM4.lib(rt_system.o)
    0x20000090   0x0000989c   0x00000004   Data   RW         3829    .data               RTX_CM4.lib(rt_time.o)
    0x20000094   0x000098a0   0x00000008   Data   RW         3860    .data               RTX_CM4.lib(rt_robin.o)
    0x2000009c   0x000098a8   0x00000001   Data   RW         3940    .data               RTX_CM4.lib(hal_cm.o)
    0x2000009d   0x000098a9   0x00000003   PAD
    0x200000a0        -       0x00000010   Zero   RW            5    .bss                enduro.o
    0x200000b0        -       0x00000010   Zero   RW            6    .bss                enduro.o
    0x200000c0        -       0x0000002c   Zero   RW            7    .bss                enduro.o
    0x200000ec        -       0x00000018   Zero   RW            8    .bss                enduro.o
    0x20000104        -       0x00000020   Zero   RW          491    .bss                rtx_conf_cm.o
    0x20000124        -       0x00000380   Zero   RW          492    .bss                rtx_conf_cm.o
    0x200004a4   0x000098a9   0x00000004   PAD
    0x200004a8        -       0x00003210   Zero   RW          493    .bss                rtx_conf_cm.o
    0x200036b8        -       0x00000408   Zero   RW          494    .bss                rtx_conf_cm.o
    0x20003ac0        -       0x00000084   Zero   RW          495    .bss                rtx_conf_cm.o
    0x20003b44        -       0x00000044   Zero   RW          496    .bss                rtx_conf_cm.o
    0x20003b88        -       0x000006e0   Zero   RW          497    .bss                rtx_conf_cm.o
    0x20004268        -       0x00000034   Zero   RW         3251    .bss                RTX_CM4.lib(rt_task.o)
    0x2000429c        -       0x00000030   Zero   RW         3669    .bss                RTX_CM4.lib(rt_list.o)
    0x200042cc        -       0x00000060   Zero   RW         4002    .bss                c_w.l(libspace.o)
    0x2000432c        -       0x000000e4   Zero   RW         4072    .bss                c_w.l(rand.o)
    0x20004410        -       0x00035000   Zero   RW          544    HEAP                startup_tm4c129.o
    0x20039410        -       0x00001000   Zero   RW          543    STACK               startup_tm4c129.o


==============================================================================

Image component sizes


      Code (inc. data)   RO Data    RW Data    ZI Data      Debug   Object Name

        92         10          0          0          0        860   buttons.o
       340         36          0         12          0       2257   buzzer.o
       160         14       1560          0          0       2571   car.o
      1788         94         40          8          0      10674   cfaf128x128x16.o
        48          6      10240          0          0       1514   console.o
       260          0          0          0          0       2060   datatypes.o
      3032         86        176         72        100     106141   enduro.o
      2322        134          0          0          0       7989   graphic_functions.o
        48          0          0          0          0       1237   image.o
       208         22          0          0          0       1225   joy.o
        48          6       1760          0          0       1482   mountain.o
       168         36         84         16      16736       8917   rtx_conf_cm.o
       304         26        512          0     221184       6020   startup_tm4c129.o
        40         14          0          4          0        861   system_tm4c129.o
       220          6         37          4          0       1317   utils.o

    ----------------------------------------------------------------------
      9080        490      14456        116     238024     155125   Object Totals
         0          0         32          0          0          0   (incl. Generated)
         2          0         15          0          4          0   (incl. Padding)

    ----------------------------------------------------------------------

      Code (inc. data)   RO Data    RW Data    ZI Data      Debug   Library Member Name

       268         24          0          1          0       4524   hal_cm.o
       408         34          0          0          0        824   hal_cm4.o
      1932        222          0          8          0      48355   rt_cmsis.o
       272         18          0          0          0       2842   rt_event.o
       530         34          0          0         48       8685   rt_list.o
       554         10          0          0          0       4237   rt_mailbox.o
       140          0          0          0          0       2069   rt_membox.o
       128          0          0          0          0       2451   rt_memory.o
       352         14          0          0          0       2249   rt_mutex.o
        96         22          0          8          0       1254   rt_robin.o
        52          4          0          0          0        621   rt_semaphore.o
       334         64          0          8          0       7475   rt_system.o
      1216        174          0          8         52      10129   rt_task.o
         6          0          0          4          0        700   rt_time.o
         4          4          0          0          0        208   svc_table.o
         8          0          0          0          0         68   __main.o
         0          0          0          0          0          0   __rtentry.o
        20          0          0          0          0          0   __rtentry2.o
         6          0          0          0          0          0   __rtentry4.o
        52          8          0          0          0          0   __scatter.o
        26          0          0          0          0          0   __scatter_copy.o
        28          0          0          0          0          0   __scatter_zi.o
        10          0          0          0          0         68   defsig_exit.o
        50          0          0          0          0         88   defsig_general.o
        80         58          0          0          0         76   defsig_rtmem_inner.o
        14          0          0          0          0         80   defsig_rtmem_outer.o
        18          0          0          0          0         80   exit.o
       158          0          0          0          0        128   h1_alloc_mt.o
        62          0          0          0          0         80   h1_extend_mt.o
       118          0          0          0          0        108   h1_free_mt.o
        18          0          0          0          0         84   h1_init_mt.o
         6          0          0          0          0        152   heapauxi.o
         4          0          0          0          0        136   hguard.o
         0          0          0          0          0          0   indicate_semi.o
       138          0          0          0          0        168   init_alloc.o
         2          0          0          0          0          0   libinit.o
        18          0          0          0          0          0   libinit2.o
         2          0          0          0          0          0   libshutdown.o
         2          0          0          0          0          0   libshutdown2.o
         8          4          0          0         96         68   libspace.o
        72          0          0          0          0         76   llsdiv.o
       238          0          0          0          0        100   lludivv7m.o
         0          0          0          0          0          0   maybetermalloc1.o
       112         18          0          0        228        160   rand.o
        10          0          0          0          0         76   rt_heap_descriptor_twolibspace.o
       100          0          0          0          0         80   rt_memcpy_w.o
         2          0          0          0          0          0   rtexit.o
        10          0          0          0          0          0   rtexit2.o
        12          4          0          0          0         68   sys_exit.o
        74          0          0          0          0         80   sys_stackheap_outer.o
        14          0          0          0          0         76   sys_wrch.o
         2          0          0          0          0         68   use_no_semi.o
       388          0          0          0          0       8694   adc.o
       510          8        552          0          0       5722   gpio.o
       168          0          0          0          0       4621   pwm.o
       832         50        596          0          0       5470   sysctl.o
        98          4          0          0          0        140   d2f.o
       804         16          0          0          0        368   daddsub_clz.o
        24          0          0          0          0        116   dcmpi.o
       688        140          0          0          0        256   ddiv.o
        46          0          0          0          0        116   dflt_clz.o
       120          4          0          0          0        140   dleqf.o
       156          4          0          0          0        140   dnaninf.o
        12          0          0          0          0        116   dretinf.o
        86          4          0          0          0        132   f2d.o
       140          4          0          0          0        132   fnaninf.o
        10          0          0          0          0        116   fpinit.o
        10          0          0          0          0        116   fretinf.o
         0          0          0          0          0          0   usenofp.o
         8          0          0          0          0       1494   charmap.o
       100         12         16          4          0      26443   context.o
         0          0        960          0          0      25662   fontfixed6x8.o
      1240          0          0          0          0       9079   string.o

    ----------------------------------------------------------------------
     13264        962       2124         44        424     187864   Library Totals
        38          0          0          3          0          0   (incl. Padding)

    ----------------------------------------------------------------------

      Code (inc. data)   RO Data    RW Data    ZI Data      Debug   Library Name

      6292        624          0         37        100      96623   RTX_CM4.lib
      1494         92          0          0        324       2168   c_w.l
      1898         58       1148          0          0      24507   driverlib.lib
      2194        176          0          0          0       1888   fz_wm.l
      1348         12        976          4          0      62678   grlib.lib

    ----------------------------------------------------------------------
     13264        962       2124         44        424     187864   Library Totals

    ----------------------------------------------------------------------

==============================================================================


      Code (inc. data)   RO Data    RW Data    ZI Data      Debug   

     22344       1452      16580        160     238448     326197   Grand Totals
     22344       1452      16580        160     238448     326197   ELF Image Totals
     22344       1452      16580        160          0          0   ROM Totals

==============================================================================

    Total RO  Size (Code + RO Data)                38924 (  38.01kB)
    Total RW  Size (RW Data + ZI Data)            238608 ( 233.02kB)
    Total ROM Size (Code + RO Data + RW Data)      39084 (  38.17kB)

==============================================================================

