<html>
<body>
<pre>
<h1>µVision Build Log</h1>
<h2>Tool Versions:</h2>
IDE-Version: µVision V5.24.2.0
Copyright (C) 2017 ARM Ltd and ARM Germany GmbH. All rights reserved.
License Information: Lucas Kaminski, UTFPR, LIC=X1ERA-1JA8P-YBIE9-4Z9Q2-9TM5L-L63C2
 
Tool Versions:
Toolchain:       MDK-ARM Professional  Version: 5.24.1
Toolchain Path:  C:\Keil_v5\ARM\ARMCC\Bin
C Compiler:      Armcc.exe V5.06 update 5 (build 528)
Assembler:       Armasm.exe V5.06 update 5 (build 528)
Linker/Locator:  ArmLink.exe V5.06 update 5 (build 528)
Library Manager: ArmAr.exe V5.06 update 5 (build 528)
Hex Converter:   FromElf.exe V5.06 update 5 (build 528)
CPU DLL:         SARMCM3.DLL V5.24.1
Dialog DLL:      DCM.DLL V1.16.0.0
Target DLL:      lmidk-agdi.dll V???
Dialog DLL:      TCM.DLL V1.32.0.0
 
<h2>Project:</h2>
D:\Main\git\Sistemas_embarcados\Lab3\ProjectFiles\base_project.uvprojx
Project File Date:  05/06/2018

<h2>Output:</h2>
*** Using Compiler 'V5.06 update 5 (build 528)', folder: 'C:\Keil_v5\ARM\ARMCC\Bin'
*** Note: Rebuilding project, since 'Options->Output->Create Batch File' is selected.
Rebuild Project 'base_project' - Target 'TM4C129 Flash'
compiling Enduro.c...
D:\Main\git\Sistemas_embarcados\Lab3\ProjectFiles\buttons.h(5): warning:  #1295-D: Deprecated declaration button_init - give arg types
  extern void button_init();
D:\Main\git\Sistemas_embarcados\Lab3\ProjectFiles\buttons.h(6): warning:  #1295-D: Deprecated declaration button_read_s1 - give arg types
  extern 
ool button_read_s1();
D:\Main\git\Sistemas_embarcados\Lab3\ProjectFiles\buttons.h(7): warning:  #1295-D: Deprecated declaration button_read_s2 - give arg types
  extern 
ool button_read_s2();
D:\Main\git\Sistemas_embarcados\Lab3\ProjectFiles\buttons.h(9): warning:  #1-D: last line of file ends without a newline
  #endif //__BUTTONS_H
D:\Main\git\Sistemas_embarcados\Lab3\ProjectFiles\joy.h(20): warning:  #1295-D: Deprecated declaration joy_read_center - give arg types
  extern 
ool joy_read_center();
D:\Main\git\Sistemas_embarcados\Lab3\ProjectFiles\Image.h(15): warning:  #1-D: last line of file ends without a newline
  #endif
D:\Main\git\Sistemas_embarcados\Lab3\ProjectFiles\Car.h(37): warning:  #1-D: last line of file ends without a newline
  #endif
D:\Main\git\Sistemas_embarcados\Lab3\ProjectFiles\Console.h(16): warning:  #1-D: last line of file ends without a newline
  #endif
D:\Main\git\Sistemas_embarcados\Lab3\ProjectFiles\Mountain.h(17): warning:  #1-D: last line of file ends without a newline
  #endif
D:\Main\git\Sistemas_embarcados\Lab3\ProjectFiles\utils.h(11): warning:  #1-D: last line of file ends without a newline
  #endif
D:\Main\git\Sistemas_embarcados\Lab3\ProjectFiles\Enduro.c(70): warning:  #1295-D: Deprecated declaration start_game_clock_timer - give arg types
  void start_game_clock_timer();
D:\Main\git\Sistemas_embarcados\Lab3\ProjectFiles\Enduro.c(176): warning:  #940-D: missing return statement at end of non-void function "set_current_weather" 
  }
D:\Main\git\Sistemas_embarcados\Lab3\ProjectFiles\Enduro.c(281): warning:  #177-D: variable "current_weather"  was declared but never referenced
        int current_weather = 0;
D:\Main\git\Sistemas_embarcados\Lab3\ProjectFiles\Enduro.c(282): warning:  #177-D: variable "car_move_left"  was declared but never referenced
        bool car_move_left = false, car_move_right = false, car_accel = false; 
D:\Main\git\Sistemas_embarcados\Lab3\ProjectFiles\Enduro.c(282): warning:  #177-D: variable "car_move_right"  was declared but never referenced
        bool car_move_left = false, car_move_right = false, car_accel = false; 
D:\Main\git\Sistemas_embarcados\Lab3\ProjectFiles\Enduro.c(282): warning:  #177-D: variable "car_accel"  was declared but never referenced
        bool car_move_left = false, car_move_right = false, car_accel = false; 
D:\Main\git\Sistemas_embarcados\Lab3\ProjectFiles\Enduro.c(339): warning:  #550-D: variable "random"  was set but never used
        int random;
D:\Main\git\Sistemas_embarcados\Lab3\ProjectFiles\Enduro.c(340): warning:  #177-D: variable "too_far_away"  was declared but never referenced
        bool too_far_away = false;
Enduro.c: 18 warnings, 0 errors
compiling Image.c...
D:\Main\git\Sistemas_embarcados\Lab3\ProjectFiles\Image.h(15): warning:  #1-D: last line of file ends without a newline
  #endif
D:\Main\git\Sistemas_embarcados\Lab3\ProjectFiles\Image.c(9): warning:  #1-D: last line of file ends without a newline
  }
Image.c: 2 warnings, 0 errors
compiling datatypes.c...
D:\Main\git\Sistemas_embarcados\Lab3\ProjectFiles\Image.h(15): warning:  #1-D: last line of file ends without a newline
  #endif
D:\Main\git\Sistemas_embarcados\Lab3\ProjectFiles\Car.h(37): warning:  #1-D: last line of file ends without a newline
  #endif
D:\Main\git\Sistemas_embarcados\Lab3\ProjectFiles\Console.h(16): warning:  #1-D: last line of file ends without a newline
  #endif
D:\Main\git\Sistemas_embarcados\Lab3\ProjectFiles\Mountain.h(17): warning:  #1-D: last line of file ends without a newline
  #endif
datatypes.c: 4 warnings, 0 errors
compiling graphic_functions.c...
D:\Main\git\Sistemas_embarcados\Lab3\ProjectFiles\Image.h(15): warning:  #1-D: last line of file ends without a newline
  #endif
D:\Main\git\Sistemas_embarcados\Lab3\ProjectFiles\Car.h(37): warning:  #1-D: last line of file ends without a newline
  #endif
D:\Main\git\Sistemas_embarcados\Lab3\ProjectFiles\Console.h(16): warning:  #1-D: last line of file ends without a newline
  #endif
D:\Main\git\Sistemas_embarcados\Lab3\ProjectFiles\Mountain.h(17): warning:  #1-D: last line of file ends without a newline
  #endif
D:\Main\git\Sistemas_embarcados\Lab3\ProjectFiles\utils.h(11): warning:  #1-D: last line of file ends without a newline
  #endif
D:\Main\git\Sistemas_embarcados\Lab3\ProjectFiles\graphic_functions.c(485): warning:  #1-D: last line of file ends without a newline
  }
graphic_functions.c: 6 warnings, 0 errors
compiling Car.c...
D:\Main\git\Sistemas_embarcados\Lab3\ProjectFiles\Image.h(15): warning:  #1-D: last line of file ends without a newline
  #endif
D:\Main\git\Sistemas_embarcados\Lab3\ProjectFiles\Car.h(37): warning:  #1-D: last line of file ends without a newline
  #endif
D:\Main\git\Sistemas_embarcados\Lab3\ProjectFiles\Car.c(72): warning:  #1-D: last line of file ends without a newline
  };
Car.c: 3 warnings, 0 errors
compiling Console.c...
D:\Main\git\Sistemas_embarcados\Lab3\ProjectFiles\Image.h(15): warning:  #1-D: last line of file ends without a newline
  #endif
D:\Main\git\Sistemas_embarcados\Lab3\ProjectFiles\Console.h(16): warning:  #1-D: last line of file ends without a newline
  #endif
D:\Main\git\Sistemas_embarcados\Lab3\ProjectFiles\Console.c(34): warning:  #1-D: last line of file ends without a newline
  };
Console.c: 3 warnings, 0 errors
compiling Mountain.c...
D:\Main\git\Sistemas_embarcados\Lab3\ProjectFiles\Image.h(15): warning:  #1-D: last line of file ends without a newline
  #endif
D:\Main\git\Sistemas_embarcados\Lab3\ProjectFiles\Mountain.h(17): warning:  #1-D: last line of file ends without a newline
  #endif
D:\Main\git\Sistemas_embarcados\Lab3\ProjectFiles\Mountain.c(26): warning:  #1-D: last line of file ends without a newline
  };
Mountain.c: 3 warnings, 0 errors
compiling utils.c...
D:\Main\git\Sistemas_embarcados\Lab3\ProjectFiles\utils.h(11): warning:  #1-D: last line of file ends without a newline
  #endif
D:\Main\git\Sistemas_embarcados\Lab3\ProjectFiles\utils.c(66): warning:  #1-D: last line of file ends without a newline
  }
utils.c: 2 warnings, 0 errors
compiling buzzer.c...
D:\Main\git\Sistemas_embarcados\Lab3\ProjectFiles\buzzer.h(18): warning:  #1295-D: Deprecated declaration buzzer_init - give arg types
  extern void buzzer_init();
D:\Main\git\Sistemas_embarcados\Lab3\ProjectFiles\buzzer.h(23): warning:  #1-D: last line of file ends without a newline
  #endif //__BUZZER_H
D:\Main\git\Sistemas_embarcados\Lab3\ProjectFiles\buzzer.c(162): warning:  #1-D: last line of file ends without a newline
  }
D:\Main\git\Sistemas_embarcados\Lab3\ProjectFiles\buzzer.c(31): warning:  #550-D: variable "g_ui32SysClock"  was set but never used
  static uint32_t g_ui32SysClock;
D:\Main\git\Sistemas_embarcados\Lab3\ProjectFiles\buzzer.c(33): warning:  #550-D: variable "g_current_per"  was set but never used
  static uint16_t g_current_per;
buzzer.c: 5 warnings, 0 errors
compiling accel.c...
D:\Main\git\Sistemas_embarcados\Lab3\ProjectFiles\accel.c(89): warning:  #1-D: last line of file ends without a newline
  }
accel.c: 1 warning, 0 errors
compiling buttons.c...
D:\Main\git\Sistemas_embarcados\Lab3\ProjectFiles\buttons.h(5): warning:  #1295-D: Deprecated declaration button_init - give arg types
  extern void button_init();
D:\Main\git\Sistemas_embarcados\Lab3\ProjectFiles\buttons.h(6): warning:  #1295-D: Deprecated declaration button_read_s1 - give arg types
  extern 
ool button_read_s1();
D:\Main\git\Sistemas_embarcados\Lab3\ProjectFiles\buttons.h(7): warning:  #1295-D: Deprecated declaration button_read_s2 - give arg types
  extern 
ool button_read_s2();
D:\Main\git\Sistemas_embarcados\Lab3\ProjectFiles\buttons.h(9): warning:  #1-D: last line of file ends without a newline
  #endif //__BUTTONS_H
buttons.c: 4 warnings, 0 errors
compiling cfaf128x128x16.c...
D:\Main\git\Sistemas_embarcados\Lab3\ProjectFiles\cfaf128x128x16.c(880): warning:  #1-D: last line of file ends without a newline
  //*****************************************************************************
D:\Main\git\Sistemas_embarcados\Lab3\ProjectFiles\cfaf128x128x16.c(770): warning:  #177-D: function "ssiSetDataMode"  was declared but never referenced
  ssiSetDataMode(uint8_t mode) {
D:\Main\git\Sistemas_embarcados\Lab3\ProjectFiles\cfaf128x128x16.c(777): warning:  #177-D: function "ssiSetClockDivider"  was declared but never referenced
  ssiSetClockDivider(uint8_t divider){
cfaf128x128x16.c: 3 warnings, 0 errors
compiling led.c...
compiling mic.c...
D:\Main\git\Sistemas_embarcados\Lab3\ProjectFiles\mic.h(23): warning:  #1-D: last line of file ends without a newline
  #endif //__MIC_H__
D:\Main\git\Sistemas_embarcados\Lab3\ProjectFiles\mic.c(91): warning:  #1-D: last line of file ends without a newline
  }
mic.c: 2 warnings, 0 errors
compiling opt.c...
D:\Main\git\Sistemas_embarcados\Lab3\ProjectFiles\opt.h(20): warning:  #1295-D: Deprecated declaration opt_init - give arg types
  extern void  opt_init();
D:\Main\git\Sistemas_embarcados\Lab3\ProjectFiles\opt.h(21): warning:  #1295-D: Deprecated declaration opt_read - give arg types
  extern uint16_t opt_read();
D:\Main\git\Sistemas_embarcados\Lab3\ProjectFiles\opt.h(22): warning:  #1295-D: Deprecated declaration opt_read_lux - give arg types
  extern uint32_t opt_read_lux();
D:\Main\git\Sistemas_embarcados\Lab3\ProjectFiles\opt.h(24): warning:  #1-D: last line of file ends without a newline
  #endif //__OPT_H__
D:\Main\git\Sistemas_embarcados\Lab3\ProjectFiles\opt.c(149): warning:  #128-D: loop is not reachable
                while(i < n){
D:\Main\git\Sistemas_embarcados\Lab3\ProjectFiles\opt.c(195): warning:  #128-D: loop is not reachable
                while(i < n-1){
D:\Main\git\Sistemas_embarcados\Lab3\ProjectFiles\opt.c(330): warning:  #177-D: variable "temp"  was declared but never referenced
                uint64_t temp = 0;
D:\Main\git\Sistemas_embarcados\Lab3\ProjectFiles\opt.c(60): warning:  #550-D: variable "mid"  was set but never used
  static uint16_t mid, did;
D:\Main\git\Sistemas_embarcados\Lab3\ProjectFiles\opt.c(60): warning:  #550-D: variable "did"  was set but never used
  static uint16_t mid, did;
D:\Main\git\Sistemas_embarcados\Lab3\ProjectFiles\opt.c(86): warning:  #177-D: variable "g_mid"  was declared but never referenced
  static uint16_t g_mid, g_did, g_timeout_count;
D:\Main\git\Sistemas_embarcados\Lab3\ProjectFiles\opt.c(86): warning:  #177-D: variable "g_did"  was declared but never referenced
  static uint16_t g_mid, g_did, g_timeout_count;
opt.c: 11 warnings, 0 errors
compiling rgb.c...
D:\Main\git\Sistemas_embarcados\Lab3\ProjectFiles\rgb.h(66): warning:  #1-D: last line of file ends without a newline
  #endif //__RGB_H__
D:\Main\git\Sistemas_embarcados\Lab3\ProjectFiles\rgb.c(290): warning:  #1-D: last line of file ends without a newline
  }
rgb.c: 2 warnings, 0 errors
compiling servo.c...
D:\Main\git\Sistemas_embarcados\Lab3\ProjectFiles\servo.h(27): warning:  #1295-D: Deprecated declaration servo_init - give arg types
  extern void servo_init();
D:\Main\git\Sistemas_embarcados\Lab3\ProjectFiles\servo.c(59): warning:  #550-D: variable "g_ui32SysClock"  was set but never used
  static uint32_t g_ui32SysClock;
servo.c: 2 warnings, 0 errors
compiling joy.c...
D:\Main\git\Sistemas_embarcados\Lab3\ProjectFiles\joy.h(20): warning:  #1295-D: Deprecated declaration joy_read_center - give arg types
  extern 
ool joy_read_center();
D:\Main\git\Sistemas_embarcados\Lab3\ProjectFiles\joy.c(102): warning:  #1-D: last line of file ends without a newline
  }
joy.c: 2 warnings, 0 errors
compiling temp.c...
D:\Main\git\Sistemas_embarcados\Lab3\ProjectFiles\temp.h(23): warning:  #1-D: last line of file ends without a newline
  #endif //__TEMP_H__
D:\Main\git\Sistemas_embarcados\Lab3\ProjectFiles\temp.c(158): warning:  #128-D: loop is not reachable
                while(i < n){
D:\Main\git\Sistemas_embarcados\Lab3\ProjectFiles\temp.c(207): warning:  #128-D: loop is not reachable
                while(i < n-1){
D:\Main\git\Sistemas_embarcados\Lab3\ProjectFiles\temp.c(303): warning:  #177-D: variable "temp"  was declared but never referenced
        uint64_t temp = 0;
D:\Main\git\Sistemas_embarcados\Lab3\ProjectFiles\temp.c(94): warning:  #550-D: variable "g_mid"  was set but never used
  static uint16_t g_mid, g_did, g_timeout_count;
D:\Main\git\Sistemas_embarcados\Lab3\ProjectFiles\temp.c(94): warning:  #550-D: variable "g_did"  was set but never used
  static uint16_t g_mid, g_did, g_timeout_count;
temp.c: 6 warnings, 0 errors
compiling RTX_Conf_CM.c...
assembling startup_TM4C129.s...
compiling system_TM4C129.c...
linking...
Program Size: Code=17200 RO-data=16432 RW-data=136 ZI-data=238368  
".\Flash\base_project.axf" - 0 Error(s), 79 Warning(s).

<h2>Software Packages used:</h2>

Package Vendor: ARM
                http://www.keil.com/pack/ARM.CMSIS.5.0.1.pack
                ARM.CMSIS.5.0.1
                CMSIS (Cortex Microcontroller Software Interface Standard)
   * Component: Keil RTX Version: 4.81.0
   * Component: CORE Version: 5.0.1
   * Component: RTOS Version: 1.0.0

Package Vendor: Keil
                http://www.keil.com/pack/Keil.TM4C_DFP.1.1.0.pack
                Keil.TM4C_DFP.1.1.0
                Texas Instruments Tiva C Series Device Support and Examples
   * Component: Startup Version: 1.0.0

<h2>Collection of Component include folders:</h2>
  .\RTE\_TM4C129_Flash
  C:\Keil_v5\ARM\PACK\ARM\CMSIS\5.0.1\CMSIS\Include
  C:\Keil_v5\ARM\PACK\ARM\CMSIS\5.0.1\CMSIS\RTOS\RTX\INC
  C:\Keil_v5\ARM\PACK\Keil\TM4C_DFP\1.1.0\Device\Include\TM4C129

<h2>Collection of Component Files used:</h2>

   * Component: Keil::Device:Startup:1.0.0
      Source file:   Device\Source\ARM\startup_TM4C129.s
      Include file:  Device\Include\TM4C129\TM4C129.h
      Source file:   Device\Source\system_TM4C129.c

   * Component: ARM::CMSIS:RTOS:Keil RTX:4.81.0
      Source file:   CMSIS\RTOS\RTX\UserCodeTemplates\MailQueue.c
      Include file:  CMSIS\RTOS\RTX\INC\cmsis_os.h
      Source file:   CMSIS\RTOS\RTX\UserCodeTemplates\main.c
      Include file:  CMSIS\RTOS\RTX\UserCodeTemplates\osObjects.h
      Source file:   CMSIS\RTOS\RTX\UserCodeTemplates\MemPool.c
      Source file:   CMSIS\RTOS\RTX\UserCodeTemplates\MsgQueue.c
      Source file:   CMSIS\RTOS\RTX\UserCodeTemplates\Mutex.c
      Source file:   CMSIS\RTOS\RTX\SRC\ARM\SVC_Table.s
      Source file:   CMSIS\RTOS\RTX\UserCodeTemplates\Timer.c
      Source file:   CMSIS\RTOS\RTX\UserCodeTemplates\Semaphore.c
      Source file:   CMSIS\RTOS\RTX\UserCodeTemplates\Thread.c
      Source file:   CMSIS\RTOS\RTX\Templates\RTX_Conf_CM.c
      Library file:  CMSIS\RTOS\RTX\LIB\ARM\RTX_CM4.lib

   * Component: ARM::CMSIS:CORE:5.0.1

   * Component: ::CMSIS:RTOS:1.0.0 (API)
Build Time Elapsed:  00:00:06
</pre>
</body>
</html>
