Component: ARM Compiler 5.06 update 5 (build 528) Tool: armlink [4d35e2]

==============================================================================

Section Cross References

    enduro.o(.text) refers to rt_cmsis.o(i.osSignalSet) for osSignalSet
    enduro.o(.text) refers to rt_cmsis.o(i.osTimerStart) for osTimerStart
    enduro.o(.text) refers to rt_cmsis.o(i.osSignalWait) for osSignalWait
    enduro.o(.text) refers to joy.o(.text) for joy_read_x
    enduro.o(.text) refers to buttons.o(.text) for button_read_s1
    enduro.o(.text) refers to rt_cmsis.o(i.osKernelSysTick) for osKernelSysTick
    enduro.o(.text) refers to rand.o(.text) for srand
    enduro.o(.text) refers to rand.o(.emb_text) for rand
    enduro.o(.text) refers to rt_cmsis.o(i.osMutexWait) for osMutexWait
    enduro.o(.text) refers to rt_cmsis.o(i.osMutexRelease) for osMutexRelease
    enduro.o(.text) refers to utils.o(.text) for difference
    enduro.o(.text) refers to h1_alloc_mt.o(.text) for malloc
    enduro.o(.text) refers to mountain.o(.text) for new_mountain
    enduro.o(.text) refers to h1_free_mt.o(.text) for free
    enduro.o(.text) refers to enduro.o(.data) for .data
    enduro.o(.text) refers to dflt_clz.o(x$fpl$dflt) for __aeabi_i2d
    enduro.o(.text) refers to ddiv.o(x$fpl$ddiv) for __aeabi_ddiv
    enduro.o(.text) refers to dleqf.o(x$fpl$dleqf) for __aeabi_cdcmple
    enduro.o(.text) refers to car.o(.text) for new_car
    enduro.o(.text) refers to image.o(.text) for switch_image
    enduro.o(.text) refers to console.o(.text) for new_console
    enduro.o(.text) refers to graphic_functions.o(.text) for draw_console
    enduro.o(.text) refers to rt_memcpy_w.o(.text) for __aeabi_memcpy4
    enduro.o(.text) refers to car.o(.constdata) for CAR_BIG_ARRAY
    enduro.o(.text) refers to enduro.o(.bss) for .bss
    enduro.o(.text) refers to datatypes.o(.text) for new_matrix_image
    enduro.o(.text) refers to context.o(i.GrContextInit) for GrContextInit
    enduro.o(.text) refers to cfaf128x128x16.o(.text) for cfaf128x128x16Init
    enduro.o(.text) refers to buzzer.o(.text) for buzzer_init
    enduro.o(.text) refers to rt_cmsis.o(i.osKernelInitialize) for osKernelInitialize
    enduro.o(.text) refers to rt_cmsis.o(i.osMutexCreate) for osMutexCreate
    enduro.o(.text) refers to rt_cmsis.o(i.osThreadCreate) for osThreadCreate
    enduro.o(.text) refers to rt_cmsis.o(i.osTimerCreate) for osTimerCreate
    enduro.o(.text) refers to rt_cmsis.o(i.osKernelStart) for osKernelStart
    enduro.o(.text) refers to rt_cmsis.o(i.osDelay) for osDelay
    enduro.o(.text) refers to cfaf128x128x16.o(.constdata) for g_sCfaf128x128x16
    enduro.o(.text) refers to enduro.o(.constdata) for .constdata
    enduro.o(.constdata) refers to enduro.o(.bss) for os_mutex_cb_MutexConsole
    enduro.o(.constdata) refers to enduro.o(.text) for timer_game_frames
    enduro.o(.constdata) refers to enduro.o(.bss) for os_timer_cb_timer_game
    image.o(.text) refers to h1_alloc_mt.o(.text) for malloc
    image.o(.text) refers to h1_free_mt.o(.text) for free
    datatypes.o(.text) refers to h1_alloc_mt.o(.text) for malloc
    datatypes.o(.text) refers to h1_free_mt.o(.text) for free
    graphic_functions.o(.text) refers to datatypes.o(.text) for invert_image_axis_y
    graphic_functions.o(.text) refers to string.o(i.GrContextFontSet) for GrContextFontSet
    graphic_functions.o(.text) refers to string.o(i.GrStringDraw) for GrStringDraw
    graphic_functions.o(.text) refers to utils.o(.text) for intToString
    graphic_functions.o(.text) refers to fontfixed6x8.o(.constdata) for g_sFontFixed6x8
    car.o(.text) refers to h1_alloc_mt.o(.text) for malloc
    car.o(.text) refers to image.o(.text) for new_image
    car.o(.text) refers to h1_free_mt.o(.text) for free
    car.o(.text) refers to car.o(.constdata) for .constdata
    console.o(.text) refers to h1_alloc_mt.o(.text) for malloc
    console.o(.text) refers to image.o(.text) for new_image
    console.o(.text) refers to console.o(.constdata) for .constdata
    mountain.o(.text) refers to h1_alloc_mt.o(.text) for malloc
    mountain.o(.text) refers to image.o(.text) for new_image
    mountain.o(.text) refers to mountain.o(.constdata) for .constdata
    utils.o(.text) refers to llsdiv.o(.text) for __aeabi_ldivmod
    utils.o(.text) refers to utils.o(.data) for .data
    utils.o(.data) refers to utils.o(.conststring) for .conststring
    buzzer.o(.text) refers to pwm.o(i.PWMClockSet) for PWMClockSet
    buzzer.o(.text) refers to pwm.o(i.PWMOutputState) for PWMOutputState
    buzzer.o(.text) refers to pwm.o(i.PWMGenPeriodGet) for PWMGenPeriodGet
    buzzer.o(.text) refers to pwm.o(i.PWMPulseWidthSet) for PWMPulseWidthSet
    buzzer.o(.text) refers to pwm.o(i.PWMGenPeriodSet) for PWMGenPeriodSet
    buzzer.o(.text) refers to sysctl.o(i.SysCtlPeripheralEnable) for SysCtlPeripheralEnable
    buzzer.o(.text) refers to sysctl.o(i.SysCtlPeripheralReady) for SysCtlPeripheralReady
[...]
    __rt_lib_init_exceptions_1               0x00000287   Thumb Code     0  libinit2.o(.ARM.Collect$$libinit$$00000030)
    __rt_lib_init_fp_trap_1                  0x00000287   Thumb Code     0  libinit2.o(.ARM.Collect$$libinit$$0000001F)
    __rt_lib_init_getenv_1                   0x00000287   Thumb Code     0  libinit2.o(.ARM.Collect$$libinit$$00000023)
    __rt_lib_init_lc_collate_1               0x00000287   Thumb Code     0  libinit2.o(.ARM.Collect$$libinit$$00000011)
    __rt_lib_init_lc_ctype_1                 0x00000287   Thumb Code     0  libinit2.o(.ARM.Collect$$libinit$$00000013)
    __rt_lib_init_lc_monetary_1              0x00000287   Thumb Code     0  libinit2.o(.ARM.Collect$$libinit$$00000015)
    __rt_lib_init_lc_numeric_1               0x00000287   Thumb Code     0  libinit2.o(.ARM.Collect$$libinit$$00000017)
    __rt_lib_init_lc_time_1                  0x00000287   Thumb Code     0  libinit2.o(.ARM.Collect$$libinit$$00000019)
    __rt_lib_init_rand_1                     0x00000287   Thumb Code     0  libinit2.o(.ARM.Collect$$libinit$$0000000E)
    __rt_lib_init_return                     0x00000287   Thumb Code     0  libinit2.o(.ARM.Collect$$libinit$$00000033)
    __rt_lib_init_signal_1                   0x00000287   Thumb Code     0  libinit2.o(.ARM.Collect$$libinit$$0000001D)
    __rt_lib_init_stdio_1                    0x00000287   Thumb Code     0  libinit2.o(.ARM.Collect$$libinit$$00000025)
    __rt_lib_shutdown                        0x00000289   Thumb Code     0  libshutdown.o(.ARM.Collect$$libshutdown$$00000000)
    __rt_lib_shutdown_cpp_1                  0x0000028b   Thumb Code     0  libshutdown2.o(.ARM.Collect$$libshutdown$$00000002)
    __rt_lib_shutdown_fp_trap_1              0x0000028b   Thumb Code     0  libshutdown2.o(.ARM.Collect$$libshutdown$$00000007)
    __rt_lib_shutdown_heap_1                 0x0000028b   Thumb Code     0  libshutdown2.o(.ARM.Collect$$libshutdown$$0000000F)
    __rt_lib_shutdown_return                 0x0000028b   Thumb Code     0  libshutdown2.o(.ARM.Collect$$libshutdown$$00000010)
    __rt_lib_shutdown_signal_1               0x0000028b   Thumb Code     0  libshutdown2.o(.ARM.Collect$$libshutdown$$0000000A)
    __rt_lib_shutdown_stdio_1                0x0000028b   Thumb Code     0  libshutdown2.o(.ARM.Collect$$libshutdown$$00000004)
    __rt_lib_shutdown_user_alloc_1           0x0000028b   Thumb Code     0  libshutdown2.o(.ARM.Collect$$libshutdown$$0000000C)
    __rt_entry                               0x0000028d   Thumb Code     0  __rtentry.o(.ARM.Collect$$rtentry$$00000000)
    __rt_entry_presh_1                       0x0000028d   Thumb Code     0  __rtentry2.o(.ARM.Collect$$rtentry$$00000002)
    __rt_entry_sh                            0x0000028d   Thumb Code     0  __rtentry4.o(.ARM.Collect$$rtentry$$00000004)
    __rt_entry_li                            0x00000293   Thumb Code     0  __rtentry2.o(.ARM.Collect$$rtentry$$0000000A)
    __rt_entry_postsh_1                      0x00000293   Thumb Code     0  __rtentry2.o(.ARM.Collect$$rtentry$$00000009)
    __rt_entry_postli_1                      0x00000297   Thumb Code     0  __rtentry2.o(.ARM.Collect$$rtentry$$0000000B)
    __rt_entry_main                          0x0000029f   Thumb Code     0  __rtentry2.o(.ARM.Collect$$rtentry$$0000000D)
    __rt_exit                                0x000002a7   Thumb Code     0  rtexit.o(.ARM.Collect$$rtexit$$00000000)
    __rt_exit_ls                             0x000002a9   Thumb Code     0  rtexit2.o(.ARM.Collect$$rtexit$$00000003)
    __rt_exit_prels_1                        0x000002a9   Thumb Code     0  rtexit2.o(.ARM.Collect$$rtexit$$00000002)
    __rt_exit_exit                           0x000002ad   Thumb Code     0  rtexit2.o(.ARM.Collect$$rtexit$$00000004)
    _platform_post_lib_init                  0x000002b5   Thumb Code    24  rtx_conf_cm.o(.emb_text)
    rt_set_PSP                               0x000002d1   Thumb Code     6  hal_cm4.o(.emb_text)
    rt_get_PSP                               0x000002d7   Thumb Code     6  hal_cm4.o(.emb_text)
    os_set_env                               0x000002dd   Thumb Code    24  hal_cm4.o(.emb_text)
    _alloc_box                               0x000002f9   Thumb Code    28  hal_cm4.o(.emb_text)
    _free_box                                0x00000319   Thumb Code    28  hal_cm4.o(.emb_text)
    SVC_Handler                              0x00000339   Thumb Code   168  hal_cm4.o(.emb_text)
    PendSV_Handler                           0x000003f1   Thumb Code    96  hal_cm4.o(.emb_text)
    SysTick_Handler                          0x00000455   Thumb Code     8  hal_cm4.o(.emb_text)
    OS_Tick_Handler                          0x0000045d   Thumb Code    12  hal_cm4.o(.emb_text)
    rand                                     0x00000469   Thumb Code    48  rand.o(.emb_text)
    __RL_RTX_VER                             0x00000482   Number         0  rt_system.o ABSOLUTE
    _maybe_terminate_alloc                   0x0000049d   Thumb Code     0  maybetermalloc1.o(.emb_text)
    timer_game_frames                        0x0000049d   Thumb Code    10  enduro.o(.text)
    fputc                                    0x000004a7   Thumb Code    36  enduro.o(.text)
    start_game_clock_timer                   0x000004cb   Thumb Code    10  enduro.o(.text)
    user_input                               0x000004d5   Thumb Code   132  enduro.o(.text)
    set_current_weather                      0x00000559   Thumb Code    36  enduro.o(.text)
    weather_manager                          0x0000057d   Thumb Code    32  enduro.o(.text)
    runway_manager                           0x0000059d   Thumb Code    84  enduro.o(.text)
    car_handle_colision                      0x000005f1   Thumb Code    78  enduro.o(.text)
    car_manager                              0x0000063f   Thumb Code   134  enduro.o(.text)
    player_position                          0x000006c5   Thumb Code   132  enduro.o(.text)
    game_time_manager                        0x00000749   Thumb Code    64  enduro.o(.text)
    game_manager                             0x00000789   Thumb Code   178  enduro.o(.text)
    delete_enemy_car                         0x0000083b   Thumb Code    78  enduro.o(.text)
    enemy_vehicles                           0x00000889   Thumb Code   534  enduro.o(.text)
    player_vehicle                           0x00000a9f   Thumb Code   148  enduro.o(.text)
    trajectory_manager                       0x00000b33   Thumb Code    96  enduro.o(.text)
    game_stats                               0x00000b93   Thumb Code    80  enduro.o(.text)
    collision_detection_runway               0x00000be3   Thumb Code    50  enduro.o(.text)
    collision_detection_enemies              0x00000c15   Thumb Code   164  enduro.o(.text)
    collision_detection                      0x00000cb9   Thumb Code    56  enduro.o(.text)
    graphics                                 0x00000cf1   Thumb Code   130  enduro.o(.text)
    user_output                              0x00000d73   Thumb Code    84  enduro.o(.text)
    main                                     0x00000dc7   Thumb Code   176  enduro.o(.text)
    new_image                                0x00000e89   Thumb Code    22  image.o(.text)
    switch_image                             0x00000e9f   Thumb Code    26  image.o(.text)
    swap                                     0x00000eb9   Thumb Code    10  datatypes.o(.text)
    new_matrix_image                         0x00000ec3   Thumb Code    84  datatypes.o(.text)
    delete_matrix_image                      0x00000f17   Thumb Code    54  datatypes.o(.text)
    invert_image_axis_x                      0x00000f4d   Thumb Code    58  datatypes.o(.text)
    invert_image_axis_y                      0x00000f87   Thumb Code    54  datatypes.o(.text)
    clear_image                              0x00000fbd   Thumb Code    40  graphic_functions.o(.text)
    set_weather                              0x00000fe5   Thumb Code   108  graphic_functions.o(.text)
    draw_background                          0x00001051   Thumb Code   116  graphic_functions.o(.text)
    draw_image                               0x000010c5   Thumb Code   124  graphic_functions.o(.text)
    draw_mountain                            0x00001141   Thumb Code    26  graphic_functions.o(.text)
    draw_car                                 0x0000115b   Thumb Code    76  graphic_functions.o(.text)
    draw_console                             0x000011a7   Thumb Code    24  graphic_functions.o(.text)
    draw_line                                0x000011bf   Thumb Code   154  graphic_functions.o(.text)
    draw_arc                                 0x00001259   Thumb Code   488  graphic_functions.o(.text)
    draw_runway                              0x00001441   Thumb Code   130  graphic_functions.o(.text)
    update_display                           0x000014c3   Thumb Code   128  graphic_functions.o(.text)
    update_console                           0x00001543   Thumb Code   156  graphic_functions.o(.text)
    new_car                                  0x000015ed   Thumb Code   118  car.o(.text)
    delete_car                               0x00001663   Thumb Code     4  car.o(.text)
    new_console                              0x00001671   Thumb Code    38  console.o(.text)
    new_mountain                             0x0000169d   Thumb Code    42  mountain.o(.text)
    intToString                              0x000016cd   Thumb Code   202  utils.o(.text)
    difference                               0x00001797   Thumb Code    12  utils.o(.text)
    buzzer_write                             0x000017f5   Thumb Code    14  buzzer.o(.text)
    buzzer_vol_set                           0x00001803   Thumb Code    54  buzzer.o(.text)
    buzzer_per_set                           0x00001839   Thumb Code    48  buzzer.o(.text)
    buzzer_init                              0x00001869   Thumb Code   120  buzzer.o(.text)
    button_init                              0x000018fd   Thumb Code    42  buttons.o(.text)
    button_read_s1                           0x00001927   Thumb Code    20  buttons.o(.text)
    button_read_s2                           0x0000193b   Thumb Code    20  buttons.o(.text)
    cfaf128x128x16Rect                       0x00001ae9   Thumb Code   100  cfaf128x128x16.o(.text)
    cfaf128x128x16LineVer                    0x00001b4d   Thumb Code    22  cfaf128x128x16.o(.text)
    cfaf128x128x16LineHor                    0x00001b63   Thumb Code    16  cfaf128x128x16.o(.text)
    cfaf128x128x16Dot                        0x00001b73   Thumb Code    22  cfaf128x128x16.o(.text)
    cfaf128x128x16SetOrientation             0x00001dcd   Thumb Code    70  cfaf128x128x16.o(.text)
    cfaf128x128x16ClearColor                 0x00001e13   Thumb Code    36  cfaf128x128x16.o(.text)
    cfaf128x128x16Clear                      0x00001e37   Thumb Code     4  cfaf128x128x16.o(.text)
    InitSSICom                               0x00001e3b   Thumb Code   138  cfaf128x128x16.o(.text)
    cfaf128x128x16Init                       0x00001ec5   Thumb Code   322  cfaf128x128x16.o(.text)
    joy_init                                 0x00002055   Thumb Code    46  joy.o(.text)
    joy_read_center                          0x000020eb   Thumb Code    20  joy.o(.text)
    joy_read_x                               0x000020ff   Thumb Code     8  joy.o(.text)
    joy_read_y                               0x00002107   Thumb Code     8  joy.o(.text)
    os_idle_demon                            0x00002125   Thumb Code     2  rtx_conf_cm.o(.text)
    os_error                                 0x00002127   Thumb Code     2  rtx_conf_cm.o(.text)
    __user_perthread_libspace                0x00002129   Thumb Code    32  rtx_conf_cm.o(.text)
    _mutex_initialize                        0x00002149   Thumb Code    34  rtx_conf_cm.o(.text)
    _mutex_acquire                           0x0000216b   Thumb Code    22  rtx_conf_cm.o(.text)
    _mutex_release                           0x00002181   Thumb Code    18  rtx_conf_cm.o(.text)
    Reset_Handler                            0x000021b1   Thumb Code     8  startup_tm4c129.o(.text)
    NMI_Handler                              0x000021b9   Thumb Code     2  startup_tm4c129.o(.text)
    HardFault_Handler                        0x000021bb   Thumb Code     2  startup_tm4c129.o(.text)
    MemManage_Handler                        0x000021bd   Thumb Code     2  startup_tm4c129.o(.text)
    BusFault_Handler                         0x000021bf   Thumb Code     2  startup_tm4c129.o(.text)
    UsageFault_Handler                       0x000021c1   Thumb Code     2  startup_tm4c129.o(.text)
    DebugMon_Handler                         0x000021c5   Thumb Code     2  startup_tm4c129.o(.text)
    GPIOA_Handler                            0x000021cb   Thumb Code     2  startup_tm4c129.o(.text)
    GPIOB_Handler                            0x000021cd   Thumb Code     2  startup_tm4c129.o(.text)
    GPIOC_Handler                            0x000021cf   Thumb Code     2  startup_tm4c129.o(.text)
    GPIOD_Handler                            0x000021d1   Thumb Code     2  startup_tm4c129.o(.text)
    GPIOE_Handler                            0x000021d3   Thumb Code     2  startup_tm4c129.o(.text)
    UART0_Handler                            0x000021d5   Thumb Code     2  startup_tm4c129.o(.text)
    UART1_Handler                            0x000021d7   Thumb Code     2  startup_tm4c129.o(.text)
    SSI0_Handler                             0x000021d9   Thumb Code     2  startup_tm4c129.o(.text)
    I2C0_Handler                             0x000021db   Thumb Code     2  startup_tm4c129.o(.text)
    PMW0_FAULT_Handler                       0x000021dd   Thumb Code     2  startup_tm4c129.o(.text)
    PWM0_0_Handler                           0x000021df   Thumb Code     2  startup_tm4c129.o(.text)
    PWM0_1_Handler                           0x000021e1   Thumb Code     2  startup_tm4c129.o(.text)
    PWM0_2_Handler                           0x000021e3   Thumb Code     2  startup_tm4c129.o(.text)
    QEI0_Handler                             0x000021e5   Thumb Code     2  startup_tm4c129.o(.text)
    ADC0SS0_Handler                          0x000021e7   Thumb Code     2  startup_tm4c129.o(.text)
    ADC0SS1_Handler                          0x000021e9   Thumb Code     2  startup_tm4c129.o(.text)
    ADC0SS2_Handler                          0x000021eb   Thumb Code     2  startup_tm4c129.o(.text)
    ADC0SS3_Handler                          0x000021ed   Thumb Code     2  startup_tm4c129.o(.text)
    WDT0_Handler                             0x000021ef   Thumb Code     2  startup_tm4c129.o(.text)
    TIMER0A_Handler                          0x000021f1   Thumb Code     2  startup_tm4c129.o(.text)
    TIMER0B_Handler                          0x000021f3   Thumb Code     2  startup_tm4c129.o(.text)
    TIMER1A_Handler                          0x000021f5   Thumb Code     2  startup_tm4c129.o(.text)
    TIMER1B_Handler                          0x000021f7   Thumb Code     2  startup_tm4c129.o(.text)
    TIMER2A_Handler                          0x000021f9   Thumb Code     2  startup_tm4c129.o(.text)
    TIMER2B_Handler                          0x000021fb   Thumb Code     2  startup_tm4c129.o(.text)
    COMP0_Handler                            0x000021fd   Thumb Code     2  startup_tm4c129.o(.text)
    COMP1_Handler                            0x000021ff   Thumb Code     2  startup_tm4c129.o(.text)
    COMP2_Handler                            0x00002201   Thumb Code     2  startup_tm4c129.o(.text)
    SYSCTL_Handler                           0x00002203   Thumb Code     2  startup_tm4c129.o(.text)
    FLASH_Handler                            0x00002205   Thumb Code     2  startup_tm4c129.o(.text)
    GPIOF_Handler                            0x00002207   Thumb Code     2  startup_tm4c129.o(.text)
    GPIOG_Handler                            0x00002209   Thumb Code     2  startup_tm4c129.o(.text)
    GPIOH_Handler                            0x0000220b   Thumb Code     2  startup_tm4c129.o(.text)
    UART2_Handler                            0x0000220d   Thumb Code     2  startup_tm4c129.o(.text)
    SSI1_Handler                             0x0000220f   Thumb Code     2  startup_tm4c129.o(.text)
    TIMER3A_Handler                          0x00002211   Thumb Code     2  startup_tm4c129.o(.text)
    TIMER3B_Handler                          0x00002213   Thumb Code     2  startup_tm4c129.o(.text)
    I2C1_Handler                             0x00002215   Thumb Code     2  startup_tm4c129.o(.text)
    CAN0_Handler                             0x00002217   Thumb Code     2  startup_tm4c129.o(.text)
    CAN1_Handler                             0x00002219   Thumb Code     2  startup_tm4c129.o(.text)
    ETH_Handler                              0x0000221b   Thumb Code     2  startup_tm4c129.o(.text)
    HIB_Handler                              0x0000221d   Thumb Code     2  startup_tm4c129.o(.text)
    USB0_Handler                             0x0000221f   Thumb Code     2  startup_tm4c129.o(.text)
    PWM0_3_Handler                           0x00002221   Thumb Code     2  startup_tm4c129.o(.text)
    UDMA_Handler                             0x00002223   Thumb Code     2  startup_tm4c129.o(.text)
    UDMAERR_Handler                          0x00002225   Thumb Code     2  startup_tm4c129.o(.text)
    ADC1SS0_Handler                          0x00002227   Thumb Code     2  startup_tm4c129.o(.text)
    ADC1SS1_Handler                          0x00002229   Thumb Code     2  startup_tm4c129.o(.text)
    ADC1SS2_Handler                          0x0000222b   Thumb Code     2  startup_tm4c129.o(.text)
    ADC1SS3_Handler                          0x0000222d   Thumb Code     2  startup_tm4c129.o(.text)
    EBI0_Handler                             0x0000222f   Thumb Code     2  startup_tm4c129.o(.text)
    GPIOJ_Handler                            0x00002231   Thumb Code     2  startup_tm4c129.o(.text)
    GPIOK_Handler                            0x00002233   Thumb Code     2  startup_tm4c129.o(.text)
    GPIOL_Handler                            0x00002235   Thumb Code     2  startup_tm4c129.o(.text)
    SSI2_Handler                             0x00002237   Thumb Code     2  startup_tm4c129.o(.text)
    SSI3_Handler                             0x00002239   Thumb Code     2  startup_tm4c129.o(.text)
    UART3_Handler                            0x0000223b   Thumb Code     2  startup_tm4c129.o(.text)
    UART4_Handler                            0x0000223d   Thumb Code     2  startup_tm4c129.o(.text)
    UART5_Handler                            0x0000223f   Thumb Code     2  startup_tm4c129.o(.text)
    UART6_Handler                            0x00002241   Thumb Code     2  startup_tm4c129.o(.text)
    UART7_Handler                            0x00002243   Thumb Code     2  startup_tm4c129.o(.text)
    I2C2_Handler                             0x00002245   Thumb Code     2  startup_tm4c129.o(.text)
    I2C3_Handler                             0x00002247   Thumb Code     2  startup_tm4c129.o(.text)
    TIMER4A_Handler                          0x00002249   Thumb Code     2  startup_tm4c129.o(.text)
    TIMER4B_Handler                          0x0000224b   Thumb Code     2  startup_tm4c129.o(.text)
    TIMER5A_Handler                          0x0000224d   Thumb Code     2  startup_tm4c129.o(.text)
    TIMER5B_Handler                          0x0000224f   Thumb Code     2  startup_tm4c129.o(.text)
    WTIMER0A_Handler                         0x00002251   Thumb Code     2  startup_tm4c129.o(.text)
    WTIMER0B_Handler                         0x00002253   Thumb Code     2  startup_tm4c129.o(.text)
    WTIMER1A_Handler                         0x00002255   Thumb Code     2  startup_tm4c129.o(.text)
    WTIMER1B_Handler                         0x00002257   Thumb Code     2  startup_tm4c129.o(.text)
    WTIMER2A_Handler                         0x00002259   Thumb Code     2  startup_tm4c129.o(.text)
    WTIMER2B_Handler                         0x0000225b   Thumb Code     2  startup_tm4c129.o(.text)
    WTIMER3A_Handler                         0x0000225d   Thumb Code     2  startup_tm4c129.o(.text)
    WTIMER3B_Handler                         0x0000225f   Thumb Code     2  startup_tm4c129.o(.text)
    WTIMER4A_Handler                         0x00002261   Thumb Code     2  startup_tm4c129.o(.text)
    WTIMER4B_Handler                         0x00002263   Thumb Code     2  startup_tm4c129.o(.text)
    WTIMER5A_Handler                         0x00002265   Thumb Code     2  startup_tm4c129.o(.text)
    WTIMER5B_Handler                         0x00002267   Thumb Code     2  startup_tm4c129.o(.text)
    FPU_Handler                              0x00002269   Thumb Code     2  startup_tm4c129.o(.text)
    I2C4_Handler                             0x0000226b   Thumb Code     2  startup_tm4c129.o(.text)
    I2C5_Handler                             0x0000226d   Thumb Code     2  startup_tm4c129.o(.text)
    GPIOM_Handler                            0x0000226f   Thumb Code     2  startup_tm4c129.o(.text)
    GPION_Handler                            0x00002271   Thumb Code     2  startup_tm4c129.o(.text)
    TAMPER_Handler                           0x00002273   Thumb Code     2  startup_tm4c129.o(.text)
    GPIOP0_Handler                           0x00002275   Thumb Code     2  startup_tm4c129.o(.text)
    GPIOP1_Handler                           0x00002277   Thumb Code     2  startup_tm4c129.o(.text)
    GPIOP2_Handler                           0x00002279   Thumb Code     2  startup_tm4c129.o(.text)
    GPIOP3_Handler                           0x0000227b   Thumb Code     2  startup_tm4c129.o(.text)
    GPIOP4_Handler                           0x0000227d   Thumb Code     2  startup_tm4c129.o(.text)
    GPIOP5_Handler                           0x0000227f   Thumb Code     2  startup_tm4c129.o(.text)
    GPIOP6_Handler                           0x00002281   Thumb Code     2  startup_tm4c129.o(.text)
    GPIOP7_Handler                           0x00002283   Thumb Code     2  startup_tm4c129.o(.text)
    GPIOQ0_Handler                           0x00002285   Thumb Code     2  startup_tm4c129.o(.text)
    GPIOQ1_Handler                           0x00002287   Thumb Code     2  startup_tm4c129.o(.text)
    GPIOQ2_Handler                           0x00002289   Thumb Code     2  startup_tm4c129.o(.text)
    GPIOQ3_Handler                           0x0000228b   Thumb Code     2  startup_tm4c129.o(.text)
    GPIOQ4_Handler                           0x0000228d   Thumb Code     2  startup_tm4c129.o(.text)
    GPIOQ5_Handler                           0x0000228f   Thumb Code     2  startup_tm4c129.o(.text)
    GPIOQ6_Handler                           0x00002291   Thumb Code     2  startup_tm4c129.o(.text)
    GPIOQ7_Handler                           0x00002293   Thumb Code     2  startup_tm4c129.o(.text)
    GPIOR_Handler                            0x00002295   Thumb Code     2  startup_tm4c129.o(.text)
    GPIOS_Handler                            0x00002297   Thumb Code     2  startup_tm4c129.o(.text)
    SHAMD5_Handler                           0x00002299   Thumb Code     2  startup_tm4c129.o(.text)
    AES_Handler                              0x0000229b   Thumb Code     2  startup_tm4c129.o(.text)
    DES3DES_Handler                          0x0000229d   Thumb Code     2  startup_tm4c129.o(.text)
    LCDCONTROLLER_Handler                    0x0000229f   Thumb Code     2  startup_tm4c129.o(.text)
    TIMER6A_Handler                          0x000022a1   Thumb Code     2  startup_tm4c129.o(.text)
    TIMER6B_Handler                          0x000022a3   Thumb Code     2  startup_tm4c129.o(.text)
    TIMER7A_Handler                          0x000022a5   Thumb Code     2  startup_tm4c129.o(.text)
    TIMER7B_Handler                          0x000022a7   Thumb Code     2  startup_tm4c129.o(.text)
    I2C6_Handler                             0x000022a9   Thumb Code     2  startup_tm4c129.o(.text)
    I2C7_Handler                             0x000022ab   Thumb Code     2  startup_tm4c129.o(.text)
    HIMSCANKEYBOARD_Handler                  0x000022ad   Thumb Code     2  startup_tm4c129.o(.text)
    ONEWIRE_Handler                          0x000022af   Thumb Code     2  startup_tm4c129.o(.text)
    HIMPS2_Handler                           0x000022b1   Thumb Code     2  startup_tm4c129.o(.text)
    HIMLEDSEQUENCER_Handler                  0x000022b3   Thumb Code     2  startup_tm4c129.o(.text)
    HIMCONSUMERIR_Handler                    0x000022b5   Thumb Code     2  startup_tm4c129.o(.text)
    I2C8_Handler                             0x000022b7   Thumb Code     2  startup_tm4c129.o(.text)
    I2C9_Handler                             0x000022b9   Thumb Code     2  startup_tm4c129.o(.text)
    GPIOT_Handler                            0x000022bb   Thumb Code     2  startup_tm4c129.o(.text)
    __user_initial_stackheap                 0x000022bd   Thumb Code     0  startup_tm4c129.o(.text)
    SystemCoreClockUpdate                    0x000022e1   Thumb Code     8  system_tm4c129.o(.text)
    SystemInit                               0x000022e9   Thumb Code    18  system_tm4c129.o(.text)
    __user_libspace                          0x00002309   Thumb Code     8  libspace.o(.text)
    __user_perproc_libspace                  0x00002309   Thumb Code     0  libspace.o(.text)
    _malloc_internal                         0x00002319   Thumb Code   130  h1_alloc_mt.o(.text)
    malloc                                   0x0000239b   Thumb Code    20  h1_alloc_mt.o(.text)
    _free_internal                           0x000023af   Thumb Code    98  h1_free_mt.o(.text)
    free                                     0x00002411   Thumb Code    20  h1_free_mt.o(.text)
    __aeabi_uldivmod                         0x00002425   Thumb Code     0  lludivv7m.o(.text)
    _ll_udiv                                 0x00002425   Thumb Code   238  lludivv7m.o(.text)
    __aeabi_ldivmod                          0x00002513   Thumb Code     0  llsdiv.o(.text)
    _ll_sdiv                                 0x00002513   Thumb Code    72  llsdiv.o(.text)
    srand                                    0x0000255d   Thumb Code    42  rand.o(.text)
    _rand_init                               0x00002587   Thumb Code     4  rand.o(.text)
    exit                                     0x00002599   Thumb Code    18  exit.o(.text)
    __aeabi_memcpy4                          0x000025ab   Thumb Code     0  rt_memcpy_w.o(.text)
    __aeabi_memcpy8                          0x000025ab   Thumb Code     0  rt_memcpy_w.o(.text)
    __rt_memcpy_w                            0x000025ab   Thumb Code   100  rt_memcpy_w.o(.text)
    _memcpy_lastbytes_aligned                0x000025f3   Thumb Code     0  rt_memcpy_w.o(.text)
    __use_two_region_memory                  0x0000260f   Thumb Code     2  heapauxi.o(.text)
    __rt_heap_escrow                         0x00002611   Thumb Code     2  heapauxi.o(.text)
    __rt_heap_expand                         0x00002613   Thumb Code     2  heapauxi.o(.text)
    __rt_heap_descriptor                     0x00002615   Thumb Code    10  rt_heap_descriptor_twolibspace.o(.text)
    __use_no_heap                            0x0000261f   Thumb Code     2  hguard.o(.text)
    __heap$guard                             0x00002621   Thumb Code     2  hguard.o(.text)
    _terminate_user_alloc                    0x00002623   Thumb Code     2  init_alloc.o(.text)
    _init_user_alloc                         0x00002625   Thumb Code     2  init_alloc.o(.text)
    __Heap_Full                              0x00002627   Thumb Code    34  init_alloc.o(.text)
    __Heap_Broken                            0x00002649   Thumb Code     6  init_alloc.o(.text)
    _init_alloc                              0x0000264f   Thumb Code    94  init_alloc.o(.text)
    __Heap_Initialize                        0x000026ad   Thumb Code    14  h1_init_mt.o(.text)
    __Heap_DescSize                          0x000026bb   Thumb Code     4  h1_init_mt.o(.text)
    __Heap_ProvideMemory                     0x000026bf   Thumb Code    62  h1_extend_mt.o(.text)
    __rt_SIGRTMEM                            0x000026fd   Thumb Code    14  defsig_rtmem_outer.o(.text)
    _sys_exit                                0x0000270d   Thumb Code     8  sys_exit.o(.text)
    __I$use$semihosting                      0x00002719   Thumb Code     0  use_no_semi.o(.text)
    __use_no_semihosting_swi                 0x00002719   Thumb Code     2  use_no_semi.o(.text)
    __semihosting_library_function           0x0000271b   Thumb Code     0  indicate_semi.o(.text)
    __user_setup_stackheap                   0x0000271b   Thumb Code    74  sys_stackheap_outer.o(.text)
    __sig_exit                               0x00002765   Thumb Code    10  defsig_exit.o(.text)
    __rt_SIGRTMEM_inner                      0x00002771   Thumb Code    22  defsig_rtmem_inner.o(.text)
    __default_signal_display                 0x000027c1   Thumb Code    50  defsig_general.o(.text)
    _ttywrch                                 0x000027f3   Thumb Code    14  sys_wrch.o(.text)
    SVC_Count                                0x00002800   Data           4  svc_table.o(SVC_TABLE)
    ADCIntClear                              0x00002805   Thumb Code    10  adc.o(i.ADCIntClear)
    SVC_Table                                0x00002804   Data           0  svc_table.o(SVC_TABLE)
    ADCIntStatus                             0x0000280f   Thumb Code    52  adc.o(i.ADCIntStatus)
    ADCProcessorTrigger                      0x00002843   Thumb Code    26  adc.o(i.ADCProcessorTrigger)
    ADCSequenceConfigure                     0x0000285d   Thumb Code    96  adc.o(i.ADCSequenceConfigure)
    ADCSequenceDataGet                       0x000028bd   Thumb Code    36  adc.o(i.ADCSequenceDataGet)
    ADCSequenceEnable                        0x000028e1   Thumb Code    14  adc.o(i.ADCSequenceEnable)
    ADCSequenceStepConfigure                 0x000028ef   Thumb Code   154  adc.o(i.ADCSequenceStepConfigure)
    GPIODirModeSet                           0x00002989   Thumb Code    40  gpio.o(i.GPIODirModeSet)
    GPIOPadConfigSet                         0x000029b1   Thumb Code   312  gpio.o(i.GPIOPadConfigSet)
    GPIOPinConfigure                         0x00002ae9   Thumb Code    60  gpio.o(i.GPIOPinConfigure)
    GPIOPinRead                              0x00002b2d   Thumb Code     6  gpio.o(i.GPIOPinRead)
    GPIOPinTypeADC                           0x00002b33   Thumb Code    28  gpio.o(i.GPIOPinTypeADC)
    GPIOPinTypeGPIOInput                     0x00002b4f   Thumb Code    28  gpio.o(i.GPIOPinTypeGPIOInput)
    GPIOPinTypePWM                           0x00002b6b   Thumb Code    28  gpio.o(i.GPIOPinTypePWM)
    GrContextFontSet                         0x00002b87   Thumb Code     6  string.o(i.GrContextFontSet)
    GrContextInit                            0x00002b8d   Thumb Code    88  context.o(i.GrContextInit)
    GrDefaultStringRenderer                  0x00002bf1   Thumb Code   280  string.o(i.GrDefaultStringRenderer)
    GrFontGlyphDataGet                       0x00002d09   Thumb Code   166  string.o(i.GrFontGlyphDataGet)
    GrFontGlyphRender                        0x00002daf   Thumb Code   648  string.o(i.GrFontGlyphRender)
    GrMapISO8859_1_Unicode                   0x00003037   Thumb Code     8  charmap.o(i.GrMapISO8859_1_Unicode)
    GrStringDraw                             0x0000303f   Thumb Code    32  string.o(i.GrStringDraw)
    PWMClockSet                              0x0000305f   Thumb Code    20  pwm.o(i.PWMClockSet)
    PWMGenConfigure                          0x00003073   Thumb Code    38  pwm.o(i.PWMGenConfigure)
    PWMGenEnable                             0x00003099   Thumb Code    10  pwm.o(i.PWMGenEnable)
    PWMGenPeriodGet                          0x000030a3   Thumb Code    18  pwm.o(i.PWMGenPeriodGet)
    PWMGenPeriodSet                          0x000030b5   Thumb Code    18  pwm.o(i.PWMGenPeriodSet)
    PWMOutputInvert                          0x000030c7   Thumb Code    16  pwm.o(i.PWMOutputInvert)
    PWMOutputState                           0x000030d7   Thumb Code    16  pwm.o(i.PWMOutputState)
    PWMPulseWidthSet                         0x000030e7   Thumb Code    32  pwm.o(i.PWMPulseWidthSet)
    SysCtlClockFreqSet                       0x00003109   Thumb Code   706  sysctl.o(i.SysCtlClockFreqSet)
    SysCtlPeripheralEnable                   0x000033f5   Thumb Code    36  sysctl.o(i.SysCtlPeripheralEnable)
    SysCtlPeripheralReady                    0x0000341d   Thumb Code    40  sysctl.o(i.SysCtlPeripheralReady)
    _init_box                                0x000034b5   Thumb Code    70  rt_membox.o(i._init_box)
    dbg_init                                 0x000034fd   Thumb Code    34  hal_cm.o(i.dbg_init)
    dbg_task_notify                          0x0000352d   Thumb Code    32  hal_cm.o(i.dbg_task_notify)
    dbg_task_switch                          0x0000354d   Thumb Code    16  hal_cm.o(i.dbg_task_switch)
    isrMessageGet                            0x0000355d   Thumb Code    42  rt_cmsis.o(i.isrMessageGet)
    isrMessagePut                            0x00003587   Thumb Code    44  rt_cmsis.o(i.isrMessagePut)
    isrSignalSet                             0x000035b3   Thumb Code    36  rt_cmsis.o(i.isrSignalSet)
    isr_evt_set                              0x000035d9   Thumb Code    34  rt_event.o(i.isr_evt_set)
    isr_mbx_receive                          0x00003601   Thumb Code    86  rt_mailbox.o(i.isr_mbx_receive)
    isr_mbx_send                             0x00003657   Thumb Code    14  rt_mailbox.o(i.isr_mbx_send)
    osDelay                                  0x00003665   Thumb Code    18  rt_cmsis.o(i.osDelay)
    osKernelInitialize                       0x0000367d   Thumb Code    30  rt_cmsis.o(i.osKernelInitialize)
    osKernelStart                            0x000036a1   Thumb Code    98  rt_cmsis.o(i.osKernelStart)
    osKernelSysTick                          0x0000370d   Thumb Code    18  rt_cmsis.o(i.osKernelSysTick)
    osMessageGet                             0x00003725   Thumb Code    18  rt_cmsis.o(i.osMessageGet)
    osMutexCreate                            0x0000373d   Thumb Code    36  rt_cmsis.o(i.osMutexCreate)
    osMutexRelease                           0x00003769   Thumb Code    18  rt_cmsis.o(i.osMutexRelease)
    osMutexWait                              0x00003781   Thumb Code    18  rt_cmsis.o(i.osMutexWait)
    osSignalSet                              0x00003799   Thumb Code    18  rt_cmsis.o(i.osSignalSet)
    osSignalWait                             0x000037b1   Thumb Code    18  rt_cmsis.o(i.osSignalWait)
    osThreadCreate                           0x000037c9   Thumb Code    36  rt_cmsis.o(i.osThreadCreate)
    osThreadExit                             0x000037f5   Thumb Code    14  rt_cmsis.o(i.osThreadExit)
    osTimerCall                              0x0000380d   Thumb Code     8  rt_cmsis.o(i.osTimerCall)
    osTimerCreate                            0x00003819   Thumb Code    36  rt_cmsis.o(i.osTimerCreate)
    osTimerStart                             0x00003845   Thumb Code    18  rt_cmsis.o(i.osTimerStart)
    osTimerThread                            0x0000385d   Thumb Code    38  rt_cmsis.o(i.osTimerThread)
    os_tick_init                             0x00003889   Thumb Code    32  rt_system.o(i.os_tick_init)
    os_tick_irqack                           0x000038b1   Thumb Code     2  rt_system.o(i.os_tick_irqack)
    os_tick_ovf                              0x000038b5   Thumb Code    10  rt_system.o(i.os_tick_ovf)
    os_tick_val                              0x000038c5   Thumb Code    14  rt_system.o(i.os_tick_val)
    rt_alloc_box                             0x000038d9   Thumb Code    26  rt_membox.o(i.rt_alloc_box)
    rt_alloc_mem                             0x000038f3   Thumb Code    62  rt_memory.o(i.rt_alloc_mem)
    rt_block                                 0x00003931   Thumb Code    48  rt_task.o(i.rt_block)
    rt_chk_robin                             0x00003969   Thumb Code    60  rt_robin.o(i.rt_chk_robin)
    rt_dec_dly                               0x000039b1   Thumb Code   102  rt_list.o(i.rt_dec_dly)
    rt_dispatch                              0x00003a21   Thumb Code    60  rt_task.o(i.rt_dispatch)
    rt_dly_wait                              0x00003a65   Thumb Code     6  rt_time.o(i.rt_dly_wait)
    rt_evt_psh                               0x00003a6d   Thumb Code    76  rt_event.o(i.rt_evt_psh)
    rt_evt_set                               0x00003abd   Thumb Code    88  rt_event.o(i.rt_evt_set)
    rt_evt_wait                              0x00003b19   Thumb Code    56  rt_event.o(i.rt_evt_wait)
    rt_free_box                              0x00003b55   Thumb Code    44  rt_membox.o(i.rt_free_box)
    rt_free_mem                              0x00003b81   Thumb Code    40  rt_memory.o(i.rt_free_mem)
    rt_get_first                             0x00003ba9   Thumb Code    40  rt_list.o(i.rt_get_first)
    rt_init_mem                              0x00003c21   Thumb Code    26  rt_memory.o(i.rt_init_mem)
    rt_init_robin                            0x00003c3d   Thumb Code    14  rt_robin.o(i.rt_init_robin)
    rt_init_stack                            0x00003c55   Thumb Code   118  hal_cm.o(i.rt_init_stack)
    rt_mbx_check                             0x00003cd5   Thumb Code     8  rt_mailbox.o(i.rt_mbx_check)
    rt_mbx_init                              0x00003cdd   Thumb Code    26  rt_mailbox.o(i.rt_mbx_init)
    rt_mbx_psh                               0x00003cf9   Thumb Code   236  rt_mailbox.o(i.rt_mbx_psh)
    rt_mbx_wait                              0x00003de9   Thumb Code   174  rt_mailbox.o(i.rt_mbx_wait)
    rt_mut_init                              0x00003ee1   Thumb Code    16  rt_mutex.o(i.rt_mut_init)
    rt_mut_release                           0x00003ef1   Thumb Code   208  rt_mutex.o(i.rt_mut_release)
    rt_mut_wait                              0x00003fc9   Thumb Code   114  rt_mutex.o(i.rt_mut_wait)
    rt_pop_req                               0x00004041   Thumb Code   112  rt_system.o(i.rt_pop_req)
    rt_psh_req                               0x000040bd   Thumb Code    22  rt_system.o(i.rt_psh_req)
    rt_psq_enq                               0x000040dd   Thumb Code    88  rt_list.o(i.rt_psq_enq)
    rt_put_dly                               0x00004139   Thumb Code    68  rt_list.o(i.rt_put_dly)
    rt_put_prio                              0x00004181   Thumb Code    54  rt_list.o(i.rt_put_prio)
    rt_put_rdy_first                         0x000041b9   Thumb Code    14  rt_list.o(i.rt_put_rdy_first)
    rt_resort_prio                           0x000041cd   Thumb Code    46  rt_list.o(i.rt_resort_prio)
    rt_ret_val                               0x00004211   Thumb Code    12  hal_cm.o(i.rt_ret_val)
    rt_ret_val2                              0x0000421d   Thumb Code    16  hal_cm.o(i.rt_ret_val2)
    rt_rmv_dly                               0x0000422d   Thumb Code    40  rt_list.o(i.rt_rmv_dly)
    rt_rmv_list                              0x00004255   Thumb Code    44  rt_list.o(i.rt_rmv_list)
    rt_sem_psh                               0x00004285   Thumb Code    48  rt_semaphore.o(i.rt_sem_psh)
    rt_stk_check                             0x000042b9   Thumb Code    28  rt_system.o(i.rt_stk_check)
    rt_switch_req                            0x000042dd   Thumb Code    30  rt_task.o(i.rt_switch_req)
    rt_sys_init                              0x00004305   Thumb Code   138  rt_task.o(i.rt_sys_init)
    rt_sys_start                             0x000043d1   Thumb Code   110  rt_task.o(i.rt_sys_start)
    rt_systick                               0x00004449   Thumb Code    50  rt_system.o(i.rt_systick)
    rt_tsk_create                            0x0000450d   Thumb Code   118  rt_task.o(i.rt_tsk_create)
    rt_tsk_delete                            0x00004595   Thumb Code   352  rt_task.o(i.rt_tsk_delete)
    rt_tsk_prio                              0x00004711   Thumb Code   108  rt_task.o(i.rt_tsk_prio)
    rt_tsk_self                              0x0000478d   Thumb Code    12  rt_task.o(i.rt_tsk_self)
    svcDelay                                 0x0000479d   Thumb Code    18  rt_cmsis.o(i.svcDelay)
    svcKernelInitialize                      0x000047b1   Thumb Code    80  rt_cmsis.o(i.svcKernelInitialize)
    svcKernelStart                           0x00004821   Thumb Code    62  rt_cmsis.o(i.svcKernelStart)
    svcKernelSysTick                         0x00004869   Thumb Code    46  rt_cmsis.o(i.svcKernelSysTick)
    svcMessageCreate                         0x000048a1   Thumb Code    36  rt_cmsis.o(i.svcMessageCreate)
    svcMessageGet                            0x000048c5   Thumb Code    58  rt_cmsis.o(i.svcMessageGet)
    svcMutexCreate                           0x000048ff   Thumb Code    28  rt_cmsis.o(i.svcMutexCreate)
    svcMutexRelease                          0x0000491b   Thumb Code    34  rt_cmsis.o(i.svcMutexRelease)
    svcMutexWait                             0x0000493d   Thumb Code    58  rt_cmsis.o(i.svcMutexWait)
    svcSignalSet                             0x00004977   Thumb Code    36  rt_cmsis.o(i.svcSignalSet)
    svcSignalWait                            0x0000499d   Thumb Code    80  rt_cmsis.o(i.svcSignalWait)
    svcThreadCreate                          0x000049f1   Thumb Code    96  rt_cmsis.o(i.svcThreadCreate)
    svcThreadGetId                           0x00004a5d   Thumb Code    22  rt_cmsis.o(i.svcThreadGetId)
    svcThreadTerminate                       0x00004a79   Thumb Code    50  rt_cmsis.o(i.svcThreadTerminate)
    svcTimerCall                             0x00004ab1   Thumb Code    24  rt_cmsis.o(i.svcTimerCall)
    svcTimerCreate                           0x00004ac9   Thumb Code    52  rt_cmsis.o(i.svcTimerCreate)
    svcTimerStart                            0x00004b01   Thumb Code    96  rt_cmsis.o(i.svcTimerStart)
    sysTimerTick                             0x00004b65   Thumb Code    84  rt_cmsis.o(i.sysTimerTick)
    __fpl_dcmp_Inf                           0x00004bc1   Thumb Code    24  dcmpi.o(x$fpl$dcmpinf)
    __aeabi_ddiv                             0x00004bd9   Thumb Code     0  ddiv.o(x$fpl$ddiv)
    _ddiv                                    0x00004bd9   Thumb Code   552  ddiv.o(x$fpl$ddiv)
    __aeabi_i2d                              0x00004e89   Thumb Code     0  dflt_clz.o(x$fpl$dflt)
    _dflt                                    0x00004e89   Thumb Code    46  dflt_clz.o(x$fpl$dflt)
    __aeabi_cdcmple                          0x00004eb9   Thumb Code     0  dleqf.o(x$fpl$dleqf)
    _dcmple                                  0x00004eb9   Thumb Code   120  dleqf.o(x$fpl$dleqf)
    __fpl_dcmple_InfNaN                      0x00004f1b   Thumb Code     0  dleqf.o(x$fpl$dleqf)
    __fpl_dnaninf                            0x00004f31   Thumb Code   156  dnaninf.o(x$fpl$dnaninf)
    __fpl_dretinf                            0x00004fcd   Thumb Code    12  dretinf.o(x$fpl$dretinf)
    _fp_init                                 0x00004fd9   Thumb Code    10  fpinit.o(x$fpl$fpinit)
    __fplib_config_fpu_vfp                   0x00004fe1   Thumb Code     0  fpinit.o(x$fpl$fpinit)
    __fplib_config_pureend_doubles           0x00004fe1   Thumb Code     0  fpinit.o(x$fpl$fpinit)
    __I$use$fp                               0x00004fe2   Number         0  usenofp.o(x$fpl$usenofp)
    os_mutex_def_MutexConsole                0x00004fe4   Data           4  enduro.o(.constdata)
    os_timer_def_timer_game                  0x00004fe8   Data           8  enduro.o(.constdata)
    os_thread_def_user_input                 0x00004ff0   Data          16  enduro.o(.constdata)
    os_thread_def_game_manager               0x00005000   Data          16  enduro.o(.constdata)
    os_thread_def_enemy_vehicles             0x00005010   Data          16  enduro.o(.constdata)
    os_thread_def_player_vehicle             0x00005020   Data          16  enduro.o(.constdata)
    os_thread_def_trajectory_manager         0x00005030   Data          16  enduro.o(.constdata)
    os_thread_def_game_stats                 0x00005040   Data          16  enduro.o(.constdata)
    os_thread_def_collision_detection        0x00005050   Data          16  enduro.o(.constdata)
    os_thread_def_graphics                   0x00005060   Data          16  enduro.o(.constdata)
    os_thread_def_user_output                0x00005070   Data          16  enduro.o(.constdata)
    CAR_SMALL_ARRAY                          0x00005080   Data         240  car.o(.constdata)
    CAR_MEDIUM_ARRAY                         0x00005170   Data         648  car.o(.constdata)
    CAR_BIG_ARRAY                            0x000053f8   Data        1100  car.o(.constdata)
    CONSOLE_ARRAY                            0x00005844   Data       10240  console.o(.constdata)
    MOUNTAIN_1_ARRAY                         0x00008044   Data        1760  mountain.o(.constdata)
    g_sCfaf128x128x16                        0x00008724   Data          40  cfaf128x128x16.o(.constdata)
    os_maxtaskrun                            0x0000874c   Data           2  rtx_conf_cm.o(.constdata)
    os_stackinfo                             0x00008750   Data           4  rtx_conf_cm.o(.constdata)
    os_rrobin                                0x00008754   Data           4  rtx_conf_cm.o(.constdata)
    os_trv                                   0x00008758   Data           4  rtx_conf_cm.o(.constdata)
    os_flags                                 0x0000875c   Data           1  rtx_conf_cm.o(.constdata)
    CMSIS_RTOS_API_Version                   0x00008760   Data           4  rtx_conf_cm.o(.constdata)
    CMSIS_RTOS_RTX_Version                   0x00008764   Data           4  rtx_conf_cm.o(.constdata)
    os_clockrate                             0x00008768   Data           4  rtx_conf_cm.o(.constdata)
    os_timernum                              0x0000876c   Data           4  rtx_conf_cm.o(.constdata)
    mp_tcb_size                              0x00008770   Data           2  rtx_conf_cm.o(.constdata)
    mp_stk_size                              0x00008774   Data           4  rtx_conf_cm.o(.constdata)
    os_stack_sz                              0x00008778   Data           4  rtx_conf_cm.o(.constdata)
    os_fifo_size                             0x0000877c   Data           1  rtx_conf_cm.o(.constdata)
    os_thread_def_osTimerThread              0x00008780   Data          16  rtx_conf_cm.o(.constdata)
    os_messageQ_def_osTimerMessageQ          0x00008790   Data           8  rtx_conf_cm.o(.constdata)
    mp_tmr_size                              0x00008798   Data           2  rtx_conf_cm.o(.constdata)
    os_thread_def_main                       0x0000879c   Data          16  rtx_conf_cm.o(.constdata)
    g_psDefaultCodePointMapTable             0x00008c28   Data          16  context.o(.constdata)
    g_sFontFixed6x8                          0x00008f30   Data         200  fontfixed6x8.o(.constdata)
    Region$$Table$$Base                      0x00009020   Number         0  anon$$obj.o(Region$$Table)
    Region$$Table$$Limit                     0x00009040   Number         0  anon$$obj.o(Region$$Table)
    user_input_direction                     0x20000000   Data           1  enduro.o(.data)
    user_input_accel                         0x20000001   Data           1  enduro.o(.data)
    user_input_break                         0x20000002   Data           1  enduro.o(.data)
    user_start_button_pressed                0x20000003   Data           1  enduro.o(.data)
    user_end_button_pressed                  0x20000004   Data           1  enduro.o(.data)
    game                                     0x20000008   Data           4  enduro.o(.data)
    image_memory                             0x2000000c   Data           4  enduro.o(.data)
    x_distance                               0x20000010   Data           4  enduro.o(.data)
    user_input_id                            0x20000014   Data           4  enduro.o(.data)
    game_manager_id                          0x20000018   Data           4  enduro.o(.data)
    enemy_vehicles_id                        0x2000001c   Data           4  enduro.o(.data)
    player_vehicles_id                       0x20000020   Data           4  enduro.o(.data)
    trajectory_manager_id                    0x20000024   Data           4  enduro.o(.data)
    game_stats_id                            0x20000028   Data           4  enduro.o(.data)
    collision_detection_id                   0x2000002c   Data           4  enduro.o(.data)
    graphics_id                              0x20000030   Data           4  enduro.o(.data)
    user_output_id                           0x20000034   Data           4  enduro.o(.data)
    timer_game_id                            0x20000038   Data           4  enduro.o(.data)
    MutexConsole_id                          0x2000003c   Data           4  enduro.o(.data)
    m_tmr                                    0x20000058   Data           4  rtx_conf_cm.o(.data)
    osThreadId_osTimerThread                 0x2000005c   Data           4  rtx_conf_cm.o(.data)
    osMessageQId_osTimerMessageQ             0x20000060   Data           4  rtx_conf_cm.o(.data)
    SystemCoreClock                          0x20000068   Data           4  system_tm4c129.o(.data)
    os_initialized                           0x20000070   Data           1  rt_cmsis.o(.data)
    os_running                               0x20000071   Data           1  rt_cmsis.o(.data)
    os_timer_head                            0x20000074   Data           4  rt_cmsis.o(.data)
    os_tsk                                   0x20000078   Data           8  rt_task.o(.data)
    os_tick_irqn                             0x20000084   Data           4  rt_system.o(.data)
    os_time                                  0x20000088   Data           4  rt_time.o(.data)
    os_robin                                 0x2000008c   Data           8  rt_robin.o(.data)
    dbg_msg                                  0x20000094   Data           1  hal_cm.o(.data)
    os_mutex_cb_MutexConsole                 0x20000098   Data          16  enduro.o(.bss)
    sContext                                 0x200000a8   Data          44  enduro.o(.bss)
    os_timer_cb_timer_game                   0x200000d4   Data          24  enduro.o(.bss)
    os_messageQ_q_osTimerMessageQ            0x200000ec   Data          32  rtx_conf_cm.o(.bss)
    mp_tcb                                   0x2000010c   Data         896  rtx_conf_cm.o(.bss)
    mp_stk                                   0x20000490   Data       12816  rtx_conf_cm.o(.bss)
    os_stack_mem                             0x200036a0   Data        1032  rtx_conf_cm.o(.bss)
    os_fifo                                  0x20003aa8   Data         132  rtx_conf_cm.o(.bss)
    os_active_TCB                            0x20003b2c   Data          68  rtx_conf_cm.o(.bss)
    os_idle_TCB                              0x20004250   Data          52  rt_task.o(.bss)
    os_rdy                                   0x20004284   Data          24  rt_list.o(.bss)
    os_dly                                   0x2000429c   Data          24  rt_list.o(.bss)
    __libspace_start                         0x200042b4   Data          96  libspace.o(.bss)
    __temporary_stack_top$libspace           0x20004314   Data           0  libspace.o(.bss)
    _random_number_data                      0x20004314   Data         228  rand.o(.bss)



==============================================================================

Memory Map of the image

  Image Entry point : 0x00000201

  Load Region LR_IROM1 (Base: 0x00000000, Size: 0x000090d8, Max: 0x00100000, ABSOLUTE)

    Execution Region ER_IROM1 (Exec base: 0x00000000, Load base: 0x00000000, Size: 0x00009040, Max: 0x00100000, ABSOLUTE)

    Exec Addr    Load Addr    Size         Type   Attr      Idx    E Section Name        Object

    0x00000000   0x00000000   0x00000200   Data   RO          544    RESET               startup_tm4c129.o
    0x00000200   0x00000200   0x00000008   Code   RO         4080  * !!!main             c_w.l(__main.o)
    0x00000208   0x00000208   0x00000034   Code   RO         4304    !!!scatter          c_w.l(__scatter.o)
    0x0000023c   0x0000023c   0x0000001a   Code   RO         4306    !!handler_copy      c_w.l(__scatter_copy.o)
    0x00000256   0x00000256   0x00000002   PAD
    0x00000258   0x00000258   0x0000001c   Code   RO         4308    !!handler_zi        c_w.l(__scatter_zi.o)
    0x00000274   0x00000274   0x00000002   Code   RO         4256    .ARM.Collect$$libinit$$00000000  c_w.l(libinit.o)
    0x00000276   0x00000276   0x00000004   Code   RO         4130    .ARM.Collect$$libinit$$00000001  c_w.l(libinit2.o)
    0x0000027a   0x0000027a   0x00000000   Code   RO         4133    .ARM.Collect$$libinit$$00000004  c_w.l(libinit2.o)
    0x0000027a   0x0000027a   0x00000008   Code   RO         4134    .ARM.Collect$$libinit$$00000005  c_w.l(libinit2.o)
    0x00000282   0x00000282   0x00000000   Code   RO         4136    .ARM.Collect$$libinit$$0000000A  c_w.l(libinit2.o)
    0x00000282   0x00000282   0x00000000   Code   RO         4138    .ARM.Collect$$libinit$$0000000C  c_w.l(libinit2.o)
    0x00000282   0x00000282   0x00000004   Code   RO         4139    .ARM.Collect$$libinit$$0000000D  c_w.l(libinit2.o)
    0x00000286   0x00000286   0x00000000   Code   RO         4140    .ARM.Collect$$libinit$$0000000E  c_w.l(libinit2.o)
    0x00000286   0x00000286   0x00000000   Code   RO         4143    .ARM.Collect$$libinit$$00000011  c_w.l(libinit2.o)
    0x00000286   0x00000286   0x00000000   Code   RO         4145    .ARM.Collect$$libinit$$00000013  c_w.l(libinit2.o)
    0x00000286   0x00000286   0x00000000   Code   RO         4147    .ARM.Collect$$libinit$$00000015  c_w.l(libinit2.o)
    0x00000286   0x00000286   0x00000000   Code   RO         4149    .ARM.Collect$$libinit$$00000017  c_w.l(libinit2.o)
    0x00000286   0x00000286   0x00000000   Code   RO         4151    .ARM.Collect$$libinit$$00000019  c_w.l(libinit2.o)
    0x00000286   0x00000286   0x00000000   Code   RO         4153    .ARM.Collect$$libinit$$0000001B  c_w.l(libinit2.o)
    0x00000286   0x00000286   0x00000000   Code   RO         4155    .ARM.Collect$$libinit$$0000001D  c_w.l(libinit2.o)
    0x00000286   0x00000286   0x00000000   Code   RO         4157    .ARM.Collect$$libinit$$0000001F  c_w.l(libinit2.o)
    0x00000286   0x00000286   0x00000000   Code   RO         4159    .ARM.Collect$$libinit$$00000021  c_w.l(libinit2.o)
    0x00000286   0x00000286   0x00000000   Code   RO         4161    .ARM.Collect$$libinit$$00000023  c_w.l(libinit2.o)
    0x00000286   0x00000286   0x00000000   Code   RO         4163    .ARM.Collect$$libinit$$00000025  c_w.l(libinit2.o)
    0x00000286   0x00000286   0x00000000   Code   RO         4167    .ARM.Collect$$libinit$$0000002C  c_w.l(libinit2.o)
    0x00000286   0x00000286   0x00000000   Code   RO         4169    .ARM.Collect$$libinit$$0000002E  c_w.l(libinit2.o)
    0x00000286   0x00000286   0x00000000   Code   RO         4171    .ARM.Collect$$libinit$$00000030  c_w.l(libinit2.o)
    0x00000286   0x00000286   0x00000000   Code   RO         4173    .ARM.Collect$$libinit$$00000032  c_w.l(libinit2.o)
    0x00000286   0x00000286   0x00000002   Code   RO         4174    .ARM.Collect$$libinit$$00000033  c_w.l(libinit2.o)
    0x00000288   0x00000288   0x00000002   Code   RO         4257    .ARM.Collect$$libshutdown$$00000000  c_w.l(libshutdown.o)
    0x0000028a   0x0000028a   0x00000000   Code   RO         4269    .ARM.Collect$$libshutdown$$00000002  c_w.l(libshutdown2.o)
    0x0000028a   0x0000028a   0x00000000   Code   RO         4271    .ARM.Collect$$libshutdown$$00000004  c_w.l(libshutdown2.o)
    0x0000028a   0x0000028a   0x00000000   Code   RO         4274    .ARM.Collect$$libshutdown$$00000007  c_w.l(libshutdown2.o)
    0x0000028a   0x0000028a   0x00000000   Code   RO         4277    .ARM.Collect$$libshutdown$$0000000A  c_w.l(libshutdown2.o)
    0x0000028a   0x0000028a   0x00000000   Code   RO         4279    .ARM.Collect$$libshutdown$$0000000C  c_w.l(libshutdown2.o)
    0x0000028a   0x0000028a   0x00000000   Code   RO         4282    .ARM.Collect$$libshutdown$$0000000F  c_w.l(libshutdown2.o)
    0x0000028a   0x0000028a   0x00000002   Code   RO         4283    .ARM.Collect$$libshutdown$$00000010  c_w.l(libshutdown2.o)
    0x0000028c   0x0000028c   0x00000000   Code   RO         4094    .ARM.Collect$$rtentry$$00000000  c_w.l(__rtentry.o)
    0x0000028c   0x0000028c   0x00000000   Code   RO         4185    .ARM.Collect$$rtentry$$00000002  c_w.l(__rtentry2.o)
    0x0000028c   0x0000028c   0x00000006   Code   RO         4197    .ARM.Collect$$rtentry$$00000004  c_w.l(__rtentry4.o)
    0x00000292   0x00000292   0x00000000   Code   RO         4187    .ARM.Collect$$rtentry$$00000009  c_w.l(__rtentry2.o)
    0x00000292   0x00000292   0x00000004   Code   RO         4188    .ARM.Collect$$rtentry$$0000000A  c_w.l(__rtentry2.o)
    0x00000296   0x00000296   0x00000008   Code   RO         4189    .ARM.Collect$$rtentry$$0000000B  c_w.l(__rtentry2.o)
    0x0000029e   0x0000029e   0x00000008   Code   RO         4191    .ARM.Collect$$rtentry$$0000000D  c_w.l(__rtentry2.o)
    0x000002a6   0x000002a6   0x00000002   Code   RO         4095    .ARM.Collect$$rtexit$$00000000  c_w.l(rtexit.o)
    0x000002a8   0x000002a8   0x00000000   Code   RO         4200    .ARM.Collect$$rtexit$$00000002  c_w.l(rtexit2.o)
    0x000002a8   0x000002a8   0x00000004   Code   RO         4201    .ARM.Collect$$rtexit$$00000003  c_w.l(rtexit2.o)
    0x000002ac   0x000002ac   0x00000006   Code   RO         4202    .ARM.Collect$$rtexit$$00000004  c_w.l(rtexit2.o)
    0x000002b2   0x000002b2   0x00000002   PAD
    0x000002b4   0x000002b4   0x0000001c   Code   RO          488    .emb_text           rtx_conf_cm.o
    0x000002d0   0x000002d0   0x00000198   Code   RO         3985    .emb_text           RTX_CM4.lib(hal_cm4.o)
    0x00000468   0x00000468   0x00000034   Code   RO         4069    .emb_text           c_w.l(rand.o)
    0x0000049c   0x0000049c   0x00000000   Code   RO         4210    .emb_text           c_w.l(maybetermalloc1.o)
    0x0000049c   0x0000049c   0x000009ec   Code   RO            4    .text               enduro.o
    0x00000e88   0x00000e88   0x00000030   Code   RO          123    .text               image.o
    0x00000eb8   0x00000eb8   0x00000104   Code   RO          135    .text               datatypes.o
    0x00000fbc   0x00000fbc   0x00000630   Code   RO          147    .text               graphic_functions.o
    0x000015ec   0x000015ec   0x00000084   Code   RO          159    .text               car.o
    0x00001670   0x00001670   0x0000002c   Code   RO          177    .text               console.o
    0x0000169c   0x0000169c   0x00000030   Code   RO          195    .text               mountain.o
    0x000016cc   0x000016cc   0x000000dc   Code   RO          213    .text               utils.o
    0x000017a8   0x000017a8   0x00000154   Code   RO          227    .text               buzzer.o
    0x000018fc   0x000018fc   0x0000005c   Code   RO          289    .text               buttons.o
    0x00001958   0x00001958   0x000006fc   Code   RO          304    .text               cfaf128x128x16.o
    0x00002054   0x00002054   0x000000d0   Code   RO          459    .text               joy.o
    0x00002124   0x00002124   0x0000008c   Code   RO          489    .text               rtx_conf_cm.o
    0x000021b0   0x000021b0   0x00000130   Code   RO          545    .text               startup_tm4c129.o
    0x000022e0   0x000022e0   0x00000028   Code   RO          552    .text               system_tm4c129.o
    0x00002308   0x00002308   0x00000008   Code   RO         4000    .text               c_w.l(libspace.o)
    0x00002310   0x00002310   0x0000009e   Code   RO         4011    .text               c_w.l(h1_alloc_mt.o)
    0x000023ae   0x000023ae   0x00000076   Code   RO         4013    .text               c_w.l(h1_free_mt.o)
    0x00002424   0x00002424   0x000000ee   Code   RO         4065    .text               c_w.l(lludivv7m.o)
    0x00002512   0x00002512   0x00000048   Code   RO         4067    .text               c_w.l(llsdiv.o)
    0x0000255a   0x0000255a   0x00000002   PAD
    0x0000255c   0x0000255c   0x0000003c   Code   RO         4070    .text               c_w.l(rand.o)
    0x00002598   0x00002598   0x00000012   Code   RO         4074    .text               c_w.l(exit.o)
    0x000025aa   0x000025aa   0x00000064   Code   RO         4076    .text               c_w.l(rt_memcpy_w.o)
    0x0000260e   0x0000260e   0x00000006   Code   RO         4078    .text               c_w.l(heapauxi.o)
    0x00002614   0x00002614   0x0000000a   Code   RO         4106    .text               c_w.l(rt_heap_descriptor_twolibspace.o)
    0x0000261e   0x0000261e   0x00000004   Code   RO         4108    .text               c_w.l(hguard.o)
    0x00002622   0x00002622   0x0000008a   Code   RO         4110    .text               c_w.l(init_alloc.o)
    0x000026ac   0x000026ac   0x00000012   Code   RO         4116    .text               c_w.l(h1_init_mt.o)
    0x000026be   0x000026be   0x0000003e   Code   RO         4214    .text               c_w.l(h1_extend_mt.o)
    0x000026fc   0x000026fc   0x0000000e   Code   RO         4216    .text               c_w.l(defsig_rtmem_outer.o)
    0x0000270a   0x0000270a   0x00000002   PAD
    0x0000270c   0x0000270c   0x0000000c   Code   RO         4227    .text               c_w.l(sys_exit.o)
    0x00002718   0x00002718   0x00000002   Code   RO         4229    .text               c_w.l(use_no_semi.o)
    0x0000271a   0x0000271a   0x00000000   Code   RO         4231    .text               c_w.l(indicate_semi.o)
    0x0000271a   0x0000271a   0x0000004a   Code   RO         4232    .text               c_w.l(sys_stackheap_outer.o)
    0x00002764   0x00002764   0x0000000a   Code   RO         4238    .text               c_w.l(defsig_exit.o)
    0x0000276e   0x0000276e   0x00000002   PAD
    0x00002770   0x00002770   0x00000050   Code   RO         4244    .text               c_w.l(defsig_rtmem_inner.o)
    0x000027c0   0x000027c0   0x00000032   Code   RO         4264    .text               c_w.l(defsig_general.o)
    0x000027f2   0x000027f2   0x0000000e   Code   RO         4284    .text               c_w.l(sys_wrch.o)
    0x00002800   0x00002800   0x00000004   Code   RO         3995    SVC_TABLE           RTX_CM4.lib(svc_table.o)
    0x00002804   0x00002804   0x0000000a   Code   RO          590    i.ADCIntClear       driverlib.lib(adc.o)
    0x0000280e   0x0000280e   0x00000034   Code   RO          597    i.ADCIntStatus      driverlib.lib(adc.o)
    0x00002842   0x00002842   0x0000001a   Code   RO          602    i.ADCProcessorTrigger  driverlib.lib(adc.o)
    0x0000285c   0x0000285c   0x00000060   Code   RO          605    i.ADCSequenceConfigure  driverlib.lib(adc.o)
    0x000028bc   0x000028bc   0x00000024   Code   RO          608    i.ADCSequenceDataGet  driverlib.lib(adc.o)
    0x000028e0   0x000028e0   0x0000000e   Code   RO          610    i.ADCSequenceEnable  driverlib.lib(adc.o)
    0x000028ee   0x000028ee   0x0000009a   Code   RO          613    i.ADCSequenceStepConfigure  driverlib.lib(adc.o)
    0x00002988   0x00002988   0x00000028   Code   RO          862    i.GPIODirModeSet    driverlib.lib(gpio.o)
    0x000029b0   0x000029b0   0x00000138   Code   RO          874    i.GPIOPadConfigSet  driverlib.lib(gpio.o)
    0x00002ae8   0x00002ae8   0x00000044   Code   RO          875    i.GPIOPinConfigure  driverlib.lib(gpio.o)
    0x00002b2c   0x00002b2c   0x00000006   Code   RO          876    i.GPIOPinRead       driverlib.lib(gpio.o)
    0x00002b32   0x00002b32   0x0000001c   Code   RO          877    i.GPIOPinTypeADC    driverlib.lib(gpio.o)
    0x00002b4e   0x00002b4e   0x0000001c   Code   RO          885    i.GPIOPinTypeGPIOInput  driverlib.lib(gpio.o)
    0x00002b6a   0x00002b6a   0x0000001c   Code   RO          893    i.GPIOPinTypePWM    driverlib.lib(gpio.o)
    0x00002b86   0x00002b86   0x00000006   Code   RO         2490    i.GrContextFontSet  grlib.lib(string.o)
    0x00002b8c   0x00002b8c   0x00000064   Code   RO         2441    i.GrContextInit     grlib.lib(context.o)
    0x00002bf0   0x00002bf0   0x00000118   Code   RO         2491    i.GrDefaultStringRenderer  grlib.lib(string.o)
    0x00002d08   0x00002d08   0x000000a6   Code   RO         2495    i.GrFontGlyphDataGet  grlib.lib(string.o)
    0x00002dae   0x00002dae   0x00000288   Code   RO         2496    i.GrFontGlyphRender  grlib.lib(string.o)
    0x00003036   0x00003036   0x00000008   Code   RO         3373    i.GrMapISO8859_1_Unicode  grlib.lib(charmap.o)
    0x0000303e   0x0000303e   0x00000020   Code   RO         2502    i.GrStringDraw      grlib.lib(string.o)
    0x0000305e   0x0000305e   0x00000014   Code   RO         1618    i.PWMClockSet       driverlib.lib(pwm.o)
    0x00003072   0x00003072   0x00000026   Code   RO         1625    i.PWMGenConfigure   driverlib.lib(pwm.o)
    0x00003098   0x00003098   0x0000000a   Code   RO         1627    i.PWMGenEnable      driverlib.lib(pwm.o)
    0x000030a2   0x000030a2   0x00000012   Code   RO         1639    i.PWMGenPeriodGet   driverlib.lib(pwm.o)
    0x000030b4   0x000030b4   0x00000012   Code   RO         1640    i.PWMGenPeriodSet   driverlib.lib(pwm.o)
    0x000030c6   0x000030c6   0x00000010   Code   RO         1646    i.PWMOutputInvert   driverlib.lib(pwm.o)
    0x000030d6   0x000030d6   0x00000010   Code   RO         1647    i.PWMOutputState    driverlib.lib(pwm.o)
    0x000030e6   0x000030e6   0x00000020   Code   RO         1650    i.PWMPulseWidthSet  driverlib.lib(pwm.o)
    0x00003106   0x00003106   0x00000002   PAD
    0x00003108   0x00003108   0x000002ec   Code   RO         1852    i.SysCtlClockFreqSet  driverlib.lib(sysctl.o)
    0x000033f4   0x000033f4   0x00000028   Code   RO         1884    i.SysCtlPeripheralEnable  driverlib.lib(sysctl.o)
    0x0000341c   0x0000341c   0x0000002c   Code   RO         1888    i.SysCtlPeripheralReady  driverlib.lib(sysctl.o)
    0x00003448   0x00003448   0x0000006c   Code   RO         2508    i.UpdateContextCharMapping  grlib.lib(string.o)
    0x000034b4   0x000034b4   0x00000046   Code   RO         3879    i._init_box         RTX_CM4.lib(rt_membox.o)
    0x000034fa   0x000034fa   0x00000002   PAD
    0x000034fc   0x000034fc   0x00000030   Code   RO         3932    i.dbg_init          RTX_CM4.lib(hal_cm.o)
    0x0000352c   0x0000352c   0x00000020   Code   RO         3933    i.dbg_task_notify   RTX_CM4.lib(hal_cm.o)
    0x0000354c   0x0000354c   0x00000010   Code   RO         3934    i.dbg_task_switch   RTX_CM4.lib(hal_cm.o)
    0x0000355c   0x0000355c   0x0000002a   Code   RO         2620    i.isrMessageGet     RTX_CM4.lib(rt_cmsis.o)
    0x00003586   0x00003586   0x0000002c   Code   RO         2621    i.isrMessagePut     RTX_CM4.lib(rt_cmsis.o)
    0x000035b2   0x000035b2   0x00000024   Code   RO         2623    i.isrSignalSet      RTX_CM4.lib(rt_cmsis.o)
    0x000035d6   0x000035d6   0x00000002   PAD
    0x000035d8   0x000035d8   0x00000028   Code   RO         3616    i.isr_evt_set       RTX_CM4.lib(rt_event.o)
    0x00003600   0x00003600   0x00000056   Code   RO         3734    i.isr_mbx_receive   RTX_CM4.lib(rt_mailbox.o)
    0x00003656   0x00003656   0x0000000e   Code   RO         3735    i.isr_mbx_send      RTX_CM4.lib(rt_mailbox.o)
    0x00003664   0x00003664   0x00000018   Code   RO         2624    i.osDelay           RTX_CM4.lib(rt_cmsis.o)
    0x0000367c   0x0000367c   0x00000024   Code   RO         2625    i.osKernelInitialize  RTX_CM4.lib(rt_cmsis.o)
    0x000036a0   0x000036a0   0x0000006c   Code   RO         2627    i.osKernelStart     RTX_CM4.lib(rt_cmsis.o)
    0x0000370c   0x0000370c   0x00000018   Code   RO         2628    i.osKernelSysTick   RTX_CM4.lib(rt_cmsis.o)
    0x00003724   0x00003724   0x00000018   Code   RO         2636    i.osMessageGet      RTX_CM4.lib(rt_cmsis.o)
    0x0000373c   0x0000373c   0x0000002c   Code   RO         2638    i.osMutexCreate     RTX_CM4.lib(rt_cmsis.o)
    0x00003768   0x00003768   0x00000018   Code   RO         2640    i.osMutexRelease    RTX_CM4.lib(rt_cmsis.o)
    0x00003780   0x00003780   0x00000018   Code   RO         2641    i.osMutexWait       RTX_CM4.lib(rt_cmsis.o)
    0x00003798   0x00003798   0x00000018   Code   RO         2651    i.osSignalSet       RTX_CM4.lib(rt_cmsis.o)
    0x000037b0   0x000037b0   0x00000018   Code   RO         2652    i.osSignalWait      RTX_CM4.lib(rt_cmsis.o)
    0x000037c8   0x000037c8   0x0000002c   Code   RO         2653    i.osThreadCreate    RTX_CM4.lib(rt_cmsis.o)
    0x000037f4   0x000037f4   0x00000018   Code   RO         2654    i.osThreadExit      RTX_CM4.lib(rt_cmsis.o)
    0x0000380c   0x0000380c   0x0000000c   Code   RO         2660    i.osTimerCall       RTX_CM4.lib(rt_cmsis.o)
    0x00003818   0x00003818   0x0000002c   Code   RO         2661    i.osTimerCreate     RTX_CM4.lib(rt_cmsis.o)
    0x00003844   0x00003844   0x00000018   Code   RO         2663    i.osTimerStart      RTX_CM4.lib(rt_cmsis.o)
    0x0000385c   0x0000385c   0x0000002c   Code   RO         2665    i.osTimerThread     RTX_CM4.lib(rt_cmsis.o)
    0x00003888   0x00003888   0x00000028   Code   RO         3526    i.os_tick_init      RTX_CM4.lib(rt_system.o)
    0x000038b0   0x000038b0   0x00000002   Code   RO         3527    i.os_tick_irqack    RTX_CM4.lib(rt_system.o)
    0x000038b2   0x000038b2   0x00000002   PAD
    0x000038b4   0x000038b4   0x00000010   Code   RO         3528    i.os_tick_ovf       RTX_CM4.lib(rt_system.o)
    0x000038c4   0x000038c4   0x00000014   Code   RO         3529    i.os_tick_val       RTX_CM4.lib(rt_system.o)
    0x000038d8   0x000038d8   0x0000001a   Code   RO         3880    i.rt_alloc_box      RTX_CM4.lib(rt_membox.o)
    0x000038f2   0x000038f2   0x0000003e   Code   RO         3908    i.rt_alloc_mem      RTX_CM4.lib(rt_memory.o)
    0x00003930   0x00003930   0x00000038   Code   RO         3239    i.rt_block          RTX_CM4.lib(rt_task.o)
    0x00003968   0x00003968   0x00000048   Code   RO         3857    i.rt_chk_robin      RTX_CM4.lib(rt_robin.o)
    0x000039b0   0x000039b0   0x00000070   Code   RO         3658    i.rt_dec_dly        RTX_CM4.lib(rt_list.o)
    0x00003a20   0x00003a20   0x00000044   Code   RO         3240    i.rt_dispatch       RTX_CM4.lib(rt_task.o)
    0x00003a64   0x00003a64   0x00000006   Code   RO         3824    i.rt_dly_wait       RTX_CM4.lib(rt_time.o)
    0x00003a6a   0x00003a6a   0x00000002   PAD
    0x00003a6c   0x00003a6c   0x00000050   Code   RO         3619    i.rt_evt_psh        RTX_CM4.lib(rt_event.o)
    0x00003abc   0x00003abc   0x0000005c   Code   RO         3620    i.rt_evt_set        RTX_CM4.lib(rt_event.o)
    0x00003b18   0x00003b18   0x0000003c   Code   RO         3621    i.rt_evt_wait       RTX_CM4.lib(rt_event.o)
    0x00003b54   0x00003b54   0x0000002c   Code   RO         3881    i.rt_free_box       RTX_CM4.lib(rt_membox.o)
    0x00003b80   0x00003b80   0x00000028   Code   RO         3909    i.rt_free_mem       RTX_CM4.lib(rt_memory.o)
    0x00003ba8   0x00003ba8   0x00000028   Code   RO         3659    i.rt_get_first      RTX_CM4.lib(rt_list.o)
    0x00003bd0   0x00003bd0   0x00000008   Code   RO         2670    i.rt_id2obj         RTX_CM4.lib(rt_cmsis.o)
    0x00003bd8   0x00003bd8   0x00000048   Code   RO         3241    i.rt_init_context   RTX_CM4.lib(rt_task.o)
    0x00003c20   0x00003c20   0x0000001a   Code   RO         3910    i.rt_init_mem       RTX_CM4.lib(rt_memory.o)
    0x00003c3a   0x00003c3a   0x00000002   PAD
    0x00003c3c   0x00003c3c   0x00000018   Code   RO         3858    i.rt_init_robin     RTX_CM4.lib(rt_robin.o)
    0x00003c54   0x00003c54   0x00000080   Code   RO         3935    i.rt_init_stack     RTX_CM4.lib(hal_cm.o)
    0x00003cd4   0x00003cd4   0x00000008   Code   RO         3736    i.rt_mbx_check      RTX_CM4.lib(rt_mailbox.o)
    0x00003cdc   0x00003cdc   0x0000001a   Code   RO         3737    i.rt_mbx_init       RTX_CM4.lib(rt_mailbox.o)
    0x00003cf6   0x00003cf6   0x00000002   PAD
    0x00003cf8   0x00003cf8   0x000000f0   Code   RO         3738    i.rt_mbx_psh        RTX_CM4.lib(rt_mailbox.o)
    0x00003de8   0x00003de8   0x000000b4   Code   RO         3740    i.rt_mbx_wait       RTX_CM4.lib(rt_mailbox.o)
    0x00003e9c   0x00003e9c   0x00000044   Code   RO         2671    i.rt_ms2tick        RTX_CM4.lib(rt_cmsis.o)
    0x00003ee0   0x00003ee0   0x00000010   Code   RO         3324    i.rt_mut_init       RTX_CM4.lib(rt_mutex.o)
    0x00003ef0   0x00003ef0   0x000000d8   Code   RO         3325    i.rt_mut_release    RTX_CM4.lib(rt_mutex.o)
    0x00003fc8   0x00003fc8   0x00000078   Code   RO         3326    i.rt_mut_wait       RTX_CM4.lib(rt_mutex.o)
    0x00004040   0x00004040   0x0000007c   Code   RO         3530    i.rt_pop_req        RTX_CM4.lib(rt_system.o)
    0x000040bc   0x000040bc   0x00000020   Code   RO         3531    i.rt_psh_req        RTX_CM4.lib(rt_system.o)
    0x000040dc   0x000040dc   0x0000005c   Code   RO         3661    i.rt_psq_enq        RTX_CM4.lib(rt_list.o)
    0x00004138   0x00004138   0x00000048   Code   RO         3662    i.rt_put_dly        RTX_CM4.lib(rt_list.o)
    0x00004180   0x00004180   0x00000036   Code   RO         3663    i.rt_put_prio       RTX_CM4.lib(rt_list.o)
    0x000041b6   0x000041b6   0x00000002   PAD
    0x000041b8   0x000041b8   0x00000014   Code   RO         3664    i.rt_put_rdy_first  RTX_CM4.lib(rt_list.o)
    0x000041cc   0x000041cc   0x00000034   Code   RO         3665    i.rt_resort_prio    RTX_CM4.lib(rt_list.o)
    0x00004200   0x00004200   0x00000010   Code   RO         3936    i.rt_ret_regs       RTX_CM4.lib(hal_cm.o)
    0x00004210   0x00004210   0x0000000c   Code   RO         3937    i.rt_ret_val        RTX_CM4.lib(hal_cm.o)
    0x0000421c   0x0000421c   0x00000010   Code   RO         3938    i.rt_ret_val2       RTX_CM4.lib(hal_cm.o)
    0x0000422c   0x0000422c   0x00000028   Code   RO         3666    i.rt_rmv_dly        RTX_CM4.lib(rt_list.o)
    0x00004254   0x00004254   0x00000030   Code   RO         3667    i.rt_rmv_list       RTX_CM4.lib(rt_list.o)
    0x00004284   0x00004284   0x00000034   Code   RO         3785    i.rt_sem_psh        RTX_CM4.lib(rt_semaphore.o)
    0x000042b8   0x000042b8   0x00000024   Code   RO         3533    i.rt_stk_check      RTX_CM4.lib(rt_system.o)
    0x000042dc   0x000042dc   0x00000028   Code   RO         3242    i.rt_switch_req     RTX_CM4.lib(rt_task.o)
    0x00004304   0x00004304   0x000000cc   Code   RO         3243    i.rt_sys_init       RTX_CM4.lib(rt_task.o)
    0x000043d0   0x000043d0   0x00000078   Code   RO         3244    i.rt_sys_start      RTX_CM4.lib(rt_task.o)
    0x00004448   0x00004448   0x00000040   Code   RO         3535    i.rt_systick        RTX_CM4.lib(rt_system.o)
    0x00004488   0x00004488   0x00000012   Code   RO         2672    i.rt_tid2ptcb       RTX_CM4.lib(rt_cmsis.o)
    0x0000449a   0x0000449a   0x00000002   PAD
    0x0000449c   0x0000449c   0x00000034   Code   RO         2673    i.rt_timer_insert   RTX_CM4.lib(rt_cmsis.o)
    0x000044d0   0x000044d0   0x0000003c   Code   RO         2674    i.rt_timer_remove   RTX_CM4.lib(rt_cmsis.o)
    0x0000450c   0x0000450c   0x00000088   Code   RO         3245    i.rt_tsk_create     RTX_CM4.lib(rt_task.o)
    0x00004594   0x00004594   0x0000017c   Code   RO         3246    i.rt_tsk_delete     RTX_CM4.lib(rt_task.o)
    0x00004710   0x00004710   0x0000007c   Code   RO         3248    i.rt_tsk_prio       RTX_CM4.lib(rt_task.o)
    0x0000478c   0x0000478c   0x00000010   Code   RO         3249    i.rt_tsk_self       RTX_CM4.lib(rt_task.o)
    0x0000479c   0x0000479c   0x00000012   Code   RO         2675    i.svcDelay          RTX_CM4.lib(rt_cmsis.o)
    0x000047ae   0x000047ae   0x00000002   PAD
    0x000047b0   0x000047b0   0x00000070   Code   RO         2676    i.svcKernelInitialize  RTX_CM4.lib(rt_cmsis.o)
    0x00004820   0x00004820   0x00000048   Code   RO         2678    i.svcKernelStart    RTX_CM4.lib(rt_cmsis.o)
    0x00004868   0x00004868   0x00000038   Code   RO         2679    i.svcKernelSysTick  RTX_CM4.lib(rt_cmsis.o)
    0x000048a0   0x000048a0   0x00000024   Code   RO         2681    i.svcMessageCreate  RTX_CM4.lib(rt_cmsis.o)
    0x000048c4   0x000048c4   0x0000003a   Code   RO         2682    i.svcMessageGet     RTX_CM4.lib(rt_cmsis.o)
    0x000048fe   0x000048fe   0x0000001c   Code   RO         2684    i.svcMutexCreate    RTX_CM4.lib(rt_cmsis.o)
    0x0000491a   0x0000491a   0x00000022   Code   RO         2686    i.svcMutexRelease   RTX_CM4.lib(rt_cmsis.o)
    0x0000493c   0x0000493c   0x0000003a   Code   RO         2687    i.svcMutexWait      RTX_CM4.lib(rt_cmsis.o)
    0x00004976   0x00004976   0x00000024   Code   RO         2694    i.svcSignalSet      RTX_CM4.lib(rt_cmsis.o)
    0x0000499a   0x0000499a   0x00000002   PAD
    0x0000499c   0x0000499c   0x00000054   Code   RO         2695    i.svcSignalWait     RTX_CM4.lib(rt_cmsis.o)
    0x000049f0   0x000049f0   0x0000006c   Code   RO         2696    i.svcThreadCreate   RTX_CM4.lib(rt_cmsis.o)
    0x00004a5c   0x00004a5c   0x0000001c   Code   RO         2697    i.svcThreadGetId    RTX_CM4.lib(rt_cmsis.o)
    0x00004a78   0x00004a78   0x00000038   Code   RO         2700    i.svcThreadTerminate  RTX_CM4.lib(rt_cmsis.o)
    0x00004ab0   0x00004ab0   0x00000018   Code   RO         2702    i.svcTimerCall      RTX_CM4.lib(rt_cmsis.o)
    0x00004ac8   0x00004ac8   0x00000038   Code   RO         2703    i.svcTimerCreate    RTX_CM4.lib(rt_cmsis.o)
    0x00004b00   0x00004b00   0x00000064   Code   RO         2705    i.svcTimerStart     RTX_CM4.lib(rt_cmsis.o)
    0x00004b64   0x00004b64   0x0000005c   Code   RO         2711    i.sysTimerTick      RTX_CM4.lib(rt_cmsis.o)
    0x00004bc0   0x00004bc0   0x00000018   Code   RO         4175    x$fpl$dcmpinf       fz_wm.l(dcmpi.o)
    0x00004bd8   0x00004bd8   0x000002b0   Code   RO         4083    x$fpl$ddiv          fz_wm.l(ddiv.o)
    0x00004e88   0x00004e88   0x0000002e   Code   RO         4087    x$fpl$dflt          fz_wm.l(dflt_clz.o)
    0x00004eb6   0x00004eb6   0x00000002   PAD
    0x00004eb8   0x00004eb8   0x00000078   Code   RO         4092    x$fpl$dleqf         fz_wm.l(dleqf.o)
    0x00004f30   0x00004f30   0x0000009c   Code   RO         4177    x$fpl$dnaninf       fz_wm.l(dnaninf.o)
    0x00004fcc   0x00004fcc   0x0000000c   Code   RO         4179    x$fpl$dretinf       fz_wm.l(dretinf.o)
    0x00004fd8   0x00004fd8   0x0000000a   Code   RO         4225    x$fpl$fpinit        fz_wm.l(fpinit.o)
    0x00004fe2   0x00004fe2   0x00000000   Code   RO         4181    x$fpl$usenofp       fz_wm.l(usenofp.o)
    0x00004fe2   0x00004fe2   0x00000002   PAD
    0x00004fe4   0x00004fe4   0x0000009c   Data   RO            8    .constdata          enduro.o
    0x00005080   0x00005080   0x000007c4   Data   RO          160    .constdata          car.o
    0x00005844   0x00005844   0x00002800   Data   RO          178    .constdata          console.o
    0x00008044   0x00008044   0x000006e0   Data   RO          196    .constdata          mountain.o
    0x00008724   0x00008724   0x00000028   Data   RO          317    .constdata          cfaf128x128x16.o
    0x0000874c   0x0000874c   0x00000002   Data   RO          497    .constdata          rtx_conf_cm.o
    0x0000874e   0x0000874e   0x00000002   PAD
    0x00008750   0x00008750   0x00000004   Data   RO          498    .constdata          rtx_conf_cm.o
    0x00008754   0x00008754   0x00000004   Data   RO          499    .constdata          rtx_conf_cm.o
    0x00008758   0x00008758   0x00000004   Data   RO          503    .constdata          rtx_conf_cm.o
    0x0000875c   0x0000875c   0x00000001   Data   RO          504    .constdata          rtx_conf_cm.o
    0x0000875d   0x0000875d   0x00000003   PAD
    0x00008760   0x00008760   0x00000010   Data   RO          505    .constdata          rtx_conf_cm.o
    0x00008770   0x00008770   0x00000002   Data   RO          506    .constdata          rtx_conf_cm.o
    0x00008772   0x00008772   0x00000002   PAD
    0x00008774   0x00008774   0x00000004   Data   RO          507    .constdata          rtx_conf_cm.o
    0x00008778   0x00008778   0x00000004   Data   RO          508    .constdata          rtx_conf_cm.o
    0x0000877c   0x0000877c   0x00000001   Data   RO          509    .constdata          rtx_conf_cm.o
    0x0000877d   0x0000877d   0x00000003   PAD
    0x00008780   0x00008780   0x00000010   Data   RO          510    .constdata          rtx_conf_cm.o
    0x00008790   0x00008790   0x00000008   Data   RO          511    .constdata          rtx_conf_cm.o
    0x00008798   0x00008798   0x00000002   Data   RO          512    .constdata          rtx_conf_cm.o
    0x0000879a   0x0000879a   0x00000002   PAD
    0x0000879c   0x0000879c   0x00000010   Data   RO          513    .constdata          rtx_conf_cm.o
    0x000087ac   0x000087ac   0x00000228   Data   RO          906    .constdata          driverlib.lib(gpio.o)
    0x000089d4   0x000089d4   0x00000254   Data   RO         1906    .constdata          driverlib.lib(sysctl.o)
    0x00008c28   0x00008c28   0x00000010   Data   RO         2443    .constdata          grlib.lib(context.o)
    0x00008c38   0x00008c38   0x000002f8   Data   RO         2475    .constdata          grlib.lib(fontfixed6x8.o)
    0x00008f30   0x00008f30   0x000000c8   Data   RO         2476    .constdata          grlib.lib(fontfixed6x8.o)
    0x00008ff8   0x00008ff8   0x00000025   Data   RO          214    .conststring        utils.o
    0x0000901d   0x0000901d   0x00000003   PAD
    0x00009020   0x00009020   0x00000020   Data   RO         4302    Region$$Table       anon$$obj.o


    Execution Region RW_IRAM1 (Exec base: 0x20000000, Load base: 0x00009040, Size: 0x0003a3f8, Max: 0x00040000, ABSOLUTE)

    Exec Addr    Load Addr    Size         Type   Attr      Idx    E Section Name        Object

    0x20000000   0x00009040   0x00000040   Data   RW            9    .data               enduro.o
    0x20000040   0x00009080   0x00000004   Data   RW          215    .data               utils.o
    0x20000044   0x00009084   0x0000000c   Data   RW          228    .data               buzzer.o
    0x20000050   0x00009090   0x00000008   Data   RW          318    .data               cfaf128x128x16.o
    0x20000058   0x00009098   0x00000004   Data   RW          515    .data               rtx_conf_cm.o
    0x2000005c   0x0000909c   0x00000004   Data   RW          516    .data               rtx_conf_cm.o
    0x20000060   0x000090a0   0x00000004   Data   RW          517    .data               rtx_conf_cm.o
    0x20000064   0x000090a4   0x00000004   Data   RW          518    .data               rtx_conf_cm.o
    0x20000068   0x000090a8   0x00000004   Data   RW          553    .data               system_tm4c129.o
    0x2000006c   0x000090ac   0x00000004   Data   RW         2444    .data               grlib.lib(context.o)
    0x20000070   0x000090b0   0x00000008   Data   RW         2714    .data               RTX_CM4.lib(rt_cmsis.o)
    0x20000078   0x000090b8   0x00000008   Data   RW         3251    .data               RTX_CM4.lib(rt_task.o)
    0x20000080   0x000090c0   0x00000008   Data   RW         3538    .data               RTX_CM4.lib(rt_system.o)
    0x20000088   0x000090c8   0x00000004   Data   RW         3828    .data               RTX_CM4.lib(rt_time.o)
    0x2000008c   0x000090cc   0x00000008   Data   RW         3859    .data               RTX_CM4.lib(rt_robin.o)
    0x20000094   0x000090d4   0x00000001   Data   RW         3939    .data               RTX_CM4.lib(hal_cm.o)
    0x20000095   0x000090d5   0x00000003   PAD
    0x20000098        -       0x00000010   Zero   RW            5    .bss                enduro.o
    0x200000a8        -       0x0000002c   Zero   RW            6    .bss                enduro.o
    0x200000d4        -       0x00000018   Zero   RW            7    .bss                enduro.o
    0x200000ec        -       0x00000020   Zero   RW          490    .bss                rtx_conf_cm.o
    0x2000010c        -       0x00000380   Zero   RW          491    .bss                rtx_conf_cm.o
    0x2000048c   0x000090d5   0x00000004   PAD
    0x20000490        -       0x00003210   Zero   RW          492    .bss                rtx_conf_cm.o
    0x200036a0        -       0x00000408   Zero   RW          493    .bss                rtx_conf_cm.o
    0x20003aa8        -       0x00000084   Zero   RW          494    .bss                rtx_conf_cm.o
    0x20003b2c        -       0x00000044   Zero   RW          495    .bss                rtx_conf_cm.o
    0x20003b70        -       0x000006e0   Zero   RW          496    .bss                rtx_conf_cm.o
    0x20004250        -       0x00000034   Zero   RW         3250    .bss                RTX_CM4.lib(rt_task.o)
    0x20004284        -       0x00000030   Zero   RW         3668    .bss                RTX_CM4.lib(rt_list.o)
    0x200042b4        -       0x00000060   Zero   RW         4001    .bss                c_w.l(libspace.o)
    0x20004314        -       0x000000e4   Zero   RW         4071    .bss                c_w.l(rand.o)
    0x200043f8        -       0x00035000   Zero   RW          543    HEAP                startup_tm4c129.o
    0x200393f8        -       0x00001000   Zero   RW          542    STACK               startup_tm4c129.o


==============================================================================

Image component sizes


      Code (inc. data)   RO Data    RW Data    ZI Data      Debug   Object Name

        92         10          0          0          0        860   buttons.o
       340         36          0         12          0       2257   buzzer.o
       132         10       1988          0          0       2398   car.o
      1788         94         40          8          0      10674   cfaf128x128x16.o
        44          6      10240          0          0       1474   console.o
       260          0          0          0          0       2060   datatypes.o
      2540         78        156         64         84     105222   enduro.o
      1584         42          0          0          0       6002   graphic_functions.o
        48          0          0          0          0       1237   image.o
       208         22          0          0          0       1225   joy.o
        48          6       1760          0          0       1482   mountain.o
       168         36         84         16      16736       8917   rtx_conf_cm.o
       304         26        512          0     221184       6020   startup_tm4c129.o
        40         14          0          4          0        861   system_tm4c129.o
       220          6         37          4          0       1317   utils.o

    ----------------------------------------------------------------------
      7816        386      14864        108     238008     152006   Object Totals
         0          0         32          0          0          0   (incl. Generated)
         0          0         15          0          4          0   (incl. Padding)

    ----------------------------------------------------------------------

      Code (inc. data)   RO Data    RW Data    ZI Data      Debug   Library Member Name

       268         24          0          1          0       4524   hal_cm.o
       408         34          0          0          0        824   hal_cm4.o
      1932        222          0          8          0      48355   rt_cmsis.o
       272         18          0          0          0       2842   rt_event.o
       530         34          0          0         48       8685   rt_list.o
       554         10          0          0          0       4237   rt_mailbox.o
       140          0          0          0          0       2069   rt_membox.o
       128          0          0          0          0       2451   rt_memory.o
       352         14          0          0          0       2249   rt_mutex.o
        96         22          0          8          0       1254   rt_robin.o
        52          4          0          0          0        621   rt_semaphore.o
       334         64          0          8          0       7475   rt_system.o
      1216        174          0          8         52      10129   rt_task.o
         6          0          0          4          0        700   rt_time.o
         4          4          0          0          0        208   svc_table.o
         8          0          0          0          0         68   __main.o
         0          0          0          0          0          0   __rtentry.o
        20          0          0          0          0          0   __rtentry2.o
         6          0          0          0          0          0   __rtentry4.o
        52          8          0          0          0          0   __scatter.o
        26          0          0          0          0          0   __scatter_copy.o
        28          0          0          0          0          0   __scatter_zi.o
        10          0          0          0          0         68   defsig_exit.o
        50          0          0          0          0         88   defsig_general.o
        80         58          0          0          0         76   defsig_rtmem_inner.o
        14          0          0          0          0         80   defsig_rtmem_outer.o
        18          0          0          0          0         80   exit.o
       158          0          0          0          0        128   h1_alloc_mt.o
        62          0          0          0          0         80   h1_extend_mt.o
       118          0          0          0          0        108   h1_free_mt.o
        18          0          0          0          0         84   h1_init_mt.o
         6          0          0          0          0        152   heapauxi.o
         4          0          0          0          0        136   hguard.o
         0          0          0          0          0          0   indicate_semi.o
       138          0          0          0          0        168   init_alloc.o
         2          0          0          0          0          0   libinit.o
        18          0          0          0          0          0   libinit2.o
         2          0          0          0          0          0   libshutdown.o
         2          0          0          0          0          0   libshutdown2.o
         8          4          0          0         96         68   libspace.o
        72          0          0          0          0         76   llsdiv.o
       238          0          0          0          0        100   lludivv7m.o
         0          0          0          0          0          0   maybetermalloc1.o
       112         18          0          0        228        160   rand.o
        10          0          0          0          0         76   rt_heap_descriptor_twolibspace.o
       100          0          0          0          0         80   rt_memcpy_w.o
         2          0          0          0          0          0   rtexit.o
        10          0          0          0          0          0   rtexit2.o
        12          4          0          0          0         68   sys_exit.o
        74          0          0          0          0         80   sys_stackheap_outer.o
        14          0          0          0          0         76   sys_wrch.o
         2          0          0          0          0         68   use_no_semi.o
       388          0          0          0          0       8694   adc.o
       510          8        552          0          0       5722   gpio.o
       168          0          0          0          0       4621   pwm.o
       832         50        596          0          0       5470   sysctl.o
        24          0          0          0          0        116   dcmpi.o
       688        140          0          0          0        256   ddiv.o
        46          0          0          0          0        116   dflt_clz.o
       120          4          0          0          0        140   dleqf.o
       156          4          0          0          0        140   dnaninf.o
        12          0          0          0          0        116   dretinf.o
        10          0          0          0          0        116   fpinit.o
         0          0          0          0          0          0   usenofp.o
         8          0          0          0          0       1494   charmap.o
       100         12         16          4          0      26443   context.o
         0          0        960          0          0      25662   fontfixed6x8.o
      1240          0          0          0          0       9079   string.o

    ----------------------------------------------------------------------
     12124        934       2124         44        424     186976   Library Totals
        36          0          0          3          0          0   (incl. Padding)

    ----------------------------------------------------------------------

      Code (inc. data)   RO Data    RW Data    ZI Data      Debug   Library Name

      6292        624          0         37        100      96623   RTX_CM4.lib
      1494         92          0          0        324       2168   c_w.l
      1898         58       1148          0          0      24507   driverlib.lib
      1056        148          0          0          0       1000   fz_wm.l
      1348         12        976          4          0      62678   grlib.lib

    ----------------------------------------------------------------------
     12124        934       2124         44        424     186976   Library Totals

    ----------------------------------------------------------------------

==============================================================================


      Code (inc. data)   RO Data    RW Data    ZI Data      Debug   

     19940       1320      16988        152     238432     322790   Grand Totals
     19940       1320      16988        152     238432     322790   ELF Image Totals
     19940       1320      16988        152          0          0   ROM Totals

==============================================================================

    Total RO  Size (Code + RO Data)                36928 (  36.06kB)
    Total RW  Size (RW Data + ZI Data)            238584 ( 232.99kB)
    Total ROM Size (Code + RO Data + RW Data)      37080 (  36.21kB)

==============================================================================

