<html>
<body>
<pre>
<h1>µVision Build Log</h1>
<h2>Tool Versions:</h2>
IDE-Version: µVision V5.24.2.0
Copyright (C) 2017 ARM Ltd and ARM Germany GmbH. All rights reserved.
License Information: Lucas Kaminski, UTFPR, LIC=X1ERA-1JA8P-YBIE9-4Z9Q2-9TM5L-L63C2
 
Tool Versions:
Toolchain:       MDK-ARM Professional  Version: 5.24.1
Toolchain Path:  C:\Keil_v5\ARM\ARMCC\Bin
C Compiler:      Armcc.exe V5.06 update 5 (build 528)
Assembler:       Armasm.exe V5.06 update 5 (build 528)
Linker/Locator:  ArmLink.exe V5.06 update 5 (build 528)
Library Manager: ArmAr.exe V5.06 update 5 (build 528)
Hex Converter:   FromElf.exe V5.06 update 5 (build 528)
CPU DLL:         SARMCM3.DLL V5.24.1
Dialog DLL:      DCM.DLL V1.16.0.0
Target DLL:      lmidk-agdi.dll V???
Dialog DLL:      TCM.DLL V1.32.0.0
 
<h2>Project:</h2>
D:\Main\git\Sistemas_embarcados\Lab5\ProjectFiles\base_project.uvprojx
Project File Date:  06/17/2018

<h2>Output:</h2>
*** Using Compiler 'V5.06 update 5 (build 528)', folder: 'C:\Keil_v5\ARM\ARMCC\Bin'
Build Project 'base_project' - Target 'TM4C129 RAM'
compiling Lab5.c...
D:\Main\git\Sistemas_embarcados\Lab5\ProjectFiles\uart_functions.h(78): warning:  #1295-D: Deprecated declaration initUART - give arg types
  void initUART();
D:\Main\git\Sistemas_embarcados\Lab5\ProjectFiles\uart_functions.h(84): warning:  #1295-D: Deprecated declaration readUART - give arg types
  uint8_t readUART();
D:\Main\git\Sistemas_embarcados\Lab5\ProjectFiles\uart_functions.h(87): warning:  #1295-D: Deprecated declaration UART0_Handler - give arg types
  void UART0_Handler();
D:\Main\git\Sistemas_embarcados\Lab5\ProjectFiles\uart_functions.h(92): warning:  #1-D: last line of file ends without a newline
  #endif
D:\Main\git\Sistemas_embarcados\Lab5\ProjectFiles\Utils.h(15): warning:  #1-D: last line of file ends without a newline
  #endif
D:\Main\git\Sistemas_embarcados\Lab5\ProjectFiles\Task.h(41): warning:  #1-D: last line of file ends without a newline
  #endif
D:\Main\git\Sistemas_embarcados\Lab5\ProjectFiles\Utils.h(14): warning:  #1295-D: Deprecated declaration getSystemTime - give arg types
  double getSystemTime();
D:\Main\git\Sistemas_embarcados\Lab5\ProjectFiles\Utils.h(15): warning:  #1-D: last line of file ends without a newline
  #endif
D:\Main\git\Sistemas_embarcados\Lab5\ProjectFiles\Communication.h(14): warning:  #1-D: last line of file ends without a newline
  #endif
D:\Main\git\Sistemas_embarcados\Lab5\ProjectFiles\queue.h(15): warning:  #1-D: last line of file ends without a newline
  #endif
D:\Main\git\Sistemas_embarcados\Lab5\ProjectFiles\gantt.h(6): warning:  #1295-D: Deprecated declaration gantt_generate_header - give arg types
  void gantt_generate_header();
D:\Main\git\Sistemas_embarcados\Lab5\ProjectFiles\gantt.h(10): warning:  #1-D: last line of file ends without a newline
  #endif
D:\Main\git\Sistemas_embarcados\Lab5\ProjectFiles\Lab5.c(38): warning:  #1295-D: Deprecated declaration dispatcher - give arg types
  void dispatcher();
D:\Main\git\Sistemas_embarcados\Lab5\ProjectFiles\Lab5.c(39): warning:  #1295-D: Deprecated declaration dispatcher_run - give arg types
  void dispatcher_run();
D:\Main\git\Sistemas_embarcados\Lab5\ProjectFiles\Lab5.c(142): warning:  #550-D: variable "soma"  was set but never used
  	double soma;
D:\Main\git\Sistemas_embarcados\Lab5\ProjectFiles\Lab5.c(236): warning:  #550-D: variable "previous_task"  was set but never used
  	Task* previous_task;
D:\Main\git\Sistemas_embarcados\Lab5\ProjectFiles\Lab5.c(238): warning:  #177-D: variable "ready_tasks_index"  was declared but never referenced
  	int ready_tasks_index = 0;
D:\Main\git\Sistemas_embarcados\Lab5\ProjectFiles\Lab5.c(240): warning:  #177-D: variable "waiting_tasks_index"  was declared but never referenced
  	int waiting_tasks_index = 0;
D:\Main\git\Sistemas_embarcados\Lab5\ProjectFiles\Lab5.c(319): warning:  #1-D: last line of file ends without a newline
  }
Lab5.c: 19 warnings, 0 errors
linking...
Program Size: Code=18652 RO-data=940 RW-data=84 ZI-data=47572  
".\RAM\base_project.axf" - 0 Error(s), 19 Warning(s).

<h2>Software Packages used:</h2>

Package Vendor: ARM
                http://www.keil.com/pack/ARM.CMSIS.5.0.1.pack
                ARM.CMSIS.5.0.1
                CMSIS (Cortex Microcontroller Software Interface Standard)
   * Component: Keil RTX Version: 4.81.0
   * Component: CORE Version: 5.0.1
   * Component: RTOS Version: 1.0.0

Package Vendor: Keil
                http://www.keil.com/pack/Keil.TM4C_DFP.1.1.0.pack
                Keil.TM4C_DFP.1.1.0
                Texas Instruments Tiva C Series Device Support and Examples
   * Component: Startup Version: 1.0.0

<h2>Collection of Component include folders:</h2>
  .\RTE\_TM4C129_RAM
  C:\Keil_v5\ARM\PACK\ARM\CMSIS\5.0.1\CMSIS\Include
  C:\Keil_v5\ARM\PACK\ARM\CMSIS\5.0.1\CMSIS\RTOS\RTX\INC
  C:\Keil_v5\ARM\PACK\Keil\TM4C_DFP\1.1.0\Device\Include\TM4C129

<h2>Collection of Component Files used:</h2>

   * Component: Keil::Device:Startup:1.0.0
      Source file:   Device\Source\system_TM4C129.c
      Include file:  Device\Include\TM4C129\TM4C129.h
      Source file:   Device\Source\ARM\startup_TM4C129.s

   * Component: ARM::CMSIS:RTOS:Keil RTX:4.81.0
      Include file:  CMSIS\RTOS\RTX\INC\cmsis_os.h
      Source file:   CMSIS\RTOS\RTX\Templates\RTX_Conf_CM.c
      Include file:  CMSIS\RTOS\RTX\UserCodeTemplates\osObjects.h
      Source file:   CMSIS\RTOS\RTX\UserCodeTemplates\MailQueue.c
      Source file:   CMSIS\RTOS\RTX\UserCodeTemplates\Semaphore.c
      Source file:   CMSIS\RTOS\RTX\UserCodeTemplates\MemPool.c
      Source file:   CMSIS\RTOS\RTX\UserCodeTemplates\Thread.c
      Source file:   CMSIS\RTOS\RTX\UserCodeTemplates\main.c
      Source file:   CMSIS\RTOS\RTX\UserCodeTemplates\MsgQueue.c
      Source file:   CMSIS\RTOS\RTX\UserCodeTemplates\Timer.c
      Source file:   CMSIS\RTOS\RTX\UserCodeTemplates\Mutex.c
      Source file:   CMSIS\RTOS\RTX\SRC\ARM\SVC_Table.s
      Library file:  CMSIS\RTOS\RTX\LIB\ARM\RTX_CM4.lib

   * Component: ARM::CMSIS:CORE:5.0.1

   * Component: ::CMSIS:RTOS:1.0.0 (API)
Build Time Elapsed:  00:00:01
</pre>
</body>
</html>
