Component: ARM Compiler 5.06 update 6 (build 750) Tool: armlink [4d35ed]

==============================================================================

Section Cross References

    comunication.o(.text) refers to strlen.o(.text) for strlen
    comunication.o(.text) refers to uart_functions.o(.text) for sendUART
    comunication.o(.text) refers to d2f.o(x$fpl$d2f) for __aeabi_d2f
    comunication.o(.text) refers to utils.o(.text) for floatToString
    terminal.o(.text) refers to utils.o(.text) for intToString
    terminal.o(.text) refers to strcpy.o(.text) for strcpy
    terminal.o(.text) refers to strcat.o(.text) for strcat
    terminal.o(.text) refers to comunication.o(.text) for sendString
    utils.o(.text) refers to llsdiv.o(.text) for __aeabi_ldivmod
    utils.o(.text) refers to ffixll.o(x$fpl$llsfromf) for __aeabi_f2lz
    utils.o(.text) refers to utils.o(.data) for pAscii
    utils.o(.data) refers to utils.o(.conststring) for .conststring
    lab5.o(.text) refers to rt_cmsis.o(i.osSignalSet) for osSignalSet
    lab5.o(.text) refers to dflt_clz.o(x$fpl$dflt) for __aeabi_i2d
    lab5.o(.text) refers to dmul.o(x$fpl$dmul) for __aeabi_dmul
    lab5.o(.text) refers to daddsub_clz.o(x$fpl$dadd) for __aeabi_dadd
    lab5.o(.text) refers to pow.o(i.__hardfp_pow) for __hardfp_pow
    lab5.o(.text) refers to ddiv.o(x$fpl$ddiv) for __aeabi_ddiv
    lab5.o(.text) refers to rt_cmsis.o(i.osSignalWait) for osSignalWait
    lab5.o(.text) refers to rt_cmsis.o(i.osMutexWait) for osMutexWait
    lab5.o(.text) refers to queue.o(.text) for put_element
    lab5.o(.text) refers to rt_cmsis.o(i.osMutexRelease) for osMutexRelease
    lab5.o(.text) refers to rt_cmsis.o(i.osKernelInitialize) for osKernelInitialize
    lab5.o(.text) refers to rt_cmsis.o(i.osThreadGetId) for osThreadGetId
    lab5.o(.text) refers to rt_cmsis.o(i.osThreadCreate) for osThreadCreate
    lab5.o(.text) refers to rt_cmsis.o(i.osKernelStart) for osKernelStart
    lab5.o(.text) refers to rt_cmsis.o(i.osTimerCreate) for osTimerCreate
    lab5.o(.text) refers to rt_cmsis.o(i.osMutexCreate) for osMutexCreate
    lab5.o(.text) refers to rt_cmsis.o(i.osTimerStart) for osTimerStart
    lab5.o(.text) refers to lab5.o(.data) for Dispatcher_id
    lab5.o(.text) refers to lab5.o(.constdata) for os_thread_def_Thread_A
    lab5.o(.constdata) refers to lab5.o(.text) for Thread_A
    lab5.o(.constdata) refers to lab5.o(.bss) for os_timer_cb_timer
    cfaf128x128x16.o(.text) refers to cfaf128x128x16.o(.data) for _orientation
    cfaf128x128x16.o(.text) refers to sysctl.o(i.SysCtlClockFreqSet) for SysCtlClockFreqSet
    cfaf128x128x16.o(.constdata) refers to cfaf128x128x16.o(.text) for cfaf128x128x16PixelDraw
    rtx_conf_cm.o(.emb_text) refers to rt_cmsis.o(i.osKernelInitialize) for osKernelInitialize
    rtx_conf_cm.o(.emb_text) refers to rt_cmsis.o(i.osThreadCreate) for osThreadCreate
    rtx_conf_cm.o(.emb_text) refers to rt_cmsis.o(i.osKernelStart) for osKernelStart
    rtx_conf_cm.o(.emb_text) refers to exit.o(.text) for exit
    rtx_conf_cm.o(.emb_text) refers to rtx_conf_cm.o(.constdata) for os_thread_def_main
    rtx_conf_cm.o(.text) refers to rt_task.o(i.rt_tsk_self) for rt_tsk_self
    rtx_conf_cm.o(.text) refers to rt_mutex.o(i.rt_mut_init) for rt_mut_init
    rtx_conf_cm.o(.text) refers to rt_cmsis.o(.data) for os_running
    rtx_conf_cm.o(.text) refers to rtx_conf_cm.o(.bss) for .bss
    rtx_conf_cm.o(.text) refers to libspace.o(.bss) for __libspace_start
    rtx_conf_cm.o(.text) refers to rtx_conf_cm.o(.data) for .data
    rtx_conf_cm.o(.text) refers to rt_mutex.o(i.rt_mut_wait) for rt_mut_wait
    rtx_conf_cm.o(.text) refers to rt_mutex.o(i.rt_mut_release) for rt_mut_release
    rtx_conf_cm.o(.constdata) refers to rt_cmsis.o(i.osTimerThread) for osTimerThread
    rtx_conf_cm.o(.constdata) refers to rtx_conf_cm.o(.bss) for os_messageQ_q_osTimerMessageQ
    rtx_conf_cm.o(.constdata) refers to lab5.o(.text) for main
    startup_tm4c129.o(STACK) refers (Special) to heapauxi.o(.text) for __use_two_region_memory
    startup_tm4c129.o(HEAP) refers (Special) to heapauxi.o(.text) for __use_two_region_memory
    startup_tm4c129.o(RESET) refers (Special) to heapauxi.o(.text) for __use_two_region_memory
    startup_tm4c129.o(RESET) refers to startup_tm4c129.o(STACK) for __initial_sp
    startup_tm4c129.o(RESET) refers to startup_tm4c129.o(.text) for Reset_Handler
    startup_tm4c129.o(RESET) refers to hal_cm4.o(.emb_text) for SVC_Handler
    startup_tm4c129.o(.text) refers (Special) to heapauxi.o(.text) for __use_two_region_memory
    startup_tm4c129.o(.text) refers to system_tm4c129.o(.text) for SystemInit
    startup_tm4c129.o(.text) refers to __main.o(!!!main) for __main
    startup_tm4c129.o(.text) refers to startup_tm4c129.o(HEAP) for Heap_Mem
    startup_tm4c129.o(.text) refers to startup_tm4c129.o(STACK) for Stack_Mem
    system_tm4c129.o(.text) refers to system_tm4c129.o(.data) for SystemCoreClock
[...]
    i.osTimerStart                           0x00001e60   Section        0  rt_cmsis.o(i.osTimerStart)
    i.osTimerThread                          0x00001e78   Section        0  rt_cmsis.o(i.osTimerThread)
    i.os_tick_init                           0x00001ea4   Section        0  rt_system.o(i.os_tick_init)
    i.os_tick_irqack                         0x00001ecc   Section        0  rt_system.o(i.os_tick_irqack)
    i.rt_alloc_box                           0x00001ece   Section        0  rt_membox.o(i.rt_alloc_box)
    i.rt_alloc_mem                           0x00001ee8   Section        0  rt_memory.o(i.rt_alloc_mem)
    i.rt_block                               0x00001f28   Section        0  rt_task.o(i.rt_block)
    i.rt_chk_robin                           0x00001f60   Section        0  rt_robin.o(i.rt_chk_robin)
    i.rt_dec_dly                             0x00001fa8   Section        0  rt_list.o(i.rt_dec_dly)
    i.rt_dispatch                            0x00002018   Section        0  rt_task.o(i.rt_dispatch)
    i.rt_evt_psh                             0x0000205c   Section        0  rt_event.o(i.rt_evt_psh)
    i.rt_evt_set                             0x000020ac   Section        0  rt_event.o(i.rt_evt_set)
    i.rt_evt_wait                            0x00002108   Section        0  rt_event.o(i.rt_evt_wait)
    i.rt_free_box                            0x00002144   Section        0  rt_membox.o(i.rt_free_box)
    i.rt_free_mem                            0x00002170   Section        0  rt_memory.o(i.rt_free_mem)
    i.rt_get_first                           0x00002198   Section        0  rt_list.o(i.rt_get_first)
    i.rt_id2obj                              0x000021c0   Section        0  rt_cmsis.o(i.rt_id2obj)
    rt_id2obj                                0x000021c1   Thumb Code     8  rt_cmsis.o(i.rt_id2obj)
    i.rt_init_context                        0x000021c8   Section        0  rt_task.o(i.rt_init_context)
    rt_init_context                          0x000021c9   Thumb Code    66  rt_task.o(i.rt_init_context)
    i.rt_init_mem                            0x00002210   Section        0  rt_memory.o(i.rt_init_mem)
    i.rt_init_robin                          0x0000222c   Section        0  rt_robin.o(i.rt_init_robin)
    i.rt_init_stack                          0x00002244   Section        0  hal_cm.o(i.rt_init_stack)
    i.rt_mbx_check                           0x000022c4   Section        0  rt_mailbox.o(i.rt_mbx_check)
    i.rt_mbx_init                            0x000022cc   Section        0  rt_mailbox.o(i.rt_mbx_init)
    i.rt_mbx_psh                             0x000022e8   Section        0  rt_mailbox.o(i.rt_mbx_psh)
    i.rt_mbx_wait                            0x000023d8   Section        0  rt_mailbox.o(i.rt_mbx_wait)
    i.rt_ms2tick                             0x0000248c   Section        0  rt_cmsis.o(i.rt_ms2tick)
    rt_ms2tick                               0x0000248d   Thumb Code    58  rt_cmsis.o(i.rt_ms2tick)
    i.rt_mut_init                            0x000024d0   Section        0  rt_mutex.o(i.rt_mut_init)
    i.rt_mut_release                         0x000024e0   Section        0  rt_mutex.o(i.rt_mut_release)
    i.rt_mut_wait                            0x000025b8   Section        0  rt_mutex.o(i.rt_mut_wait)
    i.rt_pop_req                             0x00002630   Section        0  rt_system.o(i.rt_pop_req)
    i.rt_psh_req                             0x000026ac   Section        0  rt_system.o(i.rt_psh_req)
    i.rt_psq_enq                             0x000026cc   Section        0  rt_list.o(i.rt_psq_enq)
    i.rt_put_dly                             0x00002728   Section        0  rt_list.o(i.rt_put_dly)
    i.rt_put_prio                            0x00002770   Section        0  rt_list.o(i.rt_put_prio)
    i.rt_put_rdy_first                       0x000027a8   Section        0  rt_list.o(i.rt_put_rdy_first)
    i.rt_resort_prio                         0x000027bc   Section        0  rt_list.o(i.rt_resort_prio)
    i.rt_ret_regs                            0x000027f0   Section        0  hal_cm.o(i.rt_ret_regs)
    rt_ret_regs                              0x000027f1   Thumb Code    16  hal_cm.o(i.rt_ret_regs)
    i.rt_ret_val                             0x00002800   Section        0  hal_cm.o(i.rt_ret_val)
    i.rt_ret_val2                            0x0000280c   Section        0  hal_cm.o(i.rt_ret_val2)
    i.rt_rmv_dly                             0x0000281c   Section        0  rt_list.o(i.rt_rmv_dly)
    i.rt_rmv_list                            0x00002844   Section        0  rt_list.o(i.rt_rmv_list)
    i.rt_sem_psh                             0x00002874   Section        0  rt_semaphore.o(i.rt_sem_psh)
    i.rt_stk_check                           0x000028a8   Section        0  rt_system.o(i.rt_stk_check)
    i.rt_switch_req                          0x000028cc   Section        0  rt_task.o(i.rt_switch_req)
    i.rt_sys_init                            0x000028f4   Section        0  rt_task.o(i.rt_sys_init)
    i.rt_sys_start                           0x000029c0   Section        0  rt_task.o(i.rt_sys_start)
    i.rt_systick                             0x00002a38   Section        0  rt_system.o(i.rt_systick)
    i.rt_tid2ptcb                            0x00002a78   Section        0  rt_cmsis.o(i.rt_tid2ptcb)
    rt_tid2ptcb                              0x00002a79   Thumb Code    18  rt_cmsis.o(i.rt_tid2ptcb)
    i.rt_timer_insert                        0x00002a8c   Section        0  rt_cmsis.o(i.rt_timer_insert)
    rt_timer_insert                          0x00002a8d   Thumb Code    48  rt_cmsis.o(i.rt_timer_insert)
    i.rt_timer_remove                        0x00002ac0   Section        0  rt_cmsis.o(i.rt_timer_remove)
    rt_timer_remove                          0x00002ac1   Thumb Code    56  rt_cmsis.o(i.rt_timer_remove)
    i.rt_tsk_create                          0x00002afc   Section        0  rt_task.o(i.rt_tsk_create)
    i.rt_tsk_delete                          0x00002b84   Section        0  rt_task.o(i.rt_tsk_delete)
    i.rt_tsk_prio                            0x00002d00   Section        0  rt_task.o(i.rt_tsk_prio)
    i.rt_tsk_self                            0x00002d7c   Section        0  rt_task.o(i.rt_tsk_self)
    i.sqrt                                   0x00002d8c   Section        0  sqrt.o(i.sqrt)
    i.svcKernelInitialize                    0x00002dfc   Section        0  rt_cmsis.o(i.svcKernelInitialize)
    i.svcKernelStart                         0x00002e6c   Section        0  rt_cmsis.o(i.svcKernelStart)
    i.svcMessageCreate                       0x00002eb4   Section        0  rt_cmsis.o(i.svcMessageCreate)
    i.svcMessageGet                          0x00002ed8   Section        0  rt_cmsis.o(i.svcMessageGet)
    i.svcMutexCreate                         0x00002f12   Section        0  rt_cmsis.o(i.svcMutexCreate)
    i.svcMutexRelease                        0x00002f2e   Section        0  rt_cmsis.o(i.svcMutexRelease)
    i.svcMutexWait                           0x00002f50   Section        0  rt_cmsis.o(i.svcMutexWait)
    i.svcSignalSet                           0x00002f8a   Section        0  rt_cmsis.o(i.svcSignalSet)
    i.svcSignalWait                          0x00002fb0   Section        0  rt_cmsis.o(i.svcSignalWait)
    i.svcThreadCreate                        0x00003004   Section        0  rt_cmsis.o(i.svcThreadCreate)
    i.svcThreadGetId                         0x00003070   Section        0  rt_cmsis.o(i.svcThreadGetId)
    i.svcThreadTerminate                     0x0000308c   Section        0  rt_cmsis.o(i.svcThreadTerminate)
    i.svcTimerCall                           0x000030c4   Section        0  rt_cmsis.o(i.svcTimerCall)
    i.svcTimerCreate                         0x000030dc   Section        0  rt_cmsis.o(i.svcTimerCreate)
    i.svcTimerStart                          0x00003114   Section        0  rt_cmsis.o(i.svcTimerStart)
    i.sysTimerTick                           0x00003178   Section        0  rt_cmsis.o(i.sysTimerTick)
    x$fpl$basic                              0x000031d4   Section       24  basic.o(x$fpl$basic)
    $v0                                      0x000031d4   Number         0  basic.o(x$fpl$basic)
    x$fpl$dadd                               0x000031ec   Section      336  daddsub_clz.o(x$fpl$dadd)
    $v0                                      0x000031ec   Number         0  daddsub_clz.o(x$fpl$dadd)
    _dadd1                                   0x000031fd   Thumb Code     0  daddsub_clz.o(x$fpl$dadd)
    x$fpl$dcheck1                            0x0000333c   Section       16  dcheck1.o(x$fpl$dcheck1)
    $v0                                      0x0000333c   Number         0  dcheck1.o(x$fpl$dcheck1)
    x$fpl$dcmpinf                            0x0000334c   Section       24  dcmpi.o(x$fpl$dcmpinf)
    $v0                                      0x0000334c   Number         0  dcmpi.o(x$fpl$dcmpinf)
    x$fpl$ddiv                               0x00003364   Section      688  ddiv.o(x$fpl$ddiv)
    $v0                                      0x00003364   Number         0  ddiv.o(x$fpl$ddiv)
    ddiv_entry                               0x0000336b   Thumb Code     0  ddiv.o(x$fpl$ddiv)
    x$fpl$dflt                               0x00003614   Section       46  dflt_clz.o(x$fpl$dflt)
    $v0                                      0x00003614   Number         0  dflt_clz.o(x$fpl$dflt)
    x$fpl$dleqf                              0x00003644   Section      120  dleqf.o(x$fpl$dleqf)
    $v0                                      0x00003644   Number         0  dleqf.o(x$fpl$dleqf)
    x$fpl$dmul                               0x000036bc   Section      340  dmul.o(x$fpl$dmul)
    $v0                                      0x000036bc   Number         0  dmul.o(x$fpl$dmul)
    x$fpl$dnaninf                            0x00003810   Section      156  dnaninf.o(x$fpl$dnaninf)
    $v0                                      0x00003810   Number         0  dnaninf.o(x$fpl$dnaninf)
    x$fpl$dretinf                            0x000038ac   Section       12  dretinf.o(x$fpl$dretinf)
    $v0                                      0x000038ac   Number         0  dretinf.o(x$fpl$dretinf)
    x$fpl$drleqf                             0x000038b8   Section      108  drleqf.o(x$fpl$drleqf)
    $v0                                      0x000038b8   Number         0  drleqf.o(x$fpl$drleqf)
    x$fpl$drsb                               0x00003924   Section       22  daddsub_clz.o(x$fpl$drsb)
    $v0                                      0x00003924   Number         0  daddsub_clz.o(x$fpl$drsb)
    x$fpl$dsqrt                              0x0000393c   Section      408  dsqrt_umaal.o(x$fpl$dsqrt)
    $v0                                      0x0000393c   Number         0  dsqrt_umaal.o(x$fpl$dsqrt)
    x$fpl$dsub                               0x00003ad4   Section      468  daddsub_clz.o(x$fpl$dsub)
    $v0                                      0x00003ad4   Number         0  daddsub_clz.o(x$fpl$dsub)
    _dsub1                                   0x00003ae5   Thumb Code     0  daddsub_clz.o(x$fpl$dsub)
    x$fpl$fpinit                             0x00003ca8   Section       10  fpinit.o(x$fpl$fpinit)
    $v0                                      0x00003ca8   Number         0  fpinit.o(x$fpl$fpinit)
    x$fpl$retnan                             0x00003cb2   Section      100  retnan.o(x$fpl$retnan)
    $v0                                      0x00003cb2   Number         0  retnan.o(x$fpl$retnan)
    x$fpl$scalbn                             0x00003d16   Section       92  scalbn.o(x$fpl$scalbn)
    $v0                                      0x00003d16   Number         0  scalbn.o(x$fpl$scalbn)
    x$fpl$trapveneer                         0x00003d72   Section       48  trapv.o(x$fpl$trapveneer)
    $v0                                      0x00003d72   Number         0  trapv.o(x$fpl$trapveneer)
    x$fpl$usenofp                            0x00003da2   Section        0  usenofp.o(x$fpl$usenofp)
    .constdata                               0x00003da4   Section      108  lab5.o(.constdata)
    .constdata                               0x00003e10   Section      104  rtx_conf_cm.o(.constdata)
    __tagsym$$used                           0x00003e2c   Number         0  rtx_conf_cm.o(.constdata)
    __tagsym$$used                           0x00003e30   Number         0  rtx_conf_cm.o(.constdata)
    __tagsym$$used                           0x00003e34   Number         0  rtx_conf_cm.o(.constdata)
    __tagsym$$used                           0x00003e38   Number         0  rtx_conf_cm.o(.constdata)
    .constdata                               0x00003e78   Section      136  pow.o(.constdata)
    bp                                       0x00003e78   Data          16  pow.o(.constdata)
    dp_h                                     0x00003e88   Data          16  pow.o(.constdata)
    dp_l                                     0x00003e98   Data          16  pow.o(.constdata)
    L                                        0x00003ea8   Data          48  pow.o(.constdata)
    P                                        0x00003ed8   Data          40  pow.o(.constdata)
    .constdata                               0x00003f00   Section        8  qnan.o(.constdata)
    .data                                    0x20000000   Section       36  lab5.o(.data)
    .data                                    0x20000024   Section       20  rtx_conf_cm.o(.data)
    nr_mutex                                 0x20000034   Data           4  rtx_conf_cm.o(.data)
    .data                                    0x20000038   Section        4  system_tm4c129.o(.data)
    .data                                    0x2000003c   Section        8  rt_cmsis.o(.data)
    .data                                    0x20000044   Section        8  rt_task.o(.data)
    .data                                    0x2000004c   Section        8  rt_system.o(.data)
    os_lock                                  0x2000004c   Data           1  rt_system.o(.data)
    os_psh_flag                              0x2000004d   Data           1  rt_system.o(.data)
    pend_flags                               0x2000004e   Data           1  rt_system.o(.data)
    .data                                    0x20000054   Section        4  rt_time.o(.data)
    .data                                    0x20000058   Section        8  rt_robin.o(.data)
    .data                                    0x20000060   Section        1  hal_cm.o(.data)
    .bss                                     0x20000064   Section       84  lab5.o(.bss)
    .bss                                     0x200000b8   Section     9120  rtx_conf_cm.o(.bss)
    std_libspace                             0x20002078   Data         864  rtx_conf_cm.o(.bss)
    std_libmutex                             0x200023d8   Data         128  rtx_conf_cm.o(.bss)
    .bss                                     0x20002458   Section       52  rt_task.o(.bss)
    .bss                                     0x2000248c   Section       48  rt_list.o(.bss)
    .bss                                     0x200024bc   Section       96  libspace.o(.bss)
    HEAP                                     0x20002520   Section    36864  startup_tm4c129.o(HEAP)
    Heap_Mem                                 0x20002520   Data       36864  startup_tm4c129.o(HEAP)
    STACK                                    0x2000b520   Section      512  startup_tm4c129.o(STACK)
    Stack_Mem                                0x2000b520   Data         512  startup_tm4c129.o(STACK)
    __initial_sp                             0x2000b720   Data           0  startup_tm4c129.o(STACK)

    Global Symbols

    Symbol Name                              Value     Ov Type        Size  Object(Section)

    BuildAttributes$$THM_ISAv4$E$P$D$K$B$S$7EM$VFPi3$EXTD16$VFPS$VFMA$PE$A:L22UL41UL21$X:L11$S22US41US21$IEEE1$IW$USESV6$~STKCKD$USESV7$~SHL$OTIME$ROPI$IEEEX$EBA8$UX$STANDARDLIB$REQ8$PRES8$EABIv2 0x00000000   Number         0  anon$$obj.o ABSOLUTE
    __ARM_use_no_argv                        0x00000000   Number         0  lab5.o ABSOLUTE
    __Vectors                                0x00000000   Data           4  startup_tm4c129.o(RESET)
    __ARM_exceptions_init                     - Undefined Weak Reference
    __alloca_initialize                       - Undefined Weak Reference
    __arm_preinit_                            - Undefined Weak Reference
    __cpp_initialize__aeabi_                  - Undefined Weak Reference
    __cxa_finalize                            - Undefined Weak Reference
    __rt_locale                               - Undefined Weak Reference
    __sigvec_lookup                           - Undefined Weak Reference
    _atexit_init                              - Undefined Weak Reference
    _call_atexit_fns                          - Undefined Weak Reference
    _clock_init                               - Undefined Weak Reference
    _fp_trap_init                             - Undefined Weak Reference
    _fp_trap_shutdown                         - Undefined Weak Reference
    _get_lc_collate                           - Undefined Weak Reference
    _get_lc_ctype                             - Undefined Weak Reference
    _get_lc_monetary                          - Undefined Weak Reference
    _get_lc_numeric                           - Undefined Weak Reference
    _get_lc_time                              - Undefined Weak Reference
    _getenv_init                              - Undefined Weak Reference
    _handle_redirection                       - Undefined Weak Reference
    _init_alloc                               - Undefined Weak Reference
    _init_user_alloc                          - Undefined Weak Reference
    _initio                                   - Undefined Weak Reference
    _rand_init                                - Undefined Weak Reference
    _signal_finish                            - Undefined Weak Reference
    _signal_init                              - Undefined Weak Reference
    _terminate_alloc                          - Undefined Weak Reference
    _terminate_user_alloc                     - Undefined Weak Reference
    _terminateio                              - Undefined Weak Reference
    __Vectors_End                            0x00000200   Data           0  startup_tm4c129.o(RESET)
    __Vectors_Size                           0x00000200   Number         0  startup_tm4c129.o ABSOLUTE
    __main                                   0x00000201   Thumb Code     8  __main.o(!!!main)
    __scatterload                            0x00000209   Thumb Code     0  __scatter.o(!!!scatter)
    __scatterload_rt2                        0x00000209   Thumb Code    44  __scatter.o(!!!scatter)
    __scatterload_rt2_thumb_only             0x00000209   Thumb Code     0  __scatter.o(!!!scatter)
    __scatterload_null                       0x00000217   Thumb Code     0  __scatter.o(!!!scatter)
    __scatterload_copy                       0x0000023d   Thumb Code    26  __scatter_copy.o(!!handler_copy)
    __scatterload_zeroinit                   0x00000259   Thumb Code    28  __scatter_zi.o(!!handler_zi)
    __rt_lib_init                            0x00000275   Thumb Code     0  libinit.o(.ARM.Collect$$libinit$$00000000)
    __rt_lib_init_fp_1                       0x00000277   Thumb Code     0  libinit2.o(.ARM.Collect$$libinit$$00000001)
    __rt_lib_init_alloca_1                   0x0000027b   Thumb Code     0  libinit2.o(.ARM.Collect$$libinit$$0000002E)
    __rt_lib_init_argv_1                     0x0000027b   Thumb Code     0  libinit2.o(.ARM.Collect$$libinit$$0000002C)
    __rt_lib_init_atexit_1                   0x0000027b   Thumb Code     0  libinit2.o(.ARM.Collect$$libinit$$0000001B)
    __rt_lib_init_clock_1                    0x0000027b   Thumb Code     0  libinit2.o(.ARM.Collect$$libinit$$00000021)
    __rt_lib_init_cpp_1                      0x0000027b   Thumb Code     0  libinit2.o(.ARM.Collect$$libinit$$00000032)
    __rt_lib_init_exceptions_1               0x0000027b   Thumb Code     0  libinit2.o(.ARM.Collect$$libinit$$00000030)
    __rt_lib_init_fp_trap_1                  0x0000027b   Thumb Code     0  libinit2.o(.ARM.Collect$$libinit$$0000001F)
    __rt_lib_init_getenv_1                   0x0000027b   Thumb Code     0  libinit2.o(.ARM.Collect$$libinit$$00000023)
    __rt_lib_init_heap_1                     0x0000027b   Thumb Code     0  libinit2.o(.ARM.Collect$$libinit$$0000000A)
    __rt_lib_init_lc_collate_1               0x0000027b   Thumb Code     0  libinit2.o(.ARM.Collect$$libinit$$00000011)
    __rt_lib_init_lc_ctype_1                 0x0000027b   Thumb Code     0  libinit2.o(.ARM.Collect$$libinit$$00000013)
    __rt_lib_init_lc_monetary_1              0x0000027b   Thumb Code     0  libinit2.o(.ARM.Collect$$libinit$$00000015)
    __rt_lib_init_lc_numeric_1               0x0000027b   Thumb Code     0  libinit2.o(.ARM.Collect$$libinit$$00000017)
    __rt_lib_init_lc_time_1                  0x0000027b   Thumb Code     0  libinit2.o(.ARM.Collect$$libinit$$00000019)
    __rt_lib_init_preinit_1                  0x0000027b   Thumb Code     0  libinit2.o(.ARM.Collect$$libinit$$00000004)
    __rt_lib_init_rand_1                     0x0000027b   Thumb Code     0  libinit2.o(.ARM.Collect$$libinit$$0000000E)
    __rt_lib_init_return                     0x0000027b   Thumb Code     0  libinit2.o(.ARM.Collect$$libinit$$00000033)
    __rt_lib_init_signal_1                   0x0000027b   Thumb Code     0  libinit2.o(.ARM.Collect$$libinit$$0000001D)
    __rt_lib_init_stdio_1                    0x0000027b   Thumb Code     0  libinit2.o(.ARM.Collect$$libinit$$00000025)
    __rt_lib_init_user_alloc_1               0x0000027b   Thumb Code     0  libinit2.o(.ARM.Collect$$libinit$$0000000C)
    __rt_lib_shutdown                        0x0000027d   Thumb Code     0  libshutdown.o(.ARM.Collect$$libshutdown$$00000000)
    __rt_lib_shutdown_cpp_1                  0x0000027f   Thumb Code     0  libshutdown2.o(.ARM.Collect$$libshutdown$$00000002)
    __rt_lib_shutdown_fp_trap_1              0x0000027f   Thumb Code     0  libshutdown2.o(.ARM.Collect$$libshutdown$$00000007)
    __rt_lib_shutdown_heap_1                 0x0000027f   Thumb Code     0  libshutdown2.o(.ARM.Collect$$libshutdown$$0000000F)
    __rt_lib_shutdown_return                 0x0000027f   Thumb Code     0  libshutdown2.o(.ARM.Collect$$libshutdown$$00000010)
    __rt_lib_shutdown_signal_1               0x0000027f   Thumb Code     0  libshutdown2.o(.ARM.Collect$$libshutdown$$0000000A)
    __rt_lib_shutdown_stdio_1                0x0000027f   Thumb Code     0  libshutdown2.o(.ARM.Collect$$libshutdown$$00000004)
    __rt_lib_shutdown_user_alloc_1           0x0000027f   Thumb Code     0  libshutdown2.o(.ARM.Collect$$libshutdown$$0000000C)
    __rt_entry                               0x00000281   Thumb Code     0  __rtentry.o(.ARM.Collect$$rtentry$$00000000)
    __rt_entry_presh_1                       0x00000281   Thumb Code     0  __rtentry2.o(.ARM.Collect$$rtentry$$00000002)
    __rt_entry_sh                            0x00000281   Thumb Code     0  __rtentry4.o(.ARM.Collect$$rtentry$$00000004)
    __rt_entry_li                            0x00000287   Thumb Code     0  __rtentry2.o(.ARM.Collect$$rtentry$$0000000A)
    __rt_entry_postsh_1                      0x00000287   Thumb Code     0  __rtentry2.o(.ARM.Collect$$rtentry$$00000009)
    __rt_entry_postli_1                      0x0000028b   Thumb Code     0  __rtentry2.o(.ARM.Collect$$rtentry$$0000000B)
    __rt_entry_main                          0x00000293   Thumb Code     0  __rtentry2.o(.ARM.Collect$$rtentry$$0000000D)
    __rt_exit                                0x0000029b   Thumb Code     0  rtexit.o(.ARM.Collect$$rtexit$$00000000)
    __rt_exit_ls                             0x0000029d   Thumb Code     0  rtexit2.o(.ARM.Collect$$rtexit$$00000003)
    __rt_exit_prels_1                        0x0000029d   Thumb Code     0  rtexit2.o(.ARM.Collect$$rtexit$$00000002)
    __rt_exit_exit                           0x000002a1   Thumb Code     0  rtexit2.o(.ARM.Collect$$rtexit$$00000004)
    _platform_post_lib_init                  0x000002a9   Thumb Code    24  rtx_conf_cm.o(.emb_text)
    rt_set_PSP                               0x000002c5   Thumb Code     6  hal_cm4.o(.emb_text)
    rt_get_PSP                               0x000002cb   Thumb Code     6  hal_cm4.o(.emb_text)
    os_set_env                               0x000002d1   Thumb Code    24  hal_cm4.o(.emb_text)
    _alloc_box                               0x000002ed   Thumb Code    28  hal_cm4.o(.emb_text)
    _free_box                                0x0000030d   Thumb Code    28  hal_cm4.o(.emb_text)
    SVC_Handler                              0x0000032d   Thumb Code   168  hal_cm4.o(.emb_text)
    PendSV_Handler                           0x000003e5   Thumb Code    96  hal_cm4.o(.emb_text)
    SysTick_Handler                          0x00000449   Thumb Code     8  hal_cm4.o(.emb_text)
    OS_Tick_Handler                          0x00000451   Thumb Code    12  hal_cm4.o(.emb_text)
    dispatcher_run                           0x0000045d   Thumb Code    14  lab5.o(.text)
    factorial                                0x0000046b   Thumb Code    60  lab5.o(.text)
    __RL_RTX_VER                             0x00000482   Number         0  rt_system.o ABSOLUTE
    Thread_A                                 0x000004a7   Thumb Code    64  lab5.o(.text)
    Thread_B                                 0x000004e7   Thumb Code   114  lab5.o(.text)
    Thread_C                                 0x00000559   Thumb Code    82  lab5.o(.text)
    Thread_D                                 0x000005ab   Thumb Code   214  lab5.o(.text)
    Thread_E                                 0x00000681   Thumb Code    92  lab5.o(.text)
    Thread_F                                 0x000006dd   Thumb Code   134  lab5.o(.text)
    load_threads                             0x00000763   Thumb Code    20  lab5.o(.text)
    scheduler                                0x00000777   Thumb Code     2  lab5.o(.text)
    dispatcher                               0x00000779   Thumb Code    90  lab5.o(.text)
    main                                     0x000007d3   Thumb Code   246  lab5.o(.text)
    left_shift                               0x000008c9   Thumb Code    28  queue.o(.text)
    right_shift                              0x000008e5   Thumb Code     2  queue.o(.text)
    get_first_element                        0x000008e7   Thumb Code    28  queue.o(.text)
    put_element                              0x00000903   Thumb Code    32  queue.o(.text)
    os_idle_demon                            0x00000925   Thumb Code     4  rtx_conf_cm.o(.text)
    os_error                                 0x00000929   Thumb Code    32  rtx_conf_cm.o(.text)
    __user_perthread_libspace                0x00000949   Thumb Code    32  rtx_conf_cm.o(.text)
    _mutex_initialize                        0x00000969   Thumb Code    34  rtx_conf_cm.o(.text)
    _mutex_acquire                           0x0000098b   Thumb Code    22  rtx_conf_cm.o(.text)
    _mutex_release                           0x000009a1   Thumb Code    18  rtx_conf_cm.o(.text)
    Reset_Handler                            0x000009d1   Thumb Code     8  startup_tm4c129.o(.text)
    NMI_Handler                              0x000009d9   Thumb Code     2  startup_tm4c129.o(.text)
    HardFault_Handler                        0x000009db   Thumb Code     2  startup_tm4c129.o(.text)
    MemManage_Handler                        0x000009dd   Thumb Code     2  startup_tm4c129.o(.text)
    BusFault_Handler                         0x000009df   Thumb Code     2  startup_tm4c129.o(.text)
    UsageFault_Handler                       0x000009e1   Thumb Code     2  startup_tm4c129.o(.text)
    DebugMon_Handler                         0x000009e5   Thumb Code     2  startup_tm4c129.o(.text)
    GPIOA_Handler                            0x000009eb   Thumb Code     2  startup_tm4c129.o(.text)
    GPIOB_Handler                            0x000009ed   Thumb Code     2  startup_tm4c129.o(.text)
    GPIOC_Handler                            0x000009ef   Thumb Code     2  startup_tm4c129.o(.text)
    GPIOD_Handler                            0x000009f1   Thumb Code     2  startup_tm4c129.o(.text)
    GPIOE_Handler                            0x000009f3   Thumb Code     2  startup_tm4c129.o(.text)
    UART0_Handler                            0x000009f5   Thumb Code     2  startup_tm4c129.o(.text)
    UART1_Handler                            0x000009f7   Thumb Code     2  startup_tm4c129.o(.text)
    SSI0_Handler                             0x000009f9   Thumb Code     2  startup_tm4c129.o(.text)
    I2C0_Handler                             0x000009fb   Thumb Code     2  startup_tm4c129.o(.text)
    PMW0_FAULT_Handler                       0x000009fd   Thumb Code     2  startup_tm4c129.o(.text)
    PWM0_0_Handler                           0x000009ff   Thumb Code     2  startup_tm4c129.o(.text)
    PWM0_1_Handler                           0x00000a01   Thumb Code     2  startup_tm4c129.o(.text)
    PWM0_2_Handler                           0x00000a03   Thumb Code     2  startup_tm4c129.o(.text)
    QEI0_Handler                             0x00000a05   Thumb Code     2  startup_tm4c129.o(.text)
    ADC0SS0_Handler                          0x00000a07   Thumb Code     2  startup_tm4c129.o(.text)
    ADC0SS1_Handler                          0x00000a09   Thumb Code     2  startup_tm4c129.o(.text)
    ADC0SS2_Handler                          0x00000a0b   Thumb Code     2  startup_tm4c129.o(.text)
    ADC0SS3_Handler                          0x00000a0d   Thumb Code     2  startup_tm4c129.o(.text)
    WDT0_Handler                             0x00000a0f   Thumb Code     2  startup_tm4c129.o(.text)
    TIMER0A_Handler                          0x00000a11   Thumb Code     2  startup_tm4c129.o(.text)
    TIMER0B_Handler                          0x00000a13   Thumb Code     2  startup_tm4c129.o(.text)
    TIMER1A_Handler                          0x00000a15   Thumb Code     2  startup_tm4c129.o(.text)
    TIMER1B_Handler                          0x00000a17   Thumb Code     2  startup_tm4c129.o(.text)
    TIMER2A_Handler                          0x00000a19   Thumb Code     2  startup_tm4c129.o(.text)
    TIMER2B_Handler                          0x00000a1b   Thumb Code     2  startup_tm4c129.o(.text)
    COMP0_Handler                            0x00000a1d   Thumb Code     2  startup_tm4c129.o(.text)
    COMP1_Handler                            0x00000a1f   Thumb Code     2  startup_tm4c129.o(.text)
    COMP2_Handler                            0x00000a21   Thumb Code     2  startup_tm4c129.o(.text)
    SYSCTL_Handler                           0x00000a23   Thumb Code     2  startup_tm4c129.o(.text)
    FLASH_Handler                            0x00000a25   Thumb Code     2  startup_tm4c129.o(.text)
    GPIOF_Handler                            0x00000a27   Thumb Code     2  startup_tm4c129.o(.text)
    GPIOG_Handler                            0x00000a29   Thumb Code     2  startup_tm4c129.o(.text)
    GPIOH_Handler                            0x00000a2b   Thumb Code     2  startup_tm4c129.o(.text)
    UART2_Handler                            0x00000a2d   Thumb Code     2  startup_tm4c129.o(.text)
    SSI1_Handler                             0x00000a2f   Thumb Code     2  startup_tm4c129.o(.text)
    TIMER3A_Handler                          0x00000a31   Thumb Code     2  startup_tm4c129.o(.text)
    TIMER3B_Handler                          0x00000a33   Thumb Code     2  startup_tm4c129.o(.text)
    I2C1_Handler                             0x00000a35   Thumb Code     2  startup_tm4c129.o(.text)
    CAN0_Handler                             0x00000a37   Thumb Code     2  startup_tm4c129.o(.text)
    CAN1_Handler                             0x00000a39   Thumb Code     2  startup_tm4c129.o(.text)
    ETH_Handler                              0x00000a3b   Thumb Code     2  startup_tm4c129.o(.text)
    HIB_Handler                              0x00000a3d   Thumb Code     2  startup_tm4c129.o(.text)
    USB0_Handler                             0x00000a3f   Thumb Code     2  startup_tm4c129.o(.text)
    PWM0_3_Handler                           0x00000a41   Thumb Code     2  startup_tm4c129.o(.text)
    UDMA_Handler                             0x00000a43   Thumb Code     2  startup_tm4c129.o(.text)
    UDMAERR_Handler                          0x00000a45   Thumb Code     2  startup_tm4c129.o(.text)
    ADC1SS0_Handler                          0x00000a47   Thumb Code     2  startup_tm4c129.o(.text)
    ADC1SS1_Handler                          0x00000a49   Thumb Code     2  startup_tm4c129.o(.text)
    ADC1SS2_Handler                          0x00000a4b   Thumb Code     2  startup_tm4c129.o(.text)
    ADC1SS3_Handler                          0x00000a4d   Thumb Code     2  startup_tm4c129.o(.text)
    EBI0_Handler                             0x00000a4f   Thumb Code     2  startup_tm4c129.o(.text)
    GPIOJ_Handler                            0x00000a51   Thumb Code     2  startup_tm4c129.o(.text)
    GPIOK_Handler                            0x00000a53   Thumb Code     2  startup_tm4c129.o(.text)
    GPIOL_Handler                            0x00000a55   Thumb Code     2  startup_tm4c129.o(.text)
    SSI2_Handler                             0x00000a57   Thumb Code     2  startup_tm4c129.o(.text)
    SSI3_Handler                             0x00000a59   Thumb Code     2  startup_tm4c129.o(.text)
    UART3_Handler                            0x00000a5b   Thumb Code     2  startup_tm4c129.o(.text)
    UART4_Handler                            0x00000a5d   Thumb Code     2  startup_tm4c129.o(.text)
    UART5_Handler                            0x00000a5f   Thumb Code     2  startup_tm4c129.o(.text)
    UART6_Handler                            0x00000a61   Thumb Code     2  startup_tm4c129.o(.text)
    UART7_Handler                            0x00000a63   Thumb Code     2  startup_tm4c129.o(.text)
    I2C2_Handler                             0x00000a65   Thumb Code     2  startup_tm4c129.o(.text)
    I2C3_Handler                             0x00000a67   Thumb Code     2  startup_tm4c129.o(.text)
    TIMER4A_Handler                          0x00000a69   Thumb Code     2  startup_tm4c129.o(.text)
    TIMER4B_Handler                          0x00000a6b   Thumb Code     2  startup_tm4c129.o(.text)
    TIMER5A_Handler                          0x00000a6d   Thumb Code     2  startup_tm4c129.o(.text)
    TIMER5B_Handler                          0x00000a6f   Thumb Code     2  startup_tm4c129.o(.text)
    WTIMER0A_Handler                         0x00000a71   Thumb Code     2  startup_tm4c129.o(.text)
    WTIMER0B_Handler                         0x00000a73   Thumb Code     2  startup_tm4c129.o(.text)
    WTIMER1A_Handler                         0x00000a75   Thumb Code     2  startup_tm4c129.o(.text)
    WTIMER1B_Handler                         0x00000a77   Thumb Code     2  startup_tm4c129.o(.text)
    WTIMER2A_Handler                         0x00000a79   Thumb Code     2  startup_tm4c129.o(.text)
    WTIMER2B_Handler                         0x00000a7b   Thumb Code     2  startup_tm4c129.o(.text)
    WTIMER3A_Handler                         0x00000a7d   Thumb Code     2  startup_tm4c129.o(.text)
    WTIMER3B_Handler                         0x00000a7f   Thumb Code     2  startup_tm4c129.o(.text)
    WTIMER4A_Handler                         0x00000a81   Thumb Code     2  startup_tm4c129.o(.text)
    WTIMER4B_Handler                         0x00000a83   Thumb Code     2  startup_tm4c129.o(.text)
    WTIMER5A_Handler                         0x00000a85   Thumb Code     2  startup_tm4c129.o(.text)
    WTIMER5B_Handler                         0x00000a87   Thumb Code     2  startup_tm4c129.o(.text)
    FPU_Handler                              0x00000a89   Thumb Code     2  startup_tm4c129.o(.text)
    I2C4_Handler                             0x00000a8b   Thumb Code     2  startup_tm4c129.o(.text)
    I2C5_Handler                             0x00000a8d   Thumb Code     2  startup_tm4c129.o(.text)
    GPIOM_Handler                            0x00000a8f   Thumb Code     2  startup_tm4c129.o(.text)
    GPION_Handler                            0x00000a91   Thumb Code     2  startup_tm4c129.o(.text)
    TAMPER_Handler                           0x00000a93   Thumb Code     2  startup_tm4c129.o(.text)
    GPIOP0_Handler                           0x00000a95   Thumb Code     2  startup_tm4c129.o(.text)
    GPIOP1_Handler                           0x00000a97   Thumb Code     2  startup_tm4c129.o(.text)
    GPIOP2_Handler                           0x00000a99   Thumb Code     2  startup_tm4c129.o(.text)
    GPIOP3_Handler                           0x00000a9b   Thumb Code     2  startup_tm4c129.o(.text)
    GPIOP4_Handler                           0x00000a9d   Thumb Code     2  startup_tm4c129.o(.text)
    GPIOP5_Handler                           0x00000a9f   Thumb Code     2  startup_tm4c129.o(.text)
    GPIOP6_Handler                           0x00000aa1   Thumb Code     2  startup_tm4c129.o(.text)
    GPIOP7_Handler                           0x00000aa3   Thumb Code     2  startup_tm4c129.o(.text)
    GPIOQ0_Handler                           0x00000aa5   Thumb Code     2  startup_tm4c129.o(.text)
    GPIOQ1_Handler                           0x00000aa7   Thumb Code     2  startup_tm4c129.o(.text)
    GPIOQ2_Handler                           0x00000aa9   Thumb Code     2  startup_tm4c129.o(.text)
    GPIOQ3_Handler                           0x00000aab   Thumb Code     2  startup_tm4c129.o(.text)
    GPIOQ4_Handler                           0x00000aad   Thumb Code     2  startup_tm4c129.o(.text)
    GPIOQ5_Handler                           0x00000aaf   Thumb Code     2  startup_tm4c129.o(.text)
    GPIOQ6_Handler                           0x00000ab1   Thumb Code     2  startup_tm4c129.o(.text)
    GPIOQ7_Handler                           0x00000ab3   Thumb Code     2  startup_tm4c129.o(.text)
    GPIOR_Handler                            0x00000ab5   Thumb Code     2  startup_tm4c129.o(.text)
    GPIOS_Handler                            0x00000ab7   Thumb Code     2  startup_tm4c129.o(.text)
    SHAMD5_Handler                           0x00000ab9   Thumb Code     2  startup_tm4c129.o(.text)
    AES_Handler                              0x00000abb   Thumb Code     2  startup_tm4c129.o(.text)
    DES3DES_Handler                          0x00000abd   Thumb Code     2  startup_tm4c129.o(.text)
    LCDCONTROLLER_Handler                    0x00000abf   Thumb Code     2  startup_tm4c129.o(.text)
    TIMER6A_Handler                          0x00000ac1   Thumb Code     2  startup_tm4c129.o(.text)
    TIMER6B_Handler                          0x00000ac3   Thumb Code     2  startup_tm4c129.o(.text)
    TIMER7A_Handler                          0x00000ac5   Thumb Code     2  startup_tm4c129.o(.text)
    TIMER7B_Handler                          0x00000ac7   Thumb Code     2  startup_tm4c129.o(.text)
    I2C6_Handler                             0x00000ac9   Thumb Code     2  startup_tm4c129.o(.text)
    I2C7_Handler                             0x00000acb   Thumb Code     2  startup_tm4c129.o(.text)
    HIMSCANKEYBOARD_Handler                  0x00000acd   Thumb Code     2  startup_tm4c129.o(.text)
    ONEWIRE_Handler                          0x00000acf   Thumb Code     2  startup_tm4c129.o(.text)
    HIMPS2_Handler                           0x00000ad1   Thumb Code     2  startup_tm4c129.o(.text)
    HIMLEDSEQUENCER_Handler                  0x00000ad3   Thumb Code     2  startup_tm4c129.o(.text)
    HIMCONSUMERIR_Handler                    0x00000ad5   Thumb Code     2  startup_tm4c129.o(.text)
    I2C8_Handler                             0x00000ad7   Thumb Code     2  startup_tm4c129.o(.text)
    I2C9_Handler                             0x00000ad9   Thumb Code     2  startup_tm4c129.o(.text)
    GPIOT_Handler                            0x00000adb   Thumb Code     2  startup_tm4c129.o(.text)
    __user_initial_stackheap                 0x00000add   Thumb Code     0  startup_tm4c129.o(.text)
    SystemCoreClockUpdate                    0x00000b01   Thumb Code     8  system_tm4c129.o(.text)
    SystemInit                               0x00000b09   Thumb Code    20  system_tm4c129.o(.text)
    __user_libspace                          0x00000b29   Thumb Code     8  libspace.o(.text)
    __user_perproc_libspace                  0x00000b29   Thumb Code     0  libspace.o(.text)
    __aeabi_uldivmod                         0x00000b31   Thumb Code     0  lludivv7m.o(.text)
    _ll_udiv                                 0x00000b31   Thumb Code   238  lludivv7m.o(.text)
    exit                                     0x00000c1f   Thumb Code    18  exit.o(.text)
    __use_two_region_memory                  0x00000c31   Thumb Code     2  heapauxi.o(.text)
    __rt_heap_escrow$2region                 0x00000c33   Thumb Code     2  heapauxi.o(.text)
    __rt_heap_expand$2region                 0x00000c35   Thumb Code     2  heapauxi.o(.text)
    __read_errno                             0x00000c37   Thumb Code    10  _rserrno.o(.text)
    __set_errno                              0x00000c41   Thumb Code    12  _rserrno.o(.text)
    __aeabi_errno_addr                       0x00000c4d   Thumb Code     4  rt_errno_addr_twolibspace.o(.text)
    __errno$twolibspace                      0x00000c4d   Thumb Code     0  rt_errno_addr_twolibspace.o(.text)
    __rt_errno_addr$twolibspace              0x00000c4d   Thumb Code     0  rt_errno_addr_twolibspace.o(.text)
    _sys_exit                                0x00000c51   Thumb Code     8  sys_exit.o(.text)
    __user_setup_stackheap                   0x00000c5d   Thumb Code    74  sys_stackheap_outer.o(.text)
    __I$use$semihosting                      0x00000ca7   Thumb Code     0  use_no_semi.o(.text)
    __use_no_semihosting_swi                 0x00000ca7   Thumb Code     2  use_no_semi.o(.text)
    SVC_Count                                0x00000ca8   Data           4  svc_table.o(SVC_TABLE)
    __semihosting_library_function           0x00000ca9   Thumb Code     0  indicate_semi.o(.text)
    SVC_Table                                0x00000cac   Data           0  svc_table.o(SVC_TABLE)
    __ARM_fpclassify                         0x00000cad   Thumb Code    48  fpclassify.o(i.__ARM_fpclassify)
    __hardfp_pow                             0x00000ce1   Thumb Code  3072  pow.o(i.__hardfp_pow)
    __kernel_poly                            0x00001931   Thumb Code   248  poly.o(i.__kernel_poly)
    __mathlib_dbl_divzero                    0x00001a29   Thumb Code    28  dunder.o(i.__mathlib_dbl_divzero)
    __mathlib_dbl_infnan2                    0x00001a59   Thumb Code    20  dunder.o(i.__mathlib_dbl_infnan2)
    __mathlib_dbl_invalid                    0x00001a71   Thumb Code    24  dunder.o(i.__mathlib_dbl_invalid)
    __mathlib_dbl_overflow                   0x00001a91   Thumb Code    24  dunder.o(i.__mathlib_dbl_overflow)
    __mathlib_dbl_underflow                  0x00001ab1   Thumb Code    24  dunder.o(i.__mathlib_dbl_underflow)
    _init_box                                0x00001ad1   Thumb Code    70  rt_membox.o(i._init_box)
    dbg_init                                 0x00001b19   Thumb Code    34  hal_cm.o(i.dbg_init)
    dbg_task_notify                          0x00001b49   Thumb Code    32  hal_cm.o(i.dbg_task_notify)
    dbg_task_switch                          0x00001b69   Thumb Code    16  hal_cm.o(i.dbg_task_switch)
    fabs                                     0x00001b79   Thumb Code    24  fabs.o(i.fabs)
    isrMessageGet                            0x00001b91   Thumb Code    42  rt_cmsis.o(i.isrMessageGet)
    isrMessagePut                            0x00001bbb   Thumb Code    44  rt_cmsis.o(i.isrMessagePut)
    isrSignalSet                             0x00001be7   Thumb Code    36  rt_cmsis.o(i.isrSignalSet)
    isr_evt_set                              0x00001c0d   Thumb Code    34  rt_event.o(i.isr_evt_set)
    isr_mbx_receive                          0x00001c35   Thumb Code    86  rt_mailbox.o(i.isr_mbx_receive)
    isr_mbx_send                             0x00001c8b   Thumb Code    14  rt_mailbox.o(i.isr_mbx_send)
    osKernelInitialize                       0x00001c99   Thumb Code    30  rt_cmsis.o(i.osKernelInitialize)
    osKernelStart                            0x00001cbd   Thumb Code    98  rt_cmsis.o(i.osKernelStart)
    osMessageGet                             0x00001d29   Thumb Code    18  rt_cmsis.o(i.osMessageGet)
    osMutexCreate                            0x00001d41   Thumb Code    36  rt_cmsis.o(i.osMutexCreate)
    osMutexRelease                           0x00001d6d   Thumb Code    18  rt_cmsis.o(i.osMutexRelease)
    osMutexWait                              0x00001d85   Thumb Code    18  rt_cmsis.o(i.osMutexWait)
    osSignalSet                              0x00001d9d   Thumb Code    18  rt_cmsis.o(i.osSignalSet)
    osSignalWait                             0x00001db5   Thumb Code    18  rt_cmsis.o(i.osSignalWait)
    osThreadCreate                           0x00001dcd   Thumb Code    36  rt_cmsis.o(i.osThreadCreate)
    osThreadExit                             0x00001df9   Thumb Code    14  rt_cmsis.o(i.osThreadExit)
    osThreadGetId                            0x00001e11   Thumb Code    18  rt_cmsis.o(i.osThreadGetId)
    osTimerCall                              0x00001e29   Thumb Code     8  rt_cmsis.o(i.osTimerCall)
    osTimerCreate                            0x00001e35   Thumb Code    36  rt_cmsis.o(i.osTimerCreate)
    osTimerStart                             0x00001e61   Thumb Code    18  rt_cmsis.o(i.osTimerStart)
    osTimerThread                            0x00001e79   Thumb Code    38  rt_cmsis.o(i.osTimerThread)
    os_tick_init                             0x00001ea5   Thumb Code    32  rt_system.o(i.os_tick_init)
    os_tick_irqack                           0x00001ecd   Thumb Code     2  rt_system.o(i.os_tick_irqack)
    rt_alloc_box                             0x00001ecf   Thumb Code    26  rt_membox.o(i.rt_alloc_box)
    rt_alloc_mem                             0x00001ee9   Thumb Code    62  rt_memory.o(i.rt_alloc_mem)
    rt_block                                 0x00001f29   Thumb Code    48  rt_task.o(i.rt_block)
    rt_chk_robin                             0x00001f61   Thumb Code    60  rt_robin.o(i.rt_chk_robin)
    rt_dec_dly                               0x00001fa9   Thumb Code   102  rt_list.o(i.rt_dec_dly)
    rt_dispatch                              0x00002019   Thumb Code    60  rt_task.o(i.rt_dispatch)
    rt_evt_psh                               0x0000205d   Thumb Code    76  rt_event.o(i.rt_evt_psh)
    rt_evt_set                               0x000020ad   Thumb Code    88  rt_event.o(i.rt_evt_set)
    rt_evt_wait                              0x00002109   Thumb Code    56  rt_event.o(i.rt_evt_wait)
    rt_free_box                              0x00002145   Thumb Code    44  rt_membox.o(i.rt_free_box)
    rt_free_mem                              0x00002171   Thumb Code    40  rt_memory.o(i.rt_free_mem)
    rt_get_first                             0x00002199   Thumb Code    40  rt_list.o(i.rt_get_first)
    rt_init_mem                              0x00002211   Thumb Code    26  rt_memory.o(i.rt_init_mem)
    rt_init_robin                            0x0000222d   Thumb Code    14  rt_robin.o(i.rt_init_robin)
    rt_init_stack                            0x00002245   Thumb Code   118  hal_cm.o(i.rt_init_stack)
    rt_mbx_check                             0x000022c5   Thumb Code     8  rt_mailbox.o(i.rt_mbx_check)
    rt_mbx_init                              0x000022cd   Thumb Code    26  rt_mailbox.o(i.rt_mbx_init)
    rt_mbx_psh                               0x000022e9   Thumb Code   236  rt_mailbox.o(i.rt_mbx_psh)
    rt_mbx_wait                              0x000023d9   Thumb Code   174  rt_mailbox.o(i.rt_mbx_wait)
    rt_mut_init                              0x000024d1   Thumb Code    16  rt_mutex.o(i.rt_mut_init)
    rt_mut_release                           0x000024e1   Thumb Code   208  rt_mutex.o(i.rt_mut_release)
    rt_mut_wait                              0x000025b9   Thumb Code   114  rt_mutex.o(i.rt_mut_wait)
    rt_pop_req                               0x00002631   Thumb Code   112  rt_system.o(i.rt_pop_req)
    rt_psh_req                               0x000026ad   Thumb Code    22  rt_system.o(i.rt_psh_req)
    rt_psq_enq                               0x000026cd   Thumb Code    88  rt_list.o(i.rt_psq_enq)
    rt_put_dly                               0x00002729   Thumb Code    68  rt_list.o(i.rt_put_dly)
    rt_put_prio                              0x00002771   Thumb Code    54  rt_list.o(i.rt_put_prio)
    rt_put_rdy_first                         0x000027a9   Thumb Code    14  rt_list.o(i.rt_put_rdy_first)
    rt_resort_prio                           0x000027bd   Thumb Code    46  rt_list.o(i.rt_resort_prio)
    rt_ret_val                               0x00002801   Thumb Code    12  hal_cm.o(i.rt_ret_val)
    rt_ret_val2                              0x0000280d   Thumb Code    16  hal_cm.o(i.rt_ret_val2)
    rt_rmv_dly                               0x0000281d   Thumb Code    40  rt_list.o(i.rt_rmv_dly)
    rt_rmv_list                              0x00002845   Thumb Code    44  rt_list.o(i.rt_rmv_list)
    rt_sem_psh                               0x00002875   Thumb Code    48  rt_semaphore.o(i.rt_sem_psh)
    rt_stk_check                             0x000028a9   Thumb Code    28  rt_system.o(i.rt_stk_check)
    rt_switch_req                            0x000028cd   Thumb Code    30  rt_task.o(i.rt_switch_req)
    rt_sys_init                              0x000028f5   Thumb Code   138  rt_task.o(i.rt_sys_init)
    rt_sys_start                             0x000029c1   Thumb Code   110  rt_task.o(i.rt_sys_start)
    rt_systick                               0x00002a39   Thumb Code    50  rt_system.o(i.rt_systick)
    rt_tsk_create                            0x00002afd   Thumb Code   118  rt_task.o(i.rt_tsk_create)
    rt_tsk_delete                            0x00002b85   Thumb Code   352  rt_task.o(i.rt_tsk_delete)
    rt_tsk_prio                              0x00002d01   Thumb Code   108  rt_task.o(i.rt_tsk_prio)
    rt_tsk_self                              0x00002d7d   Thumb Code    12  rt_task.o(i.rt_tsk_self)
    sqrt                                     0x00002d8d   Thumb Code   110  sqrt.o(i.sqrt)
    svcKernelInitialize                      0x00002dfd   Thumb Code    80  rt_cmsis.o(i.svcKernelInitialize)
    svcKernelStart                           0x00002e6d   Thumb Code    62  rt_cmsis.o(i.svcKernelStart)
    svcMessageCreate                         0x00002eb5   Thumb Code    36  rt_cmsis.o(i.svcMessageCreate)
    svcMessageGet                            0x00002ed9   Thumb Code    58  rt_cmsis.o(i.svcMessageGet)
    svcMutexCreate                           0x00002f13   Thumb Code    28  rt_cmsis.o(i.svcMutexCreate)
    svcMutexRelease                          0x00002f2f   Thumb Code    34  rt_cmsis.o(i.svcMutexRelease)
    svcMutexWait                             0x00002f51   Thumb Code    58  rt_cmsis.o(i.svcMutexWait)
    svcSignalSet                             0x00002f8b   Thumb Code    36  rt_cmsis.o(i.svcSignalSet)
    svcSignalWait                            0x00002fb1   Thumb Code    80  rt_cmsis.o(i.svcSignalWait)
    svcThreadCreate                          0x00003005   Thumb Code    96  rt_cmsis.o(i.svcThreadCreate)
    svcThreadGetId                           0x00003071   Thumb Code    22  rt_cmsis.o(i.svcThreadGetId)
    svcThreadTerminate                       0x0000308d   Thumb Code    50  rt_cmsis.o(i.svcThreadTerminate)
    svcTimerCall                             0x000030c5   Thumb Code    24  rt_cmsis.o(i.svcTimerCall)
    svcTimerCreate                           0x000030dd   Thumb Code    52  rt_cmsis.o(i.svcTimerCreate)
    svcTimerStart                            0x00003115   Thumb Code    96  rt_cmsis.o(i.svcTimerStart)
    sysTimerTick                             0x00003179   Thumb Code    84  rt_cmsis.o(i.sysTimerTick)
    __aeabi_dneg                             0x000031d5   Thumb Code     0  basic.o(x$fpl$basic)
    _dneg                                    0x000031d5   Thumb Code     6  basic.o(x$fpl$basic)
    __aeabi_fneg                             0x000031db   Thumb Code     0  basic.o(x$fpl$basic)
    _fneg                                    0x000031db   Thumb Code     6  basic.o(x$fpl$basic)
    _dabs                                    0x000031e1   Thumb Code     6  basic.o(x$fpl$basic)
    _fabs                                    0x000031e7   Thumb Code     6  basic.o(x$fpl$basic)
    __aeabi_dadd                             0x000031ed   Thumb Code     0  daddsub_clz.o(x$fpl$dadd)
    _dadd                                    0x000031ed   Thumb Code   332  daddsub_clz.o(x$fpl$dadd)
    __fpl_dcheck_NaN1                        0x0000333d   Thumb Code    10  dcheck1.o(x$fpl$dcheck1)
    __fpl_dcmp_Inf                           0x0000334d   Thumb Code    24  dcmpi.o(x$fpl$dcmpinf)
    __aeabi_ddiv                             0x00003365   Thumb Code     0  ddiv.o(x$fpl$ddiv)
    _ddiv                                    0x00003365   Thumb Code   552  ddiv.o(x$fpl$ddiv)
    __aeabi_i2d                              0x00003615   Thumb Code     0  dflt_clz.o(x$fpl$dflt)
    _dflt                                    0x00003615   Thumb Code    46  dflt_clz.o(x$fpl$dflt)
    __aeabi_cdcmple                          0x00003645   Thumb Code     0  dleqf.o(x$fpl$dleqf)
    _dcmple                                  0x00003645   Thumb Code   120  dleqf.o(x$fpl$dleqf)
    __fpl_dcmple_InfNaN                      0x000036a7   Thumb Code     0  dleqf.o(x$fpl$dleqf)
    __aeabi_dmul                             0x000036bd   Thumb Code     0  dmul.o(x$fpl$dmul)
    _dmul                                    0x000036bd   Thumb Code   332  dmul.o(x$fpl$dmul)
    __fpl_dnaninf                            0x00003811   Thumb Code   156  dnaninf.o(x$fpl$dnaninf)
    __fpl_dretinf                            0x000038ad   Thumb Code    12  dretinf.o(x$fpl$dretinf)
    __aeabi_cdrcmple                         0x000038b9   Thumb Code     0  drleqf.o(x$fpl$drleqf)
    _drcmple                                 0x000038b9   Thumb Code   108  drleqf.o(x$fpl$drleqf)
    __aeabi_drsub                            0x00003925   Thumb Code     0  daddsub_clz.o(x$fpl$drsb)
    _drsb                                    0x00003925   Thumb Code    22  daddsub_clz.o(x$fpl$drsb)
    _dsqrt                                   0x0000393d   Thumb Code   404  dsqrt_umaal.o(x$fpl$dsqrt)
    __aeabi_dsub                             0x00003ad5   Thumb Code     0  daddsub_clz.o(x$fpl$dsub)
    _dsub                                    0x00003ad5   Thumb Code   464  daddsub_clz.o(x$fpl$dsub)
    _fp_init                                 0x00003ca9   Thumb Code    10  fpinit.o(x$fpl$fpinit)
    __fplib_config_fpu_vfp                   0x00003cb1   Thumb Code     0  fpinit.o(x$fpl$fpinit)
    __fplib_config_pureend_doubles           0x00003cb1   Thumb Code     0  fpinit.o(x$fpl$fpinit)
    __fpl_return_NaN                         0x00003cb3   Thumb Code   100  retnan.o(x$fpl$retnan)
    __ARM_scalbn                             0x00003d17   Thumb Code    92  scalbn.o(x$fpl$scalbn)
    __fpl_cmpreturn                          0x00003d73   Thumb Code    48  trapv.o(x$fpl$trapveneer)
    __I$use$fp                               0x00003da2   Number         0  usenofp.o(x$fpl$usenofp)
    os_thread_def_Thread_A                   0x00003da4   Data          16  lab5.o(.constdata)
    os_thread_def_Thread_B                   0x00003db4   Data          16  lab5.o(.constdata)
    os_thread_def_Thread_C                   0x00003dc4   Data          16  lab5.o(.constdata)
    os_thread_def_Thread_D                   0x00003dd4   Data          16  lab5.o(.constdata)
    os_thread_def_Thread_E                   0x00003de4   Data          16  lab5.o(.constdata)
    os_thread_def_Thread_F                   0x00003df4   Data          16  lab5.o(.constdata)
    os_timer_def_timer                       0x00003e04   Data           8  lab5.o(.constdata)
    os_mutex_def_mutex_running_thread        0x00003e0c   Data           4  lab5.o(.constdata)
    os_maxtaskrun                            0x00003e10   Data           2  rtx_conf_cm.o(.constdata)
    os_stackinfo                             0x00003e14   Data           4  rtx_conf_cm.o(.constdata)
    os_rrobin                                0x00003e18   Data           4  rtx_conf_cm.o(.constdata)
    os_tickfreq                              0x00003e1c   Data           4  rtx_conf_cm.o(.constdata)
    os_tickus_i                              0x00003e20   Data           2  rtx_conf_cm.o(.constdata)
    os_tickus_f                              0x00003e22   Data           2  rtx_conf_cm.o(.constdata)
    os_trv                                   0x00003e24   Data           4  rtx_conf_cm.o(.constdata)
    os_flags                                 0x00003e28   Data           1  rtx_conf_cm.o(.constdata)
    CMSIS_RTOS_API_Version                   0x00003e2c   Data           4  rtx_conf_cm.o(.constdata)
    CMSIS_RTOS_RTX_Version                   0x00003e30   Data           4  rtx_conf_cm.o(.constdata)
    os_clockrate                             0x00003e34   Data           4  rtx_conf_cm.o(.constdata)
    os_timernum                              0x00003e38   Data           4  rtx_conf_cm.o(.constdata)
    mp_tcb_size                              0x00003e3c   Data           2  rtx_conf_cm.o(.constdata)
    mp_stk_size                              0x00003e40   Data           4  rtx_conf_cm.o(.constdata)
    os_stack_sz                              0x00003e44   Data           4  rtx_conf_cm.o(.constdata)
    os_fifo_size                             0x00003e48   Data           1  rtx_conf_cm.o(.constdata)
    os_thread_def_osTimerThread              0x00003e4c   Data          16  rtx_conf_cm.o(.constdata)
    os_messageQ_def_osTimerMessageQ          0x00003e5c   Data           8  rtx_conf_cm.o(.constdata)
    mp_tmr_size                              0x00003e64   Data           2  rtx_conf_cm.o(.constdata)
    os_thread_def_main                       0x00003e68   Data          16  rtx_conf_cm.o(.constdata)
    __mathlib_zero                           0x00003f00   Data           8  qnan.o(.constdata)
    Region$$Table$$Base                      0x00003f08   Number         0  anon$$obj.o(Region$$Table)
    Region$$Table$$Limit                     0x00003f28   Number         0  anon$$obj.o(Region$$Table)
    Thread_A_id                              0x20000000   Data           4  lab5.o(.data)
    Thread_B_id                              0x20000004   Data           4  lab5.o(.data)
    Thread_C_id                              0x20000008   Data           4  lab5.o(.data)
    Thread_D_id                              0x2000000c   Data           4  lab5.o(.data)
    Thread_E_id                              0x20000010   Data           4  lab5.o(.data)
    Thread_F_id                              0x20000014   Data           4  lab5.o(.data)
    Dispatcher_id                            0x20000018   Data           4  lab5.o(.data)
    timer_id                                 0x2000001c   Data           4  lab5.o(.data)
    mutex_running_thread_id                  0x20000020   Data           4  lab5.o(.data)
    osThreadId_osTimerThread                 0x20000024   Data           4  rtx_conf_cm.o(.data)
    osMessageQId_osTimerMessageQ             0x20000028   Data           4  rtx_conf_cm.o(.data)
    os_tmr                                   0x2000002c   Data           4  rtx_conf_cm.o(.data)
    m_tmr                                    0x20000030   Data           4  rtx_conf_cm.o(.data)
    SystemCoreClock                          0x20000038   Data           4  system_tm4c129.o(.data)
    os_initialized                           0x2000003c   Data           1  rt_cmsis.o(.data)
    os_running                               0x2000003d   Data           1  rt_cmsis.o(.data)
    os_timer_head                            0x20000040   Data           4  rt_cmsis.o(.data)
    os_tsk                                   0x20000044   Data           8  rt_task.o(.data)
    os_tick_irqn                             0x20000050   Data           4  rt_system.o(.data)
    os_time                                  0x20000054   Data           4  rt_time.o(.data)
    os_robin                                 0x20000058   Data           8  rt_robin.o(.data)
    dbg_msg                                  0x20000060   Data           1  hal_cm.o(.data)
    sContext                                 0x20000064   Data          44  lab5.o(.bss)
    os_timer_cb_timer                        0x20000090   Data          24  lab5.o(.bss)
    os_mutex_cb_mutex_running_thread         0x200000a8   Data          16  lab5.o(.bss)
    mp_tcb                                   0x200000b8   Data         480  rtx_conf_cm.o(.bss)
    mp_stk                                   0x20000298   Data        6416  rtx_conf_cm.o(.bss)
    os_stack_mem                             0x20001ba8   Data        1032  rtx_conf_cm.o(.bss)
    os_fifo                                  0x20001fb0   Data         132  rtx_conf_cm.o(.bss)
    os_active_TCB                            0x20002034   Data          36  rtx_conf_cm.o(.bss)
    os_messageQ_q_osTimerMessageQ            0x20002058   Data          32  rtx_conf_cm.o(.bss)
    os_idle_TCB                              0x20002458   Data          52  rt_task.o(.bss)
    os_rdy                                   0x2000248c   Data          24  rt_list.o(.bss)
    os_dly                                   0x200024a4   Data          24  rt_list.o(.bss)
    __libspace_start                         0x200024bc   Data          96  libspace.o(.bss)
    __temporary_stack_top$libspace           0x2000251c   Data           0  libspace.o(.bss)



==============================================================================

Memory Map of the image

  Image Entry point : 0x00000201

  Load Region LR_IROM1 (Base: 0x00000000, Size: 0x00003f8c, Max: 0x00100000, ABSOLUTE)

    Execution Region ER_IROM1 (Exec base: 0x00000000, Load base: 0x00000000, Size: 0x00003f28, Max: 0x00100000, ABSOLUTE)

    Exec Addr    Load Addr    Size         Type   Attr      Idx    E Section Name        Object

    0x00000000   0x00000000   0x00000200   Data   RO          289    RESET               startup_tm4c129.o
    0x00000200   0x00000200   0x00000008   Code   RO         2054  * !!!main             c_w.l(__main.o)
    0x00000208   0x00000208   0x00000034   Code   RO         2326    !!!scatter          c_w.l(__scatter.o)
    0x0000023c   0x0000023c   0x0000001a   Code   RO         2328    !!handler_copy      c_w.l(__scatter_copy.o)
    0x00000256   0x00000256   0x00000002   PAD
    0x00000258   0x00000258   0x0000001c   Code   RO         2330    !!handler_zi        c_w.l(__scatter_zi.o)
    0x00000274   0x00000274   0x00000002   Code   RO         2206    .ARM.Collect$$libinit$$00000000  c_w.l(libinit.o)
    0x00000276   0x00000276   0x00000004   Code   RO         2221    .ARM.Collect$$libinit$$00000001  c_w.l(libinit2.o)
    0x0000027a   0x0000027a   0x00000000   Code   RO         2224    .ARM.Collect$$libinit$$00000004  c_w.l(libinit2.o)
    0x0000027a   0x0000027a   0x00000000   Code   RO         2227    .ARM.Collect$$libinit$$0000000A  c_w.l(libinit2.o)
    0x0000027a   0x0000027a   0x00000000   Code   RO         2229    .ARM.Collect$$libinit$$0000000C  c_w.l(libinit2.o)
    0x0000027a   0x0000027a   0x00000000   Code   RO         2231    .ARM.Collect$$libinit$$0000000E  c_w.l(libinit2.o)
    0x0000027a   0x0000027a   0x00000000   Code   RO         2234    .ARM.Collect$$libinit$$00000011  c_w.l(libinit2.o)
    0x0000027a   0x0000027a   0x00000000   Code   RO         2236    .ARM.Collect$$libinit$$00000013  c_w.l(libinit2.o)
    0x0000027a   0x0000027a   0x00000000   Code   RO         2238    .ARM.Collect$$libinit$$00000015  c_w.l(libinit2.o)
    0x0000027a   0x0000027a   0x00000000   Code   RO         2240    .ARM.Collect$$libinit$$00000017  c_w.l(libinit2.o)
    0x0000027a   0x0000027a   0x00000000   Code   RO         2242    .ARM.Collect$$libinit$$00000019  c_w.l(libinit2.o)
    0x0000027a   0x0000027a   0x00000000   Code   RO         2244    .ARM.Collect$$libinit$$0000001B  c_w.l(libinit2.o)
    0x0000027a   0x0000027a   0x00000000   Code   RO         2246    .ARM.Collect$$libinit$$0000001D  c_w.l(libinit2.o)
    0x0000027a   0x0000027a   0x00000000   Code   RO         2248    .ARM.Collect$$libinit$$0000001F  c_w.l(libinit2.o)
    0x0000027a   0x0000027a   0x00000000   Code   RO         2250    .ARM.Collect$$libinit$$00000021  c_w.l(libinit2.o)
    0x0000027a   0x0000027a   0x00000000   Code   RO         2252    .ARM.Collect$$libinit$$00000023  c_w.l(libinit2.o)
    0x0000027a   0x0000027a   0x00000000   Code   RO         2254    .ARM.Collect$$libinit$$00000025  c_w.l(libinit2.o)
    0x0000027a   0x0000027a   0x00000000   Code   RO         2258    .ARM.Collect$$libinit$$0000002C  c_w.l(libinit2.o)
    0x0000027a   0x0000027a   0x00000000   Code   RO         2260    .ARM.Collect$$libinit$$0000002E  c_w.l(libinit2.o)
    0x0000027a   0x0000027a   0x00000000   Code   RO         2262    .ARM.Collect$$libinit$$00000030  c_w.l(libinit2.o)
    0x0000027a   0x0000027a   0x00000000   Code   RO         2264    .ARM.Collect$$libinit$$00000032  c_w.l(libinit2.o)
    0x0000027a   0x0000027a   0x00000002   Code   RO         2265    .ARM.Collect$$libinit$$00000033  c_w.l(libinit2.o)
    0x0000027c   0x0000027c   0x00000002   Code   RO         2207    .ARM.Collect$$libshutdown$$00000000  c_w.l(libshutdown.o)
    0x0000027e   0x0000027e   0x00000000   Code   RO         2267    .ARM.Collect$$libshutdown$$00000002  c_w.l(libshutdown2.o)
    0x0000027e   0x0000027e   0x00000000   Code   RO         2269    .ARM.Collect$$libshutdown$$00000004  c_w.l(libshutdown2.o)
    0x0000027e   0x0000027e   0x00000000   Code   RO         2272    .ARM.Collect$$libshutdown$$00000007  c_w.l(libshutdown2.o)
    0x0000027e   0x0000027e   0x00000000   Code   RO         2275    .ARM.Collect$$libshutdown$$0000000A  c_w.l(libshutdown2.o)
    0x0000027e   0x0000027e   0x00000000   Code   RO         2277    .ARM.Collect$$libshutdown$$0000000C  c_w.l(libshutdown2.o)
    0x0000027e   0x0000027e   0x00000000   Code   RO         2280    .ARM.Collect$$libshutdown$$0000000F  c_w.l(libshutdown2.o)
    0x0000027e   0x0000027e   0x00000002   Code   RO         2281    .ARM.Collect$$libshutdown$$00000010  c_w.l(libshutdown2.o)
    0x00000280   0x00000280   0x00000000   Code   RO         2094    .ARM.Collect$$rtentry$$00000000  c_w.l(__rtentry.o)
    0x00000280   0x00000280   0x00000000   Code   RO         2156    .ARM.Collect$$rtentry$$00000002  c_w.l(__rtentry2.o)
    0x00000280   0x00000280   0x00000006   Code   RO         2168    .ARM.Collect$$rtentry$$00000004  c_w.l(__rtentry4.o)
    0x00000286   0x00000286   0x00000000   Code   RO         2158    .ARM.Collect$$rtentry$$00000009  c_w.l(__rtentry2.o)
    0x00000286   0x00000286   0x00000004   Code   RO         2159    .ARM.Collect$$rtentry$$0000000A  c_w.l(__rtentry2.o)
    0x0000028a   0x0000028a   0x00000008   Code   RO         2160    .ARM.Collect$$rtentry$$0000000B  c_w.l(__rtentry2.o)
    0x00000292   0x00000292   0x00000008   Code   RO         2162    .ARM.Collect$$rtentry$$0000000D  c_w.l(__rtentry2.o)
    0x0000029a   0x0000029a   0x00000002   Code   RO         2095    .ARM.Collect$$rtexit$$00000000  c_w.l(rtexit.o)
    0x0000029c   0x0000029c   0x00000000   Code   RO         2171    .ARM.Collect$$rtexit$$00000002  c_w.l(rtexit2.o)
    0x0000029c   0x0000029c   0x00000004   Code   RO         2172    .ARM.Collect$$rtexit$$00000003  c_w.l(rtexit2.o)
    0x000002a0   0x000002a0   0x00000006   Code   RO         2173    .ARM.Collect$$rtexit$$00000004  c_w.l(rtexit2.o)
    0x000002a6   0x000002a6   0x00000002   PAD
    0x000002a8   0x000002a8   0x0000001c   Code   RO          259    .emb_text           rtx_conf_cm.o
    0x000002c4   0x000002c4   0x00000198   Code   RO         2022    .emb_text           RTX_CM4.lib(hal_cm4.o)
    0x0000045c   0x0000045c   0x0000046c   Code   RO          164    .text               lab5.o
    0x000008c8   0x000008c8   0x0000005a   Code   RO          201    .text               queue.o
    0x00000922   0x00000922   0x00000002   PAD
    0x00000924   0x00000924   0x000000ac   Code   RO          260    .text               rtx_conf_cm.o
    0x000009d0   0x000009d0   0x00000130   Code   RO          290    .text               startup_tm4c129.o
    0x00000b00   0x00000b00   0x00000028   Code   RO          297    .text               system_tm4c129.o
    0x00000b28   0x00000b28   0x00000008   Code   RO         2037    .text               c_w.l(libspace.o)
    0x00000b30   0x00000b30   0x000000ee   Code   RO         2040    .text               c_w.l(lludivv7m.o)
    0x00000c1e   0x00000c1e   0x00000012   Code   RO         2044    .text               c_w.l(exit.o)
    0x00000c30   0x00000c30   0x00000006   Code   RO         2052    .text               c_w.l(heapauxi.o)
    0x00000c36   0x00000c36   0x00000016   Code   RO         2101    .text               c_w.l(_rserrno.o)
    0x00000c4c   0x00000c4c   0x00000004   Code   RO         2184    .text               c_w.l(rt_errno_addr_twolibspace.o)
    0x00000c50   0x00000c50   0x0000000c   Code   RO         2192    .text               c_w.l(sys_exit.o)
    0x00000c5c   0x00000c5c   0x0000004a   Code   RO         2194    .text               c_w.l(sys_stackheap_outer.o)
    0x00000ca6   0x00000ca6   0x00000002   Code   RO         2212    .text               c_w.l(use_no_semi.o)
    0x00000ca8   0x00000ca8   0x00000000   Code   RO         2214    .text               c_w.l(indicate_semi.o)
    0x00000ca8   0x00000ca8   0x00000004   Code   RO         2032    SVC_TABLE           RTX_CM4.lib(svc_table.o)
    0x00000cac   0x00000cac   0x00000030   Code   RO         2138    i.__ARM_fpclassify  m_wm.l(fpclassify.o)
    0x00000cdc   0x00000cdc   0x00000004   PAD
    0x00000ce0   0x00000ce0   0x00000c50   Code   RO         2080    i.__hardfp_pow      m_wm.l(pow.o)
    0x00001930   0x00001930   0x000000f8   Code   RO         2140    i.__kernel_poly     m_wm.l(poly.o)
    0x00001a28   0x00001a28   0x00000030   Code   RO         2118    i.__mathlib_dbl_divzero  m_wm.l(dunder.o)
    0x00001a58   0x00001a58   0x00000014   Code   RO         2120    i.__mathlib_dbl_infnan2  m_wm.l(dunder.o)
    0x00001a6c   0x00001a6c   0x00000004   PAD
    0x00001a70   0x00001a70   0x00000020   Code   RO         2121    i.__mathlib_dbl_invalid  m_wm.l(dunder.o)
    0x00001a90   0x00001a90   0x00000020   Code   RO         2122    i.__mathlib_dbl_overflow  m_wm.l(dunder.o)
    0x00001ab0   0x00001ab0   0x00000020   Code   RO         2124    i.__mathlib_dbl_underflow  m_wm.l(dunder.o)
    0x00001ad0   0x00001ad0   0x00000046   Code   RO         1916    i._init_box         RTX_CM4.lib(rt_membox.o)
    0x00001b16   0x00001b16   0x00000002   PAD
    0x00001b18   0x00001b18   0x00000030   Code   RO         1969    i.dbg_init          RTX_CM4.lib(hal_cm.o)
    0x00001b48   0x00001b48   0x00000020   Code   RO         1970    i.dbg_task_notify   RTX_CM4.lib(hal_cm.o)
    0x00001b68   0x00001b68   0x00000010   Code   RO         1971    i.dbg_task_switch   RTX_CM4.lib(hal_cm.o)
    0x00001b78   0x00001b78   0x00000018   Code   RO         2134    i.fabs              m_wm.l(fabs.o)
    0x00001b90   0x00001b90   0x0000002a   Code   RO          705    i.isrMessageGet     RTX_CM4.lib(rt_cmsis.o)
    0x00001bba   0x00001bba   0x0000002c   Code   RO          706    i.isrMessagePut     RTX_CM4.lib(rt_cmsis.o)
    0x00001be6   0x00001be6   0x00000024   Code   RO          708    i.isrSignalSet      RTX_CM4.lib(rt_cmsis.o)
    0x00001c0a   0x00001c0a   0x00000002   PAD
    0x00001c0c   0x00001c0c   0x00000028   Code   RO         1653    i.isr_evt_set       RTX_CM4.lib(rt_event.o)
    0x00001c34   0x00001c34   0x00000056   Code   RO         1771    i.isr_mbx_receive   RTX_CM4.lib(rt_mailbox.o)
    0x00001c8a   0x00001c8a   0x0000000e   Code   RO         1772    i.isr_mbx_send      RTX_CM4.lib(rt_mailbox.o)
    0x00001c98   0x00001c98   0x00000024   Code   RO          710    i.osKernelInitialize  RTX_CM4.lib(rt_cmsis.o)
    0x00001cbc   0x00001cbc   0x0000006c   Code   RO          712    i.osKernelStart     RTX_CM4.lib(rt_cmsis.o)
    0x00001d28   0x00001d28   0x00000018   Code   RO          721    i.osMessageGet      RTX_CM4.lib(rt_cmsis.o)
    0x00001d40   0x00001d40   0x0000002c   Code   RO          723    i.osMutexCreate     RTX_CM4.lib(rt_cmsis.o)
    0x00001d6c   0x00001d6c   0x00000018   Code   RO          725    i.osMutexRelease    RTX_CM4.lib(rt_cmsis.o)
    0x00001d84   0x00001d84   0x00000018   Code   RO          726    i.osMutexWait       RTX_CM4.lib(rt_cmsis.o)
    0x00001d9c   0x00001d9c   0x00000018   Code   RO          736    i.osSignalSet       RTX_CM4.lib(rt_cmsis.o)
    0x00001db4   0x00001db4   0x00000018   Code   RO          737    i.osSignalWait      RTX_CM4.lib(rt_cmsis.o)
    0x00001dcc   0x00001dcc   0x0000002c   Code   RO          738    i.osThreadCreate    RTX_CM4.lib(rt_cmsis.o)
    0x00001df8   0x00001df8   0x00000018   Code   RO          739    i.osThreadExit      RTX_CM4.lib(rt_cmsis.o)
    0x00001e10   0x00001e10   0x00000018   Code   RO          740    i.osThreadGetId     RTX_CM4.lib(rt_cmsis.o)
    0x00001e28   0x00001e28   0x0000000c   Code   RO          745    i.osTimerCall       RTX_CM4.lib(rt_cmsis.o)
    0x00001e34   0x00001e34   0x0000002c   Code   RO          746    i.osTimerCreate     RTX_CM4.lib(rt_cmsis.o)
    0x00001e60   0x00001e60   0x00000018   Code   RO          748    i.osTimerStart      RTX_CM4.lib(rt_cmsis.o)
    0x00001e78   0x00001e78   0x0000002c   Code   RO          750    i.osTimerThread     RTX_CM4.lib(rt_cmsis.o)
    0x00001ea4   0x00001ea4   0x00000028   Code   RO         1563    i.os_tick_init      RTX_CM4.lib(rt_system.o)
    0x00001ecc   0x00001ecc   0x00000002   Code   RO         1564    i.os_tick_irqack    RTX_CM4.lib(rt_system.o)
    0x00001ece   0x00001ece   0x0000001a   Code   RO         1917    i.rt_alloc_box      RTX_CM4.lib(rt_membox.o)
    0x00001ee8   0x00001ee8   0x0000003e   Code   RO         1945    i.rt_alloc_mem      RTX_CM4.lib(rt_memory.o)
    0x00001f26   0x00001f26   0x00000002   PAD
    0x00001f28   0x00001f28   0x00000038   Code   RO         1324    i.rt_block          RTX_CM4.lib(rt_task.o)
    0x00001f60   0x00001f60   0x00000048   Code   RO         1894    i.rt_chk_robin      RTX_CM4.lib(rt_robin.o)
    0x00001fa8   0x00001fa8   0x00000070   Code   RO         1695    i.rt_dec_dly        RTX_CM4.lib(rt_list.o)
    0x00002018   0x00002018   0x00000044   Code   RO         1325    i.rt_dispatch       RTX_CM4.lib(rt_task.o)
    0x0000205c   0x0000205c   0x00000050   Code   RO         1656    i.rt_evt_psh        RTX_CM4.lib(rt_event.o)
    0x000020ac   0x000020ac   0x0000005c   Code   RO         1657    i.rt_evt_set        RTX_CM4.lib(rt_event.o)
    0x00002108   0x00002108   0x0000003c   Code   RO         1658    i.rt_evt_wait       RTX_CM4.lib(rt_event.o)
    0x00002144   0x00002144   0x0000002c   Code   RO         1918    i.rt_free_box       RTX_CM4.lib(rt_membox.o)
    0x00002170   0x00002170   0x00000028   Code   RO         1946    i.rt_free_mem       RTX_CM4.lib(rt_memory.o)
    0x00002198   0x00002198   0x00000028   Code   RO         1696    i.rt_get_first      RTX_CM4.lib(rt_list.o)
    0x000021c0   0x000021c0   0x00000008   Code   RO          755    i.rt_id2obj         RTX_CM4.lib(rt_cmsis.o)
    0x000021c8   0x000021c8   0x00000048   Code   RO         1326    i.rt_init_context   RTX_CM4.lib(rt_task.o)
    0x00002210   0x00002210   0x0000001a   Code   RO         1947    i.rt_init_mem       RTX_CM4.lib(rt_memory.o)
    0x0000222a   0x0000222a   0x00000002   PAD
    0x0000222c   0x0000222c   0x00000018   Code   RO         1895    i.rt_init_robin     RTX_CM4.lib(rt_robin.o)
    0x00002244   0x00002244   0x00000080   Code   RO         1972    i.rt_init_stack     RTX_CM4.lib(hal_cm.o)
    0x000022c4   0x000022c4   0x00000008   Code   RO         1773    i.rt_mbx_check      RTX_CM4.lib(rt_mailbox.o)
    0x000022cc   0x000022cc   0x0000001a   Code   RO         1774    i.rt_mbx_init       RTX_CM4.lib(rt_mailbox.o)
    0x000022e6   0x000022e6   0x00000002   PAD
    0x000022e8   0x000022e8   0x000000f0   Code   RO         1775    i.rt_mbx_psh        RTX_CM4.lib(rt_mailbox.o)
    0x000023d8   0x000023d8   0x000000b4   Code   RO         1777    i.rt_mbx_wait       RTX_CM4.lib(rt_mailbox.o)
    0x0000248c   0x0000248c   0x00000044   Code   RO          756    i.rt_ms2tick        RTX_CM4.lib(rt_cmsis.o)
    0x000024d0   0x000024d0   0x00000010   Code   RO         1409    i.rt_mut_init       RTX_CM4.lib(rt_mutex.o)
    0x000024e0   0x000024e0   0x000000d8   Code   RO         1410    i.rt_mut_release    RTX_CM4.lib(rt_mutex.o)
    0x000025b8   0x000025b8   0x00000078   Code   RO         1411    i.rt_mut_wait       RTX_CM4.lib(rt_mutex.o)
    0x00002630   0x00002630   0x0000007c   Code   RO         1567    i.rt_pop_req        RTX_CM4.lib(rt_system.o)
    0x000026ac   0x000026ac   0x00000020   Code   RO         1568    i.rt_psh_req        RTX_CM4.lib(rt_system.o)
    0x000026cc   0x000026cc   0x0000005c   Code   RO         1698    i.rt_psq_enq        RTX_CM4.lib(rt_list.o)
    0x00002728   0x00002728   0x00000048   Code   RO         1699    i.rt_put_dly        RTX_CM4.lib(rt_list.o)
    0x00002770   0x00002770   0x00000036   Code   RO         1700    i.rt_put_prio       RTX_CM4.lib(rt_list.o)
    0x000027a6   0x000027a6   0x00000002   PAD
    0x000027a8   0x000027a8   0x00000014   Code   RO         1701    i.rt_put_rdy_first  RTX_CM4.lib(rt_list.o)
    0x000027bc   0x000027bc   0x00000034   Code   RO         1702    i.rt_resort_prio    RTX_CM4.lib(rt_list.o)
    0x000027f0   0x000027f0   0x00000010   Code   RO         1973    i.rt_ret_regs       RTX_CM4.lib(hal_cm.o)
    0x00002800   0x00002800   0x0000000c   Code   RO         1974    i.rt_ret_val        RTX_CM4.lib(hal_cm.o)
    0x0000280c   0x0000280c   0x00000010   Code   RO         1975    i.rt_ret_val2       RTX_CM4.lib(hal_cm.o)
    0x0000281c   0x0000281c   0x00000028   Code   RO         1703    i.rt_rmv_dly        RTX_CM4.lib(rt_list.o)
    0x00002844   0x00002844   0x00000030   Code   RO         1704    i.rt_rmv_list       RTX_CM4.lib(rt_list.o)
    0x00002874   0x00002874   0x00000034   Code   RO         1822    i.rt_sem_psh        RTX_CM4.lib(rt_semaphore.o)
    0x000028a8   0x000028a8   0x00000024   Code   RO         1570    i.rt_stk_check      RTX_CM4.lib(rt_system.o)
    0x000028cc   0x000028cc   0x00000028   Code   RO         1327    i.rt_switch_req     RTX_CM4.lib(rt_task.o)
    0x000028f4   0x000028f4   0x000000cc   Code   RO         1328    i.rt_sys_init       RTX_CM4.lib(rt_task.o)
    0x000029c0   0x000029c0   0x00000078   Code   RO         1329    i.rt_sys_start      RTX_CM4.lib(rt_task.o)
    0x00002a38   0x00002a38   0x00000040   Code   RO         1572    i.rt_systick        RTX_CM4.lib(rt_system.o)
    0x00002a78   0x00002a78   0x00000012   Code   RO          757    i.rt_tid2ptcb       RTX_CM4.lib(rt_cmsis.o)
    0x00002a8a   0x00002a8a   0x00000002   PAD
    0x00002a8c   0x00002a8c   0x00000034   Code   RO          758    i.rt_timer_insert   RTX_CM4.lib(rt_cmsis.o)
    0x00002ac0   0x00002ac0   0x0000003c   Code   RO          759    i.rt_timer_remove   RTX_CM4.lib(rt_cmsis.o)
    0x00002afc   0x00002afc   0x00000088   Code   RO         1330    i.rt_tsk_create     RTX_CM4.lib(rt_task.o)
    0x00002b84   0x00002b84   0x0000017c   Code   RO         1331    i.rt_tsk_delete     RTX_CM4.lib(rt_task.o)
    0x00002d00   0x00002d00   0x0000007c   Code   RO         1333    i.rt_tsk_prio       RTX_CM4.lib(rt_task.o)
    0x00002d7c   0x00002d7c   0x00000010   Code   RO         1334    i.rt_tsk_self       RTX_CM4.lib(rt_task.o)
    0x00002d8c   0x00002d8c   0x0000006e   Code   RO         2145    i.sqrt              m_wm.l(sqrt.o)
    0x00002dfa   0x00002dfa   0x00000002   PAD
    0x00002dfc   0x00002dfc   0x00000070   Code   RO          761    i.svcKernelInitialize  RTX_CM4.lib(rt_cmsis.o)
    0x00002e6c   0x00002e6c   0x00000048   Code   RO          763    i.svcKernelStart    RTX_CM4.lib(rt_cmsis.o)
    0x00002eb4   0x00002eb4   0x00000024   Code   RO          766    i.svcMessageCreate  RTX_CM4.lib(rt_cmsis.o)
    0x00002ed8   0x00002ed8   0x0000003a   Code   RO          767    i.svcMessageGet     RTX_CM4.lib(rt_cmsis.o)
    0x00002f12   0x00002f12   0x0000001c   Code   RO          769    i.svcMutexCreate    RTX_CM4.lib(rt_cmsis.o)
    0x00002f2e   0x00002f2e   0x00000022   Code   RO          771    i.svcMutexRelease   RTX_CM4.lib(rt_cmsis.o)
    0x00002f50   0x00002f50   0x0000003a   Code   RO          772    i.svcMutexWait      RTX_CM4.lib(rt_cmsis.o)
    0x00002f8a   0x00002f8a   0x00000024   Code   RO          779    i.svcSignalSet      RTX_CM4.lib(rt_cmsis.o)
    0x00002fae   0x00002fae   0x00000002   PAD
    0x00002fb0   0x00002fb0   0x00000054   Code   RO          780    i.svcSignalWait     RTX_CM4.lib(rt_cmsis.o)
    0x00003004   0x00003004   0x0000006c   Code   RO          781    i.svcThreadCreate   RTX_CM4.lib(rt_cmsis.o)
    0x00003070   0x00003070   0x0000001c   Code   RO          782    i.svcThreadGetId    RTX_CM4.lib(rt_cmsis.o)
    0x0000308c   0x0000308c   0x00000038   Code   RO          785    i.svcThreadTerminate  RTX_CM4.lib(rt_cmsis.o)
    0x000030c4   0x000030c4   0x00000018   Code   RO          787    i.svcTimerCall      RTX_CM4.lib(rt_cmsis.o)
    0x000030dc   0x000030dc   0x00000038   Code   RO          788    i.svcTimerCreate    RTX_CM4.lib(rt_cmsis.o)
    0x00003114   0x00003114   0x00000064   Code   RO          790    i.svcTimerStart     RTX_CM4.lib(rt_cmsis.o)
    0x00003178   0x00003178   0x0000005c   Code   RO          796    i.sysTimerTick      RTX_CM4.lib(rt_cmsis.o)
    0x000031d4   0x000031d4   0x00000018   Code   RO         2103    x$fpl$basic         fz_wm.l(basic.o)
    0x000031ec   0x000031ec   0x00000150   Code   RO         2058    x$fpl$dadd          fz_wm.l(daddsub_clz.o)
    0x0000333c   0x0000333c   0x00000010   Code   RO         2186    x$fpl$dcheck1       fz_wm.l(dcheck1.o)
    0x0000334c   0x0000334c   0x00000018   Code   RO         2208    x$fpl$dcmpinf       fz_wm.l(dcmpi.o)
    0x00003364   0x00003364   0x000002b0   Code   RO         2065    x$fpl$ddiv          fz_wm.l(ddiv.o)
    0x00003614   0x00003614   0x0000002e   Code   RO         2069    x$fpl$dflt          fz_wm.l(dflt_clz.o)
    0x00003642   0x00003642   0x00000002   PAD
    0x00003644   0x00003644   0x00000078   Code   RO         2188    x$fpl$dleqf         fz_wm.l(dleqf.o)
    0x000036bc   0x000036bc   0x00000154   Code   RO         2074    x$fpl$dmul          fz_wm.l(dmul.o)
    0x00003810   0x00003810   0x0000009c   Code   RO         2105    x$fpl$dnaninf       fz_wm.l(dnaninf.o)
    0x000038ac   0x000038ac   0x0000000c   Code   RO         2107    x$fpl$dretinf       fz_wm.l(dretinf.o)
    0x000038b8   0x000038b8   0x0000006c   Code   RO         2109    x$fpl$drleqf        fz_wm.l(drleqf.o)
    0x00003924   0x00003924   0x00000016   Code   RO         2059    x$fpl$drsb          fz_wm.l(daddsub_clz.o)
    0x0000393a   0x0000393a   0x00000002   PAD
    0x0000393c   0x0000393c   0x00000198   Code   RO         2190    x$fpl$dsqrt         fz_wm.l(dsqrt_umaal.o)
    0x00003ad4   0x00003ad4   0x000001d4   Code   RO         2060    x$fpl$dsub          fz_wm.l(daddsub_clz.o)
    0x00003ca8   0x00003ca8   0x0000000a   Code   RO         2290    x$fpl$fpinit        fz_wm.l(fpinit.o)
    0x00003cb2   0x00003cb2   0x00000064   Code   RO         2210    x$fpl$retnan        fz_wm.l(retnan.o)
    0x00003d16   0x00003d16   0x0000005c   Code   RO         2115    x$fpl$scalbn        fz_wm.l(scalbn.o)
    0x00003d72   0x00003d72   0x00000030   Code   RO         2282    x$fpl$trapveneer    fz_wm.l(trapv.o)
    0x00003da2   0x00003da2   0x00000000   Code   RO         2117    x$fpl$usenofp       fz_wm.l(usenofp.o)
    0x00003da2   0x00003da2   0x00000002   PAD
    0x00003da4   0x00003da4   0x0000006c   Data   RO          166    .constdata          lab5.o
    0x00003e10   0x00003e10   0x00000068   Data   RO          262    .constdata          rtx_conf_cm.o
    0x00003e78   0x00003e78   0x00000088   Data   RO         2083    .constdata          m_wm.l(pow.o)
    0x00003f00   0x00003f00   0x00000008   Data   RO         2142    .constdata          m_wm.l(qnan.o)
    0x00003f08   0x00003f08   0x00000020   Data   RO         2324    Region$$Table       anon$$obj.o


    Execution Region RW_IRAM1 (Exec base: 0x20000000, Load base: 0x00003f28, Size: 0x0000b720, Max: 0x00040000, ABSOLUTE)

    Exec Addr    Load Addr    Size         Type   Attr      Idx    E Section Name        Object

    0x20000000   0x00003f28   0x00000024   Data   RW          167    .data               lab5.o
    0x20000024   0x00003f4c   0x00000014   Data   RW          263    .data               rtx_conf_cm.o
    0x20000038   0x00003f60   0x00000004   Data   RW          298    .data               system_tm4c129.o
    0x2000003c   0x00003f64   0x00000008   Data   RW          799    .data               RTX_CM4.lib(rt_cmsis.o)
    0x20000044   0x00003f6c   0x00000008   Data   RW         1336    .data               RTX_CM4.lib(rt_task.o)
    0x2000004c   0x00003f74   0x00000008   Data   RW         1575    .data               RTX_CM4.lib(rt_system.o)
    0x20000054   0x00003f7c   0x00000004   Data   RW         1865    .data               RTX_CM4.lib(rt_time.o)
    0x20000058   0x00003f80   0x00000008   Data   RW         1896    .data               RTX_CM4.lib(rt_robin.o)
    0x20000060   0x00003f88   0x00000001   Data   RW         1976    .data               RTX_CM4.lib(hal_cm.o)
    0x20000061   0x00003f89   0x00000003   PAD
    0x20000064        -       0x00000054   Zero   RW          165    .bss                lab5.o
    0x200000b8        -       0x000023a0   Zero   RW          261    .bss                rtx_conf_cm.o
    0x20002458        -       0x00000034   Zero   RW         1335    .bss                RTX_CM4.lib(rt_task.o)
    0x2000248c        -       0x00000030   Zero   RW         1705    .bss                RTX_CM4.lib(rt_list.o)
    0x200024bc        -       0x00000060   Zero   RW         2038    .bss                c_w.l(libspace.o)
    0x2000251c   0x00003f89   0x00000004   PAD
    0x20002520        -       0x00009000   Zero   RW          288    HEAP                startup_tm4c129.o
    0x2000b520        -       0x00000200   Zero   RW          287    STACK               startup_tm4c129.o


==============================================================================

Image component sizes


      Code (inc. data)   RO Data    RW Data    ZI Data      Debug   Object Name

      1132        118        108         36         84       5344   lab5.o
        90          0          0          0          0       1455   queue.o
       200         36        104         20       9120       9029   rtx_conf_cm.o
       304         26        512          0      37376       6048   startup_tm4c129.o
        40         12          0          4          0        917   system_tm4c129.o
         0          0          0          0          0      33674   uart_functions.o

    ----------------------------------------------------------------------
      1768        192        756         60      46580      56467   Object Totals
         0          0         32          0          0          0   (incl. Generated)
         2          0          0          0          0          0   (incl. Padding)

    ----------------------------------------------------------------------

      Code (inc. data)   RO Data    RW Data    ZI Data      Debug   Library Member Name

       268         24          0          1          0       4524   hal_cm.o
       408         34          0          0          0        824   hal_cm4.o
      1834        206          0          8          0      46521   rt_cmsis.o
       272         18          0          0          0       2842   rt_event.o
       530         34          0          0         48       8685   rt_list.o
       554         10          0          0          0       4237   rt_mailbox.o
       140          0          0          0          0       2069   rt_membox.o
       128          0          0          0          0       2451   rt_memory.o
       352         14          0          0          0       2249   rt_mutex.o
        96         22          0          8          0       1254   rt_robin.o
        52          4          0          0          0        621   rt_semaphore.o
       298         52          0          8          0       6511   rt_system.o
      1216        174          0          8         52      10129   rt_task.o
         0          0          0          4          0        214   rt_time.o
         4          4          0          0          0        208   svc_table.o
         8          0          0          0          0         68   __main.o
         0          0          0          0          0          0   __rtentry.o
        20          0          0          0          0          0   __rtentry2.o
         6          0          0          0          0          0   __rtentry4.o
        52          8          0          0          0          0   __scatter.o
        26          0          0          0          0          0   __scatter_copy.o
        28          0          0          0          0          0   __scatter_zi.o
        22          0          0          0          0        100   _rserrno.o
        18          0          0          0          0         80   exit.o
         6          0          0          0          0        152   heapauxi.o
         0          0          0          0          0          0   indicate_semi.o
         2          0          0          0          0          0   libinit.o
         6          0          0          0          0          0   libinit2.o
         2          0          0          0          0          0   libshutdown.o
         2          0          0          0          0          0   libshutdown2.o
         8          4          0          0         96         68   libspace.o
       238          0          0          0          0        100   lludivv7m.o
         4          0          0          0          0         68   rt_errno_addr_twolibspace.o
         2          0          0          0          0          0   rtexit.o
        10          0          0          0          0          0   rtexit2.o
        12          4          0          0          0         68   sys_exit.o
        74          0          0          0          0         80   sys_stackheap_outer.o
         2          0          0          0          0         68   use_no_semi.o
        24          0          0          0          0        164   basic.o
       826         16          0          0          0        492   daddsub_clz.o
        16          4          0          0          0        116   dcheck1.o
        24          0          0          0          0        116   dcmpi.o
       688        140          0          0          0        256   ddiv.o
        46          0          0          0          0        116   dflt_clz.o
       120          4          0          0          0        140   dleqf.o
       340         12          0          0          0        152   dmul.o
       156          4          0          0          0        140   dnaninf.o
        12          0          0          0          0        116   dretinf.o
       108          0          0          0          0        128   drleqf.o
       408         56          0          0          0        168   dsqrt_umaal.o
        10          0          0          0          0        116   fpinit.o
       100          0          0          0          0        116   retnan.o
        92          0          0          0          0        116   scalbn.o
        48          0          0          0          0        116   trapv.o
         0          0          0          0          0          0   usenofp.o
       164         44          0          0          0        620   dunder.o
        24          0          0          0          0        124   fabs.o
        48          0          0          0          0        124   fpclassify.o
       248          0          0          0          0        152   poly.o
      3152        296        136          0          0        352   pow.o
         0          0          8          0          0          0   qnan.o
       110          0          0          0          0        148   sqrt.o

    ----------------------------------------------------------------------
     13500       1188        144         40        200      98279   Library Totals
        36          0          0          3          4          0   (incl. Padding)

    ----------------------------------------------------------------------

      Code (inc. data)   RO Data    RW Data    ZI Data      Debug   Library Name

      6152        596          0         37        100      93339   RTX_CM4.lib
       548         16          0          0         96        852   c_w.l
      3018        236          0          0          0       2568   fz_wm.l
      3746        340        144          0          0       1520   m_wm.l

    ----------------------------------------------------------------------
     13500       1188        144         40        200      98279   Library Totals

    ----------------------------------------------------------------------

==============================================================================


      Code (inc. data)   RO Data    RW Data    ZI Data      Debug   

     15268       1380        900        100      46780     142434   Grand Totals
     15268       1380        900        100      46780     142434   ELF Image Totals
     15268       1380        900        100          0          0   ROM Totals

==============================================================================

    Total RO  Size (Code + RO Data)                16168 (  15.79kB)
    Total RW  Size (RW Data + ZI Data)             46880 (  45.78kB)
    Total ROM Size (Code + RO Data + RW Data)      16268 (  15.89kB)

==============================================================================

